<msgns:StreamOutput0_MsgObj xmlns:msgns="UnionInput.UnionInput_iep">
<LastName>Day</LastName>
<SInteger_max>1010101</SInteger_max>
<SInteger_min>1010101</SInteger_min>
<SInteger_avg>1010101</SInteger_avg>
<SInteger_sum>1010101</SInteger_sum>
<SInteger_count>1</SInteger_count>
</msgns:StreamOutput0_MsgObj>
<msgns:StreamOutput0_MsgObj xmlns:msgns="UnionInput.UnionInput_iep">
<LastName>Chang</LastName>
<SInteger_max>1010102</SInteger_max>
<SInteger_min>1010102</SInteger_min>
<SInteger_avg>1010102</SInteger_avg>
<SInteger_sum>1010102</SInteger_sum>
<SInteger_count>1</SInteger_count>
</msgns:StreamOutput0_MsgObj>
<msgns:StreamOutput0_MsgObj xmlns:msgns="UnionInput.UnionInput_iep">
<LastName>Kenobi</LastName>
<SInteger_max>1010103</SInteger_max>
<SInteger_min>1010103</SInteger_min>
<SInteger_avg>1010103</SInteger_avg>
<SInteger_sum>1010103</SInteger_sum>
<SInteger_count>1</SInteger_count>
</msgns:StreamOutput0_MsgObj>
<msgns:StreamOutput0_MsgObj xmlns:msgns="UnionInput.UnionInput_iep">
<LastName>Jonas</LastName>
<SInteger_max>1010115</SInteger_max>
<SInteger_min>1010115</SInteger_min>
<SInteger_avg>1010115</SInteger_avg>
<SInteger_sum>1010115</SInteger_sum>
<SInteger_count>1</SInteger_count>
</msgns:StreamOutput0_MsgObj>
<msgns:StreamOutput0_MsgObj xmlns:msgns="UnionInput.UnionInput_iep">
<LastName>Smith</LastName>
<SInteger_max>1010116</SInteger_max>
<SInteger_min>1010116</SInteger_min>
<SInteger_avg>1010116</SInteger_avg>
<SInteger_sum>1010116</SInteger_sum>
<SInteger_count>1</SInteger_count>
</msgns:StreamOutput0_MsgObj>
<msgns:StreamOutput0_MsgObj xmlns:msgns="UnionInput.UnionInput_iep">
<LastName>Day</LastName>
<SInteger_max>1010104</SInteger_max>
<SInteger_min>1010101</SInteger_min>
<SInteger_avg>1010102</SInteger_avg>
<SInteger_sum>2020205</SInteger_sum>
<SInteger_count>2</SInteger_count>
</msgns:StreamOutput0_MsgObj>
<msgns:StreamOutput0_MsgObj xmlns:msgns="UnionInput.UnionInput_iep">
<LastName>Day</LastName>
<SInteger_max>1010105</SInteger_max>
<SInteger_min>1010101</SInteger_min>
<SInteger_avg>1010103</SInteger_avg>
<SInteger_sum>3030310</SInteger_sum>
<SInteger_count>3</SInteger_count>
</msgns:StreamOutput0_MsgObj>
<msgns:StreamOutput0_MsgObj xmlns:msgns="UnionInput.UnionInput_iep">
<LastName>Kenobi</LastName>
<SInteger_max>1010110</SInteger_max>
<SInteger_min>1010103</SInteger_min>
<SInteger_avg>1010106</SInteger_avg>
<SInteger_sum>2020213</SInteger_sum>
<SInteger_count>2</SInteger_count>
</msgns:StreamOutput0_MsgObj>
<msgns:StreamOutput0_MsgObj xmlns:msgns="UnionInput.UnionInput_iep">
<LastName>Davies</LastName>
<SInteger_max>1010117</SInteger_max>
<SInteger_min>1010117</SInteger_min>
<SInteger_avg>1010117</SInteger_avg>
<SInteger_sum>1010117</SInteger_sum>
<SInteger_count>1</SInteger_count>
</msgns:StreamOutput0_MsgObj>
