CRASHPOINT : Not a valid crashpoint since no data has been persisted in the database at this point.
INSERT: StateDBOImpl[BPEL ID: {http://enterprise.netbeans.org/bpel/InOutTxBpel/InOutTx}InOutTx][ENGINE ID: DYNAMIC_ENGINE_ID]
INSERT: LastCheckPointDBOImpl[ACTIVITY ID: 2000004][OLD ACTIVITY ID: -1][TIMER VALUE: null][PICK COMPOSITE ACT ID: 0][BRANCH INVOKE COUNTER: 0]
INSERT: VariableDBOImpl[ID: 1000006]
INSERT: ScopeDBOImpl[Scope ID: -2][ScopeState: R][CompletionOrder: 0][FaultName: null][FaultActivity ID: 0][Compensate Id: 0]
======================================================================
CRASHPOINT : 1
INSERT: VariableDBOImpl[ID: 1000004]
INSERT: VariableDBOImpl[ID: 1000005]
INSERT: ScopeDBOImpl[Scope ID: 2000006][ScopeState: R][CompletionOrder: 0][FaultName: null][FaultActivity ID: 0][Compensate Id: 0]
UPDATE: LastCheckPointDBOImpl[ACTIVITY ID: 2000010][OLD ACTIVITY ID: 2000004][TIMER VALUE: null][PICK COMPOSITE ACT ID: 0][BRANCH INVOKE COUNTER: 1]
======================================================================
CRASHPOINT : 2
INSERT: VariableDBOImpl[ID: 1000003]
UPDATE: LastCheckPointDBOImpl[ACTIVITY ID: 2000012][OLD ACTIVITY ID: 2000010][TIMER VALUE: null][PICK COMPOSITE ACT ID: 0][BRANCH INVOKE COUNTER: 2]
UPDATE: ScopeDBOImpl[Scope ID: 2000006][ScopeState: C][CompletionOrder: 1][FaultName: null][FaultActivity ID: 0][Compensate Id: 0]
======================================================================
CRASHPOINT : 3
DELETE: StateDBOImpl[BPEL ID: {http://enterprise.netbeans.org/bpel/InOutTxBpel/InOutTx}InOutTx][ENGINE ID: DYNAMIC_ENGINE_ID]
======================================================================
