CRASHPOINT : Not a valid crashpoint since no data has been persisted in the database at this point.
INSERT: StateDBOImpl[BPEL ID: {http://enterprise.netbeans.org/bpel/MainBP}MainBP][ENGINE ID: DYNAMIC_ENGINE_ID]
INSERT: LastCheckPointDBOImpl[ACTIVITY ID: 2000001][OLD ACTIVITY ID: -1][TIMER VALUE: null][PICK COMPOSITE ACT ID: 0][BRANCH INVOKE COUNTER: 0]
INSERT: VariableDBOImpl[ID: 1000001]
INSERT: ScopeDBOImpl[Scope ID: -2][ScopeState: R][CompletionOrder: 0][FaultName: null][FaultActivity ID: 0][Compensate Id: 0]
======================================================================
CRASHPOINT : 1
INSERT: StateDBOImpl[BPEL ID: {http://enterprise.netbeans.org/bpel/SubBP}SubBP][ENGINE ID: DYNAMIC_ENGINE_ID]
INSERT: LastCheckPointDBOImpl[ACTIVITY ID: 2000001][OLD ACTIVITY ID: -1][TIMER VALUE: null][PICK COMPOSITE ACT ID: 0][BRANCH INVOKE COUNTER: 0]
INSERT: VariableDBOImpl[ID: 1000001]
INSERT: ScopeDBOImpl[Scope ID: -2][ScopeState: R][CompletionOrder: 0][FaultName: null][FaultActivity ID: 0][Compensate Id: 0]
======================================================================
CRASHPOINT : 2
INSERT: VariableDBOImpl[ID: 1000002]
INSERT: VariableDBOImpl[ID: 1000003]
INSERT: SimpleVariableDBOImpl[ID: 1000004][Value: 1.00000]
INSERT: ForEachDBOImpl[FOREACH ID: 2000002][INDEX: 0][SUCCESSES: 0]
INSERT: ScopeDBOImpl[Scope ID: 2000003][ScopeState: R][CompletionOrder: 0][FaultName: null][FaultActivity ID: 0][Compensate Id: 0]
UPDATE: LastCheckPointDBOImpl[ACTIVITY ID: 2000006][OLD ACTIVITY ID: 2000001][TIMER VALUE: null][PICK COMPOSITE ACT ID: 0][BRANCH INVOKE COUNTER: 1]
======================================================================
CRASHPOINT : 3
INSERT: VariableDBOImpl[ID: 1000000]
UPDATE: LastCheckPointDBOImpl[ACTIVITY ID: 2000003][OLD ACTIVITY ID: 2000001][TIMER VALUE: null][PICK COMPOSITE ACT ID: 0][BRANCH INVOKE COUNTER: 0]
======================================================================
CRASHPOINT : 4
DELETE: StateDBOImpl[BPEL ID: {http://enterprise.netbeans.org/bpel/SubBP}SubBP][ENGINE ID: DYNAMIC_ENGINE_ID]
======================================================================
CRASHPOINT : 5
INSERT: StateDBOImpl[BPEL ID: {http://enterprise.netbeans.org/bpel/SubBP}SubBP][ENGINE ID: DYNAMIC_ENGINE_ID]
INSERT: LastCheckPointDBOImpl[ACTIVITY ID: 2000001][OLD ACTIVITY ID: -1][TIMER VALUE: null][PICK COMPOSITE ACT ID: 0][BRANCH INVOKE COUNTER: 0]
INSERT: VariableDBOImpl[ID: 1000001]
INSERT: ScopeDBOImpl[Scope ID: -2][ScopeState: R][CompletionOrder: 0][FaultName: null][FaultActivity ID: 0][Compensate Id: 0]
======================================================================
CRASHPOINT : 6
INSERT: VariableDBOImpl[ID: 1000000]
INSERT: SimpleVariableDBOImpl[ID: 1000004][Value: 2.00000]
INSERT: ScopeDBOImpl[Scope ID: 2000003][ScopeState: R][CompletionOrder: 0][FaultName: null][FaultActivity ID: 0][Compensate Id: 0]
UPDATE: LastCheckPointDBOImpl[ACTIVITY ID: 2000006][OLD ACTIVITY ID: 2000006][TIMER VALUE: null][PICK COMPOSITE ACT ID: 0][BRANCH INVOKE COUNTER: 2]
UPDATE: VariableDBOImpl[ID: 1000002]
UPDATE: VariableDBOImpl[ID: 1000003]
UPDATE: ForEachDBOImpl[FOREACH ID: 2000002][INDEX: 1][SUCCESSES: 1]
UPDATE: ScopeDBOImpl[Scope ID: 2000003][ScopeState: C][CompletionOrder: 1][FaultName: null][FaultActivity ID: 0][Compensate Id: 0]
======================================================================
CRASHPOINT : 7
INSERT: VariableDBOImpl[ID: 1000000]
UPDATE: LastCheckPointDBOImpl[ACTIVITY ID: 2000003][OLD ACTIVITY ID: 2000001][TIMER VALUE: null][PICK COMPOSITE ACT ID: 0][BRANCH INVOKE COUNTER: 0]
======================================================================
CRASHPOINT : 8
DELETE: StateDBOImpl[BPEL ID: {http://enterprise.netbeans.org/bpel/SubBP}SubBP][ENGINE ID: DYNAMIC_ENGINE_ID]
======================================================================
CRASHPOINT : 9
UPDATE: LastCheckPointDBOImpl[ACTIVITY ID: 2000008][OLD ACTIVITY ID: 2000006][TIMER VALUE: null][PICK COMPOSITE ACT ID: 0][BRANCH INVOKE COUNTER: 3]
UPDATE: VariableDBOImpl[ID: 1000000]
UPDATE: ScopeDBOImpl[Scope ID: 2000003][ScopeState: C][CompletionOrder: 2][FaultName: null][FaultActivity ID: 0][Compensate Id: 0]
======================================================================
CRASHPOINT : 10
DELETE: StateDBOImpl[BPEL ID: {http://enterprise.netbeans.org/bpel/MainBP}MainBP][ENGINE ID: DYNAMIC_ENGINE_ID]
======================================================================
