<msgns:PassThroughOutput_MsgObj xmlns:msgns="RelationStreamInput.RelationStreamInput_iep">
<aInt1_0>1</aInt1_0>
<aBigint1_0>1000000000</aBigint1_0>
<double1_0>1.0000000001E9</double1_0>
<date1_0>2001-07-03-07:00</date1_0>
<ts1_0>2001-07-04T13:01:56.235-07:00</ts1_0>
<varchar1_0>characters1</varchar1_0>
</msgns:PassThroughOutput_MsgObj>
<msgns:PassThroughOutput_MsgObj xmlns:msgns="RelationStreamInput.RelationStreamInput_iep">
<aInt1_0>2</aInt1_0>
<aBigint1_0>2000000000</aBigint1_0>
<double1_0>2.0000000002E9</double1_0>
<date1_0>2001-07-03-07:00</date1_0>
<ts1_0>2001-07-04T13:02:56.235-07:00</ts1_0>
<varchar1_0>characters2</varchar1_0>
</msgns:PassThroughOutput_MsgObj>
<msgns:PassThroughOutput_MsgObj xmlns:msgns="RelationStreamInput.RelationStreamInput_iep">
<aInt1_0>3</aInt1_0>
<aBigint1_0>3000000000</aBigint1_0>
<double1_0>3.0000000003E9</double1_0>
<date1_0>2001-07-03-07:00</date1_0>
<ts1_0>2001-07-04T13:03:56.235-07:00</ts1_0>
<varchar1_0>characters3</varchar1_0>
</msgns:PassThroughOutput_MsgObj>
<msgns:PassThroughOutput_MsgObj xmlns:msgns="RelationStreamInput.RelationStreamInput_iep">
<aInt1_0>4</aInt1_0>
<aBigint1_0>4000000000</aBigint1_0>
<double1_0>4.0000000004E9</double1_0>
<date1_0>2001-07-03-07:00</date1_0>
<ts1_0>2001-07-04T13:04:56.235-07:00</ts1_0>
<varchar1_0>characters4</varchar1_0>
</msgns:PassThroughOutput_MsgObj>
<msgns:PassThroughOutput_MsgObj xmlns:msgns="RelationStreamInput.RelationStreamInput_iep">
<aInt1_0>5</aInt1_0>
<aBigint1_0>5000000000</aBigint1_0>
<double1_0>5.0000000005E9</double1_0>
<date1_0>2001-07-03-07:00</date1_0>
<ts1_0>2001-07-04T13:05:56.235-07:00</ts1_0>
<varchar1_0>characters5</varchar1_0>
</msgns:PassThroughOutput_MsgObj>
<msgns:PassThroughOutput_MsgObj xmlns:msgns="RelationStreamInput.RelationStreamInput_iep">
<aInt1_0>6</aInt1_0>
<aBigint1_0>6000000000</aBigint1_0>
<double1_0>6.0000000006E9</double1_0>
<date1_0>2001-07-03-07:00</date1_0>
<ts1_0>2001-07-04T13:06:56.235-07:00</ts1_0>
<varchar1_0>characters6</varchar1_0>
</msgns:PassThroughOutput_MsgObj>
<msgns:PassThroughOutput_MsgObj xmlns:msgns="RelationStreamInput.RelationStreamInput_iep">
<aInt1_0>7</aInt1_0>
<aBigint1_0>7000000000</aBigint1_0>
<double1_0>7.0000000007E9</double1_0>
<date1_0>2001-07-04-07:00</date1_0>
<ts1_0>2001-07-04T13:07:56.235-07:00</ts1_0>
<varchar1_0>characters7</varchar1_0>
</msgns:PassThroughOutput_MsgObj>
<msgns:PassThroughOutput_MsgObj xmlns:msgns="RelationStreamInput.RelationStreamInput_iep">
<aInt1_0>8</aInt1_0>
<aBigint1_0>8000000000</aBigint1_0>
<double1_0>8.0000000008E9</double1_0>
<date1_0>2001-07-04-07:00</date1_0>
<ts1_0>2001-07-04T13:08:56.235-07:00</ts1_0>
<varchar1_0>characters8</varchar1_0>
</msgns:PassThroughOutput_MsgObj>
<msgns:PassThroughOutput_MsgObj xmlns:msgns="RelationStreamInput.RelationStreamInput_iep">
<aInt1_0>9</aInt1_0>
<aBigint1_0>9000000000</aBigint1_0>
<double1_0>9.0000000009E9</double1_0>
<date1_0>2001-07-04-07:00</date1_0>
<ts1_0>2001-07-04T13:09:56.235-07:00</ts1_0>
<varchar1_0>characters9</varchar1_0>
</msgns:PassThroughOutput_MsgObj>
<msgns:PassThroughOutput_MsgObj xmlns:msgns="RelationStreamInput.RelationStreamInput_iep">
<aInt1_0>10</aInt1_0>
<aBigint1_0>1000000000</aBigint1_0>
<double1_0>1.0000000001E9</double1_0>
<date1_0>2001-07-04-07:00</date1_0>
<ts1_0>2001-07-04T13:10:56.235-07:00</ts1_0>
<varchar1_0>characters10</varchar1_0>
</msgns:PassThroughOutput_MsgObj>
<msgns:PassThroughOutput_MsgObj xmlns:msgns="RelationStreamInput.RelationStreamInput_iep">
<aInt1_0>11</aInt1_0>
<aBigint1_0>1100000000</aBigint1_0>
<double1_0>1.10000000011E9</double1_0>
<date1_0>2001-07-04-07:00</date1_0>
<ts1_0>2001-07-04T13:11:56.235-07:00</ts1_0>
<varchar1_0>characters11</varchar1_0>
</msgns:PassThroughOutput_MsgObj>
<msgns:PassThroughOutput_MsgObj xmlns:msgns="RelationStreamInput.RelationStreamInput_iep">
<aInt1_0>12</aInt1_0>
<aBigint1_0>1200000000</aBigint1_0>
<double1_0>1.20000000012E9</double1_0>
<date1_0>2001-07-04-07:00</date1_0>
<ts1_0>2001-07-04T13:12:56.235-07:00</ts1_0>
<varchar1_0>characters12</varchar1_0>
</msgns:PassThroughOutput_MsgObj>
