<ns2:RespMessage xmlns="http://xml.netbeans.org/schema/RequestMessageSchema" xmlns:ns2="http://xml.netbeans.org/schema/ResponseMessageSchema">
<ns2:responseElement>Hello Jay, this is Duke</ns2:responseElement>
</ns2:RespMessage>
