CRASHPOINT : Not a valid crashpoint since no data has been persisted in the database at this point.
INSERT: StateDBOImpl[BPEL ID: {http://enterprise.netbeans.org/bpel/ScopeTerminationBpel/EHonAlarmScopeTerminationInScope}EHonAlarmScopeTerminationInScope][ENGINE ID: DYNAMIC_ENGINE_ID]
INSERT: LastCheckPointDBOImpl[ACTIVITY ID: 2000001][OLD ACTIVITY ID: -1][TIMER VALUE: null][PICK COMPOSITE ACT ID: 0][BRANCH INVOKE COUNTER: 0]
INSERT: VariableDBOImpl[ID: 1000000]
INSERT: ScopeDBOImpl[Scope ID: -2][ScopeState: R][CompletionOrder: 0][FaultName: null][FaultActivity ID: 0][Compensate Id: 0]
======================================================================
CRASHPOINT : 1
INSERT: VariableDBOImpl[ID: 1000001]
INSERT: ScopeDBOImpl[Scope ID: 2000003][ScopeState: R][CompletionOrder: 0][FaultName: null][FaultActivity ID: 0][Compensate Id: 0]
UPDATE: LastCheckPointDBOImpl[ACTIVITY ID: 2000008][OLD ACTIVITY ID: 2000001][TIMER VALUE: null][PICK COMPOSITE ACT ID: 0][BRANCH INVOKE COUNTER: 0]
======================================================================
CRASHPOINT : 2
INSERT: LastCheckPointDBOImpl[ACTIVITY ID: 2000009][OLD ACTIVITY ID: -1][TIMER VALUE: null][PICK COMPOSITE ACT ID: 0][BRANCH INVOKE COUNTER: 0]
INSERT: ScopeDBOImpl[Scope ID: 2000009][ScopeState: R][CompletionOrder: 0][FaultName: null][FaultActivity ID: 0][Compensate Id: 0]
======================================================================
CRASHPOINT : 3
UPDATE: LastCheckPointDBOImpl[ACTIVITY ID: 2000019][OLD ACTIVITY ID: 2000009][TIMER VALUE: null][PICK COMPOSITE ACT ID: 0][BRANCH INVOKE COUNTER: 0]
UPDATE: VariableDBOImpl[ID: 1000001]
======================================================================
CRASHPOINT : 4
INSERT: LastCheckPointDBOImpl[ACTIVITY ID: 2000032][OLD ACTIVITY ID: -1][TIMER VALUE: SOME_VAL][PICK COMPOSITE ACT ID: 0][BRANCH INVOKE COUNTER: 0]
======================================================================
CRASHPOINT : 5
INSERT: EventHandlerDBOImpl[Event Model ID: 2000011][Update Flag: false][Scope ID: GUID][Timer Value: SOME_VAL][Repeat Every: 0]
INSERT: LastCheckPointDBOImpl[ACTIVITY ID: 2000011][OLD ACTIVITY ID: -1][TIMER VALUE: null][PICK COMPOSITE ACT ID: 0][BRANCH INVOKE COUNTER: 0]
======================================================================
CRASHPOINT : 6
INSERT: LastCheckPointDBOImpl[ACTIVITY ID: 2000022][OLD ACTIVITY ID: -1][TIMER VALUE: null][PICK COMPOSITE ACT ID: 0][BRANCH INVOKE COUNTER: 0]
======================================================================
CRASHPOINT : 7
INSERT: LastCheckPointDBOImpl[ACTIVITY ID: 2000025][OLD ACTIVITY ID: -1][TIMER VALUE: null][PICK COMPOSITE ACT ID: 0][BRANCH INVOKE COUNTER: 0]
======================================================================
CRASHPOINT : 8
INSERT: LastCheckPointDBOImpl[ACTIVITY ID: 2000030][OLD ACTIVITY ID: -1][TIMER VALUE: SOME_VAL][PICK COMPOSITE ACT ID: 0][BRANCH INVOKE COUNTER: 0]
UPDATE: VariableDBOImpl[ID: 1000001]
======================================================================
CRASHPOINT : 9
INSERT: ScopeDBOImpl[Scope ID: 2000012][ScopeState: R][CompletionOrder: 0][FaultName: null][FaultActivity ID: 0][Compensate Id: 0]
UPDATE: LastCheckPointDBOImpl[ACTIVITY ID: 2000015][OLD ACTIVITY ID: 2000011][TIMER VALUE: SOME_VAL][PICK COMPOSITE ACT ID: 0][BRANCH INVOKE COUNTER: 0]
UPDATE: VariableDBOImpl[ID: 1000001]
UPDATE: EventHandlerDBOImpl[Event Model ID: 2000011][Update Flag: true][Scope ID: GUID]
======================================================================
CRASHPOINT : 10
UPDATE: LastCheckPointDBOImpl[ACTIVITY ID: 2000006][OLD ACTIVITY ID: 2000008][TIMER VALUE: null][PICK COMPOSITE ACT ID: 0][BRANCH INVOKE COUNTER: 0]
UPDATE: VariableDBOImpl[ID: 1000001]
UPDATE: ScopeDBOImpl[Scope ID: 2000009][ScopeState: D][CompletionOrder: 0][FaultName: null][FaultActivity ID: 0][Compensate Id: 0]
UPDATE: ScopeDBOImpl[Scope ID: 2000012][ScopeState: D][CompletionOrder: 0][FaultName: null][FaultActivity ID: 0][Compensate Id: 0]
UPDATE: ScopeDBOImpl[Scope ID: 2000003][ScopeState: EFH][CompletionOrder: 0][FaultName: {http://docs.oasis-open.org/wsbpel/2.0/process/executable}someFault][FaultActivity ID: 0][Compensate Id: 0]
DELETE: LastCheckPointDBOImpl[ACTIVITY ID: 2000032][OLD ACTIVITY ID: -1][TIMER VALUE: null][PICK COMPOSITE ACT ID: 0][BRANCH INVOKE COUNTER: 0]
DELETE: LastCheckPointDBOImpl[ACTIVITY ID: 2000025][OLD ACTIVITY ID: -1][TIMER VALUE: null][PICK COMPOSITE ACT ID: 0][BRANCH INVOKE COUNTER: 0]
DELETE: LastCheckPointDBOImpl[ACTIVITY ID: 2000030][OLD ACTIVITY ID: -1][TIMER VALUE: null][PICK COMPOSITE ACT ID: 0][BRANCH INVOKE COUNTER: 0]
DELETE: LastCheckPointDBOImpl[ACTIVITY ID: 2000019][OLD ACTIVITY ID: -1][TIMER VALUE: null][PICK COMPOSITE ACT ID: 0][BRANCH INVOKE COUNTER: 0]
DELETE: LastCheckPointDBOImpl[ACTIVITY ID: 2000022][OLD ACTIVITY ID: -1][TIMER VALUE: null][PICK COMPOSITE ACT ID: 0][BRANCH INVOKE COUNTER: 0]
======================================================================
CRASHPOINT : 11
DELETE: StateDBOImpl[BPEL ID: {http://enterprise.netbeans.org/bpel/ScopeTerminationBpel/EHonAlarmScopeTerminationInScope}EHonAlarmScopeTerminationInScope][ENGINE ID: DYNAMIC_ENGINE_ID]
======================================================================
