<msgns:StreamOutput1_MsgObj xmlns:msgns="GapWindowInput.GapWindowInput_iep">
<LastName>Kenobi</LastName>
<MID>555</MID>
<SDesc>102</SDesc>
</msgns:StreamOutput1_MsgObj>
<msgns:StreamOutput1_MsgObj xmlns:msgns="GapWindowInput.GapWindowInput_iep">
<LastName>Kenobi</LastName>
<MID>555</MID>
<SDesc>103</SDesc>
</msgns:StreamOutput1_MsgObj>
<msgns:StreamOutput1_MsgObj xmlns:msgns="GapWindowInput.GapWindowInput_iep">
<LastName>Kenobi</LastName>
<MID>555</MID>
<SDesc>106</SDesc>
</msgns:StreamOutput1_MsgObj>
<msgns:StreamOutput1_MsgObj xmlns:msgns="GapWindowInput.GapWindowInput_iep">
<LastName>Chang</LastName>
<MID>111</MID>
<SDesc>102</SDesc>
</msgns:StreamOutput1_MsgObj>
<msgns:StreamOutput1_MsgObj xmlns:msgns="GapWindowInput.GapWindowInput_iep">
<LastName>Chang</LastName>
<MID>111</MID>
<SDesc>104</SDesc>
</msgns:StreamOutput1_MsgObj>
