<msgns:StreamOutput3_MsgObj xmlns:msgns="InsertStreamInput.InsertStreamInput_iep">
<LastName>Day</LastName>
<MiddleInit>J</MiddleInit>
<RegNum>1017</RegNum>
<Income>1017.17</Income>
<RegionNum>9999991017</RegionNum>
<SDate>2007-03-19-07:00</SDate>
<STime>03:03:03.030-08:00</STime>
<STimestamp>2007-03-19T13:36:09.123-07:00</STimestamp>
<SDesc>1017</SDesc>
</msgns:StreamOutput3_MsgObj>
<msgns:StreamOutput3_MsgObj xmlns:msgns="InsertStreamInput.InsertStreamInput_iep">
<LastName>Day</LastName>
<MiddleInit>L</MiddleInit>
<RegNum>1018</RegNum>
<Income>1018.18</Income>
<RegionNum>9999991018</RegionNum>
<SDate>2008-04-19-07:00</SDate>
<STime>03:03:03.030-08:00</STime>
<STimestamp>2008-04-19T13:36:09.123-07:00</STimestamp>
<SDesc>1018</SDesc>
</msgns:StreamOutput3_MsgObj>
<msgns:StreamOutput3_MsgObj xmlns:msgns="InsertStreamInput.InsertStreamInput_iep">
<LastName>Day</LastName>
<MiddleInit>O</MiddleInit>
<RegNum>1019</RegNum>
<Income>1019.19</Income>
<RegionNum>9999991019</RegionNum>
<SDate>2008-05-19-07:00</SDate>
<STime>03:03:03.030-08:00</STime>
<STimestamp>2008-05-19T13:36:09.123-07:00</STimestamp>
<SDesc>1029</SDesc>
</msgns:StreamOutput3_MsgObj>
<msgns:StreamOutput3_MsgObj xmlns:msgns="InsertStreamInput.InsertStreamInput_iep">
<LastName>Day</LastName>
<MiddleInit>V</MiddleInit>
<RegNum>1020</RegNum>
<Income>1020.2</Income>
<RegionNum>9999991020</RegionNum>
<SDate>2008-06-19-07:00</SDate>
<STime>03:03:03.030-08:00</STime>
<STimestamp>2008-06-19T13:36:09.123-07:00</STimestamp>
<SDesc>1020</SDesc>
</msgns:StreamOutput3_MsgObj>
<msgns:StreamOutput3_MsgObj xmlns:msgns="InsertStreamInput.InsertStreamInput_iep">
<LastName>Day</LastName>
<MiddleInit>O</MiddleInit>
<RegNum>1021</RegNum>
<Income>1021.21</Income>
<RegionNum>9999991021</RegionNum>
<SDate>2009-09-08-07:00</SDate>
<STime>09:09:09.090+09:00</STime>
<STimestamp>2009-09-08T17:09:09.090-07:00</STimestamp>
<SDesc>1021</SDesc>
</msgns:StreamOutput3_MsgObj>
<msgns:StreamOutput3_MsgObj xmlns:msgns="InsertStreamInput.InsertStreamInput_iep">
<LastName>Day</LastName>
<MiddleInit>B</MiddleInit>
<RegNum>1022</RegNum>
<Income>1022.22</Income>
<RegionNum>9999991022</RegionNum>
<SDate>2009-09-09-07:00</SDate>
<STime>09:09:09.090+09:00</STime>
<STimestamp>2009-09-09T17:09:09.090-07:00</STimestamp>
<SDesc>1022</SDesc>
</msgns:StreamOutput3_MsgObj>
<msgns:StreamOutput3_MsgObj xmlns:msgns="InsertStreamInput.InsertStreamInput_iep">
<LastName>Day</LastName>
<MiddleInit>L</MiddleInit>
<RegNum>1023</RegNum>
<Income>1023.23</Income>
<RegionNum>9999991023</RegionNum>
<SDate>2009-09-10-07:00</SDate>
<STime>09:09:09.090+09:00</STime>
<STimestamp>2009-09-10T17:09:09.090-07:00</STimestamp>
<SDesc>1023</SDesc>
</msgns:StreamOutput3_MsgObj>
<msgns:StreamOutput3_MsgObj xmlns:msgns="InsertStreamInput.InsertStreamInput_iep">
<LastName>Day</LastName>
<MiddleInit>C</MiddleInit>
<RegNum>1024</RegNum>
<Income>1024.24</Income>
<RegionNum>9999991024</RegionNum>
<SDate>2015-05-14-07:00</SDate>
<STime>15:15:15.151+14:00</STime>
<STimestamp>2015-05-14T18:15:15.151-07:00</STimestamp>
<SDesc>1024</SDesc>
</msgns:StreamOutput3_MsgObj>
