<msgns:StreamOutput0_MsgObj xmlns:msgns="GapWindowInput.GapWindowInput_iep">
<LastName>Day</LastName>
<SDesc_max>101</SDesc_max>
<SDesc_min>101</SDesc_min>
<SDesc_avg>101</SDesc_avg>
<SDesc_sum>101</SDesc_sum>
<SDesc_count>1</SDesc_count>
</msgns:StreamOutput0_MsgObj>
<msgns:StreamOutput0_MsgObj xmlns:msgns="GapWindowInput.GapWindowInput_iep">
<LastName>Day</LastName>
<SDesc_max>103</SDesc_max>
<SDesc_min>103</SDesc_min>
<SDesc_avg>103</SDesc_avg>
<SDesc_sum>103</SDesc_sum>
<SDesc_count>1</SDesc_count>
</msgns:StreamOutput0_MsgObj>
<msgns:StreamOutput0_MsgObj xmlns:msgns="GapWindowInput.GapWindowInput_iep">
<LastName>Kenobi</LastName>
<SDesc_max>102</SDesc_max>
<SDesc_min>102</SDesc_min>
<SDesc_avg>102</SDesc_avg>
<SDesc_sum>102</SDesc_sum>
<SDesc_count>1</SDesc_count>
</msgns:StreamOutput0_MsgObj>
<msgns:StreamOutput0_MsgObj xmlns:msgns="GapWindowInput.GapWindowInput_iep">
<LastName>Day</LastName>
<SDesc_max>103</SDesc_max>
<SDesc_min>103</SDesc_min>
<SDesc_avg>103</SDesc_avg>
<SDesc_sum>103</SDesc_sum>
<SDesc_count>1</SDesc_count>
</msgns:StreamOutput0_MsgObj>
<msgns:StreamOutput0_MsgObj xmlns:msgns="GapWindowInput.GapWindowInput_iep">
<LastName>Kenobi</LastName>
<SDesc_max>103</SDesc_max>
<SDesc_min>103</SDesc_min>
<SDesc_avg>103</SDesc_avg>
<SDesc_sum>103</SDesc_sum>
<SDesc_count>1</SDesc_count>
</msgns:StreamOutput0_MsgObj>
<msgns:StreamOutput0_MsgObj xmlns:msgns="GapWindowInput.GapWindowInput_iep">
<LastName>Day</LastName>
<SDesc_max>103</SDesc_max>
<SDesc_min>103</SDesc_min>
<SDesc_avg>103</SDesc_avg>
<SDesc_sum>103</SDesc_sum>
<SDesc_count>1</SDesc_count>
</msgns:StreamOutput0_MsgObj>
<msgns:StreamOutput0_MsgObj xmlns:msgns="GapWindowInput.GapWindowInput_iep">
<LastName>Kenobi</LastName>
<SDesc_max>103</SDesc_max>
<SDesc_min>103</SDesc_min>
<SDesc_avg>103</SDesc_avg>
<SDesc_sum>103</SDesc_sum>
<SDesc_count>1</SDesc_count>
</msgns:StreamOutput0_MsgObj>
<msgns:StreamOutput0_MsgObj xmlns:msgns="GapWindowInput.GapWindowInput_iep">
<LastName>Day</LastName>
<SDesc_max>107</SDesc_max>
<SDesc_min>107</SDesc_min>
<SDesc_avg>107</SDesc_avg>
<SDesc_sum>107</SDesc_sum>
<SDesc_count>1</SDesc_count>
</msgns:StreamOutput0_MsgObj>
<msgns:StreamOutput0_MsgObj xmlns:msgns="GapWindowInput.GapWindowInput_iep">
<LastName>Kenobi</LastName>
<SDesc_max>106</SDesc_max>
<SDesc_min>106</SDesc_min>
<SDesc_avg>106</SDesc_avg>
<SDesc_sum>106</SDesc_sum>
<SDesc_count>1</SDesc_count>
</msgns:StreamOutput0_MsgObj>
<msgns:StreamOutput0_MsgObj xmlns:msgns="GapWindowInput.GapWindowInput_iep">
<LastName>Day</LastName>
<SDesc_max>107</SDesc_max>
<SDesc_min>107</SDesc_min>
<SDesc_avg>107</SDesc_avg>
<SDesc_sum>107</SDesc_sum>
<SDesc_count>1</SDesc_count>
</msgns:StreamOutput0_MsgObj>
<msgns:StreamOutput0_MsgObj xmlns:msgns="GapWindowInput.GapWindowInput_iep">
<LastName>Kenobi</LastName>
<SDesc_max>106</SDesc_max>
<SDesc_min>106</SDesc_min>
<SDesc_avg>106</SDesc_avg>
<SDesc_sum>106</SDesc_sum>
<SDesc_count>1</SDesc_count>
</msgns:StreamOutput0_MsgObj>
