bpelFile:WhileInvoke.bpel
xPath:/bpws:process/bpws:sequence
lineNumber:22
==============================
bpelFile:WhileInvoke.bpel
xPath:/bpws:process/bpws:sequence/bpws:receive
lineNumber:25
==============================
bpelFile:WhileInvoke.bpel
xPath:/bpws:process/bpws:sequence/bpws:assign[1]
lineNumber:26
==============================
bpelFile:WhileInvoke.bpel
xPath:/bpws:process/bpws:sequence/bpws:assign[1]/bpws:copy[1]
lineNumber:27
==============================
bpelFile:WhileInvoke.bpel
xPath:/bpws:process/bpws:sequence/bpws:assign[1]/bpws:copy[2]
lineNumber:28
==============================
bpelFile:WhileInvoke.bpel
xPath:/bpws:process/bpws:sequence/bpws:assign[1]/bpws:copy[3]
lineNumber:29
==============================
bpelFile:WhileInvoke.bpel
xPath:/bpws:process/bpws:sequence/bpws:while
lineNumber:34
==============================
bpelFile:WhileInvoke.bpel
xPath:/bpws:process/bpws:sequence/bpws:while/bpws:sequence
lineNumber:36
==============================
bpelFile:WhileInvoke.bpel
xPath:/bpws:process/bpws:sequence/bpws:while/bpws:sequence/bpws:invoke
lineNumber:39
==============================
bpelFile:WhileInvoke.bpel
xPath:/bpws:process/bpws:sequence/bpws:while/bpws:sequence/bpws:assign[1]
lineNumber:40
==============================
bpelFile:WhileInvoke.bpel
xPath:/bpws:process/bpws:sequence/bpws:while/bpws:sequence/bpws:assign[1]/bpws:copy
lineNumber:41
==============================
bpelFile:WhileInvoke.bpel
xPath:/bpws:process/bpws:sequence/bpws:while/bpws:sequence/bpws:assign[2]
lineNumber:45
==============================
bpelFile:WhileInvoke.bpel
xPath:/bpws:process/bpws:sequence/bpws:while/bpws:sequence/bpws:assign[2]/bpws:copy
lineNumber:46
==============================
bpelFile:WhileInvoke.bpel
xPath:/bpws:process/bpws:sequence/bpws:while
lineNumber:34
==============================
bpelFile:WhileInvoke.bpel
xPath:/bpws:process/bpws:sequence/bpws:while/bpws:sequence
lineNumber:36
==============================
bpelFile:WhileInvoke.bpel
xPath:/bpws:process/bpws:sequence/bpws:while/bpws:sequence/bpws:invoke
lineNumber:39
==============================
bpelFile:WhileInvoke.bpel
xPath:/bpws:process/bpws:sequence/bpws:while/bpws:sequence/bpws:assign[1]
lineNumber:40
==============================
bpelFile:WhileInvoke.bpel
xPath:/bpws:process/bpws:sequence/bpws:while/bpws:sequence/bpws:assign[1]/bpws:copy
lineNumber:41
==============================
bpelFile:WhileInvoke.bpel
xPath:/bpws:process/bpws:sequence/bpws:while/bpws:sequence/bpws:assign[2]
lineNumber:45
==============================
bpelFile:WhileInvoke.bpel
xPath:/bpws:process/bpws:sequence/bpws:while/bpws:sequence/bpws:assign[2]/bpws:copy
lineNumber:46
==============================
bpelFile:WhileInvoke.bpel
xPath:/bpws:process/bpws:sequence/bpws:while
lineNumber:34
==============================
bpelFile:WhileInvoke.bpel
xPath:/bpws:process/bpws:sequence/bpws:while/bpws:sequence
lineNumber:36
==============================
bpelFile:WhileInvoke.bpel
xPath:/bpws:process/bpws:sequence/bpws:while/bpws:sequence/bpws:invoke
lineNumber:39
==============================
bpelFile:WhileInvoke.bpel
xPath:/bpws:process/bpws:sequence/bpws:while/bpws:sequence/bpws:assign[1]
lineNumber:40
==============================
bpelFile:WhileInvoke.bpel
xPath:/bpws:process/bpws:sequence/bpws:while/bpws:sequence/bpws:assign[1]/bpws:copy
lineNumber:41
==============================
bpelFile:WhileInvoke.bpel
xPath:/bpws:process/bpws:sequence/bpws:while/bpws:sequence/bpws:assign[2]
lineNumber:45
==============================
bpelFile:WhileInvoke.bpel
xPath:/bpws:process/bpws:sequence/bpws:while/bpws:sequence/bpws:assign[2]/bpws:copy
lineNumber:46
==============================
bpelFile:WhileInvoke.bpel
xPath:/bpws:process/bpws:sequence/bpws:while
lineNumber:34
==============================
bpelFile:WhileInvoke.bpel
xPath:/bpws:process/bpws:sequence/bpws:assign[2]
lineNumber:53
==============================
bpelFile:WhileInvoke.bpel
xPath:/bpws:process/bpws:sequence/bpws:assign[2]/bpws:copy[1]
lineNumber:54
==============================
bpelFile:WhileInvoke.bpel
xPath:/bpws:process/bpws:sequence/bpws:assign[2]/bpws:copy[2]
lineNumber:58
==============================
bpelFile:WhileInvoke.bpel
xPath:/bpws:process/bpws:sequence/bpws:invoke
lineNumber:65
==============================
