CRASHPOINT : Not a valid crashpoint since no data has been persisted in the database at this point.
INSERT: StateDBOImpl[BPEL ID: {http://www.mycomp.org/FlowWithWait/bpel}FlowWithWait][ENGINE ID: DYNAMIC_ENGINE_ID]
INSERT: LastCheckPointDBOImpl[ACTIVITY ID: 2000001][OLD ACTIVITY ID: -1][TIMER VALUE: null][PICK COMPOSITE ACT ID: 0][BRANCH INVOKE COUNTER: 0]
INSERT: VariableDBOImpl[ID: 1000006]
INSERT: ScopeDBOImpl[Scope ID: -2][ScopeState: R][CompletionOrder: 0][FaultName: null][FaultActivity ID: 0][Compensate Id: 0]
======================================================================
CRASHPOINT : 1
UPDATE: LastCheckPointDBOImpl[ACTIVITY ID: 2000002][OLD ACTIVITY ID: 2000001][TIMER VALUE: null][PICK COMPOSITE ACT ID: 0][BRANCH INVOKE COUNTER: 0]
======================================================================
CRASHPOINT : 2
INSERT: LastCheckPointDBOImpl[ACTIVITY ID: 2000009][OLD ACTIVITY ID: -1][TIMER VALUE: SOME_VAL][PICK COMPOSITE ACT ID: 0][BRANCH INVOKE COUNTER: 0]
INSERT: VariableDBOImpl[ID: 1000002]
INSERT: SimpleVariableDBOImpl[ID: 1000012][Value: true]
INSERT: SimpleVariableDBOImpl[ID: 1000004][Value: Inside Branch1: ]
INSERT: SimpleVariableDBOImpl[ID: 1000010][Value: 2008-09-28]
INSERT: SimpleVariableDBOImpl[ID: 1000011][Value: 2014-09-18T16:18:33]
INSERT: SimpleVariableDBOImpl[ID: 1000008][Value: 20,000,000.00000]
======================================================================
CRASHPOINT : 3
INSERT: LastCheckPointDBOImpl[ACTIVITY ID: 2000012][OLD ACTIVITY ID: -1][TIMER VALUE: SOME_VAL][PICK COMPOSITE ACT ID: 0][BRANCH INVOKE COUNTER: 0]
INSERT: VariableDBOImpl[ID: 1000001]
INSERT: SimpleVariableDBOImpl[ID: 1000003][Value: Inside Branch2: ]
======================================================================
CRASHPOINT : 4
INSERT: VariableDBOImpl[ID: 1000000]
INSERT: SimpleVariableDBOImpl[ID: 1000013][Value: 20000000true]
UPDATE: LastCheckPointDBOImpl[ACTIVITY ID: 2000015][OLD ACTIVITY ID: 2000002][TIMER VALUE: null][PICK COMPOSITE ACT ID: 0][BRANCH INVOKE COUNTER: 1]
UPDATE: SimpleVariableDBOImpl[ID: 1000004][Value: Inside Branch1: branch1inside Branch1 - invoke1]
UPDATE: SimpleVariableDBOImpl[ID: 1000003][Value: Inside Branch2: branch2inside Branch1 - invoke1]
DELETE: LastCheckPointDBOImpl[ACTIVITY ID: 2000009][OLD ACTIVITY ID: -1][TIMER VALUE: null][PICK COMPOSITE ACT ID: 0][BRANCH INVOKE COUNTER: 1]
DELETE: LastCheckPointDBOImpl[ACTIVITY ID: 2000012][OLD ACTIVITY ID: -1][TIMER VALUE: null][PICK COMPOSITE ACT ID: 0][BRANCH INVOKE COUNTER: 1]
======================================================================
CRASHPOINT : 5
DELETE: StateDBOImpl[BPEL ID: {http://www.mycomp.org/FlowWithWait/bpel}FlowWithWait][ENGINE ID: DYNAMIC_ENGINE_ID]
======================================================================
