CRASHPOINT : Not a valid crashpoint since no data has been persisted in the database at this point.
INSERT: StateDBOImpl[BPEL ID: {http://www.mycomp.org/InvokeThrowsFault/InvokeThrowsFault}InvokeThrowsFault][ENGINE ID: DYNAMIC_ENGINE_ID]
INSERT: LastCheckPointDBOImpl[ACTIVITY ID: 2000005][OLD ACTIVITY ID: -1][TIMER VALUE: null][PICK COMPOSITE ACT ID: 0][BRANCH INVOKE COUNTER: 0]
INSERT: VariableDBOImpl[ID: 1000000]
INSERT: ScopeDBOImpl[Scope ID: -2][ScopeState: R][CompletionOrder: 0][FaultName: null][FaultActivity ID: 0][Compensate Id: 0]
======================================================================
CRASHPOINT : 1
UPDATE: LastCheckPointDBOImpl[ACTIVITY ID: 2000017][OLD ACTIVITY ID: 2000005][TIMER VALUE: null][PICK COMPOSITE ACT ID: 0][BRANCH INVOKE COUNTER: 1]
UPDATE: ScopeDBOImpl[Scope ID: -2][ScopeState: R][CompletionOrder: 0][FaultName: {http://www.mycomp.org/InvokeThrowsFault/InvokeThrowsFault}fault1][FaultActivity ID: 2000017][Compensate Id: 0]
======================================================================
CRASHPOINT : 2
INSERT: VariableDBOImpl[ID: 1000001]
UPDATE: LastCheckPointDBOImpl[ACTIVITY ID: 2000002][OLD ACTIVITY ID: 2000017][TIMER VALUE: null][PICK COMPOSITE ACT ID: 0][BRANCH INVOKE COUNTER: 2]
UPDATE: ScopeDBOImpl[Scope ID: -2][ScopeState: EFH][CompletionOrder: 0][FaultName: {http://www.mycomp.org/InvokeThrowsFault/InvokeThrowsFault}fault1][FaultActivity ID: 2000017][Compensate Id: 0]
======================================================================
CRASHPOINT : 3
UPDATE: LastCheckPointDBOImpl[ACTIVITY ID: 2000003][OLD ACTIVITY ID: 2000002][TIMER VALUE: null][PICK COMPOSITE ACT ID: 0][BRANCH INVOKE COUNTER: 3]
UPDATE: ScopeDBOImpl[Scope ID: -2][ScopeState: EFH][CompletionOrder: 0][FaultName: {http://www.mycomp.org/InvokeThrowsFault/InvokeThrowsFault}fault1][FaultActivity ID: 2000003][Compensate Id: 0]
======================================================================
CRASHPOINT : 4
DELETE: StateDBOImpl[BPEL ID: {http://www.mycomp.org/InvokeThrowsFault/InvokeThrowsFault}InvokeThrowsFault][ENGINE ID: DYNAMIC_ENGINE_ID]
======================================================================
