======================================================================
======================================================================
======================================================================
INSERT: StateDBOImpl[BPEL ID: bpelse/bpeljbiadapter/build/test/classes/com/sun/jbi/engine/bpel/jbiadaptor/test/persistence/bpels/ScopeTest/scopeVars/deployedFolder/ScopeVars.bpel][ENGINE ID: DYNAMIC_ENGINE_ID]
INSERT: LastCheckPointDBOImpl[ACTIVITY ID: 2000001][OLD ACTIVITY ID: -1][TIMER VALUE: null][HAS FAULTED: false][FAULT NAME: null][PICK COMPOSITE ACT ID: 0][BRANCH INVOKE COUNTER: 0]
INSERT: VariableDBOImpl[ID: 1000000]
======================================================================
======================================================================
======================================================================
INSERT: VariableDBOImpl[ID: 1000002]
INSERT: VariableDBOImpl[ID: 1000003]
INSERT: VariableDBOImpl[ID: 1000001]
UPDATE: LastCheckPointDBOImpl[ACTIVITY ID: 2000005][OLD ACTIVITY ID: 2000001][TIMER VALUE: null][HAS FAULTED: false][FAULT NAME: null][PICK COMPOSITE ACT ID: 0][BRANCH INVOKE COUNTER: 0]
======================================================================
======================================================================
======================================================================
UPDATE: LastCheckPointDBOImpl[ACTIVITY ID: 2000007][OLD ACTIVITY ID: 2000005][TIMER VALUE: null][HAS FAULTED: false][FAULT NAME: null][PICK COMPOSITE ACT ID: 0][BRANCH INVOKE COUNTER: 0]
UPDATE: VariableDBOImpl[ID: 1000003]
UPDATE: VariableDBOImpl[ID: 1000001]
======================================================================
======================================================================
======================================================================
INSERT: VariableDBOImpl[ID: 1000004]
UPDATE: LastCheckPointDBOImpl[ACTIVITY ID: 2000011][OLD ACTIVITY ID: 2000007][TIMER VALUE: null][HAS FAULTED: false][FAULT NAME: null][PICK COMPOSITE ACT ID: 0][BRANCH INVOKE COUNTER: 0]
======================================================================
======================================================================
======================================================================
UPDATE: LastCheckPointDBOImpl[ACTIVITY ID: 2000013][OLD ACTIVITY ID: 2000011][TIMER VALUE: null][HAS FAULTED: false][FAULT NAME: null][PICK COMPOSITE ACT ID: 0][BRANCH INVOKE COUNTER: 0]
UPDATE: VariableDBOImpl[ID: 1000001]
======================================================================
DELETE: StateDBOImpl[BPEL ID: bpelse/bpeljbiadapter/build/test/classes/com/sun/jbi/engine/bpel/jbiadaptor/test/persistence/bpels/ScopeTest/scopeVars/deployedFolder/ScopeVars.bpel][ENGINE ID: DYNAMIC_ENGINE_ID]
======================================================================
