<msgns:StreamOutput3_MsgObj xmlns:msgns="RelationStreamInput.RelationStreamInput_iep">
<LastName>Day</LastName>
<MiddleInit>J</MiddleInit>
<RegNum>47</RegNum>
<Income>47500.99</Income>
<RegionNum>300010203</RegionNum>
<SDate>1980-12-31-08:00</SDate>
<STime>12:00:24.123-08:00</STime>
<SUpdate>2007-12-26T12:36:09.123-08:00</SUpdate>
<SDesc>enter text here for an example of clob</SDesc>
</msgns:StreamOutput3_MsgObj>
<msgns:StreamOutput3_MsgObj xmlns:msgns="RelationStreamInput.RelationStreamInput_iep">
<LastName>Day</LastName>
<MiddleInit>J</MiddleInit>
<RegNum>47</RegNum>
<Income>47500.99</Income>
<RegionNum>300010203</RegionNum>
<SDate>1980-12-31-08:00</SDate>
<STime>12:00:24.123-08:00</STime>
<SUpdate>2007-12-26T12:36:09.123-08:00</SUpdate>
<SDesc>enter text here for an example of clob</SDesc>
</msgns:StreamOutput3_MsgObj>
<msgns:StreamOutput3_MsgObj xmlns:msgns="RelationStreamInput.RelationStreamInput_iep">
<LastName>Chang</LastName>
<MiddleInit>L</MiddleInit>
<RegNum>27</RegNum>
<Income>57300.0</Income>
<RegionNum>9001020304</RegionNum>
<SDate>1976-10-29-07:00</SDate>
<STime>23:35:45.091-08:00</STime>
<SUpdate>2008-06-30T18:41:09.165-07:00</SUpdate>
<SDesc>enter text here for an example of clob</SDesc>
</msgns:StreamOutput3_MsgObj>
<msgns:StreamOutput3_MsgObj xmlns:msgns="RelationStreamInput.RelationStreamInput_iep">
<LastName>Kenobi</LastName>
<MiddleInit>O</MiddleInit>
<RegNum>38</RegNum>
<Income>62100.0</Income>
<RegionNum>400010203</RegionNum>
<SDate>1999-01-05-08:00</SDate>
<STime>12:36:09.037-07:00</STime>
<SUpdate>1999-01-06T11:36:09.037-08:00</SUpdate>
<SDesc>enter text here for an example of clob</SDesc>
</msgns:StreamOutput3_MsgObj>
<msgns:StreamOutput3_MsgObj xmlns:msgns="RelationStreamInput.RelationStreamInput_iep">
<LastName>Chang</LastName>
<MiddleInit>L</MiddleInit>
<RegNum>27</RegNum>
<Income>57300.0</Income>
<RegionNum>9001020304</RegionNum>
<SDate>1976-10-29-07:00</SDate>
<STime>23:35:45.091-08:00</STime>
<SUpdate>2008-06-30T18:41:09.165-07:00</SUpdate>
<SDesc>enter text here for an example of clob</SDesc>
</msgns:StreamOutput3_MsgObj>
<msgns:StreamOutput3_MsgObj xmlns:msgns="RelationStreamInput.RelationStreamInput_iep">
<LastName>Day</LastName>
<MiddleInit>V</MiddleInit>
<RegNum>40</RegNum>
<Income>87500.99</Income>
<RegionNum>300010203</RegionNum>
<SDate>1966-12-30-08:00</SDate>
<STime>20:04:09.065-06:00</STime>
<SUpdate>1966-12-31T18:04:09.065-08:00</SUpdate>
<SDesc>enter text here for an example of clob</SDesc>
</msgns:StreamOutput3_MsgObj>
<msgns:StreamOutput3_MsgObj xmlns:msgns="RelationStreamInput.RelationStreamInput_iep">
<LastName>Kenobi</LastName>
<MiddleInit>O</MiddleInit>
<RegNum>38</RegNum>
<Income>62100.0</Income>
<RegionNum>400010203</RegionNum>
<SDate>1999-01-05-08:00</SDate>
<STime>12:36:09.037-07:00</STime>
<SUpdate>1999-01-06T11:36:09.037-08:00</SUpdate>
<SDesc>enter text here for an example of clob</SDesc>
</msgns:StreamOutput3_MsgObj>
<msgns:StreamOutput3_MsgObj xmlns:msgns="RelationStreamInput.RelationStreamInput_iep">
<LastName>Kirk</LastName>
<MiddleInit>O</MiddleInit>
<RegNum>13</RegNum>
<Income>51500.0</Income>
<RegionNum>900010203</RegionNum>
<SDate>2002-06-28-07:00</SDate>
<STime>18:06:09.967-01:00</STime>
<SUpdate>2002-06-29T12:06:09.067-07:00</SUpdate>
<SDesc>enter text here for an example of clob</SDesc>
</msgns:StreamOutput3_MsgObj>
<msgns:StreamOutput3_MsgObj xmlns:msgns="RelationStreamInput.RelationStreamInput_iep">
<LastName>Day</LastName>
<MiddleInit>V</MiddleInit>
<RegNum>40</RegNum>
<Income>87500.99</Income>
<RegionNum>300010203</RegionNum>
<SDate>1966-12-30-08:00</SDate>
<STime>20:04:09.065-06:00</STime>
<SUpdate>1966-12-31T18:04:09.065-08:00</SUpdate>
<SDesc>enter text here for an example of clob</SDesc>
</msgns:StreamOutput3_MsgObj>
<msgns:StreamOutput3_MsgObj xmlns:msgns="RelationStreamInput.RelationStreamInput_iep">
<LastName>Kenobi</LastName>
<MiddleInit>O</MiddleInit>
<RegNum>41</RegNum>
<Income>57300.0</Income>
<RegionNum>400010203</RegionNum>
<SDate>2002-06-29-07:00</SDate>
<STime>17:41:09.042-00:00</STime>
<SUpdate>2002-06-30T10:41:09.042-07:00</SUpdate>
<SDesc>This is an IEP test.</SDesc>
</msgns:StreamOutput3_MsgObj>
<msgns:StreamOutput3_MsgObj xmlns:msgns="RelationStreamInput.RelationStreamInput_iep">
<LastName>Kirk</LastName>
<MiddleInit>O</MiddleInit>
<RegNum>13</RegNum>
<Income>51500.0</Income>
<RegionNum>900010203</RegionNum>
<SDate>2002-06-28-07:00</SDate>
<STime>18:06:09.967-01:00</STime>
<SUpdate>2002-06-29T12:06:09.067-07:00</SUpdate>
<SDesc>enter text here for an example of clob</SDesc>
</msgns:StreamOutput3_MsgObj>
<msgns:StreamOutput3_MsgObj xmlns:msgns="RelationStreamInput.RelationStreamInput_iep">
<LastName>Kenobi</LastName>
<MiddleInit>O</MiddleInit>
<RegNum>41</RegNum>
<Income>57300.0</Income>
<RegionNum>400010203</RegionNum>
<SDate>2002-06-29-07:00</SDate>
<STime>17:41:09.042-00:00</STime>
<SUpdate>2002-06-30T10:41:09.042-07:00</SUpdate>
<SDesc>This is an IEP test.</SDesc>
</msgns:StreamOutput3_MsgObj>
<msgns:StreamOutput3_MsgObj xmlns:msgns="RelationStreamInput.RelationStreamInput_iep">
<LastName>Day</LastName>
<MiddleInit>B</MiddleInit>
<RegNum>45</RegNum>
<Income>53899.0</Income>
<RegionNum>1001020304</RegionNum>
<SDate>1976-02-28-08:00</SDate>
<STime>23:35:45.096-05:00</STime>
<SUpdate>1976-02-29T20:35:45.096-08:00</SUpdate>
<SDesc>enter text here for an example of clob</SDesc>
</msgns:StreamOutput3_MsgObj>
<msgns:StreamOutput3_MsgObj xmlns:msgns="RelationStreamInput.RelationStreamInput_iep">
<LastName>Chang</LastName>
<MiddleInit>L</MiddleInit>
<RegNum>37</RegNum>
<Income>35200.0</Income>
<RegionNum>20010203</RegionNum>
<SDate>1948-02-28-08:00</SDate>
<STime>03:51:09.052-04:00</STime>
<SUpdate>1948-02-28T23:51:09.052-08:00</SUpdate>
<SDesc>This is an IEP test.</SDesc>
</msgns:StreamOutput3_MsgObj>
<msgns:StreamOutput3_MsgObj xmlns:msgns="RelationStreamInput.RelationStreamInput_iep">
<LastName>Day</LastName>
<MiddleInit>B</MiddleInit>
<RegNum>45</RegNum>
<Income>53899.0</Income>
<RegionNum>1001020304</RegionNum>
<SDate>1976-02-28-08:00</SDate>
<STime>23:35:45.096-05:00</STime>
<SUpdate>1976-02-29T20:35:45.096-08:00</SUpdate>
<SDesc>enter text here for an example of clob</SDesc>
</msgns:StreamOutput3_MsgObj>
