<greeting xmlns="http://xml.netbeans.org/schema/Greeting">
<ns0:hello xmlns:ns0="http://xml.netbeans.org/schema/Greeting">
<ns0:helloVerb>Hello</ns0:helloVerb>
<ns0:subject>Joe</ns0:subject>
</ns0:hello>
<ns0:intro xmlns:ns0="http://xml.netbeans.org/schema/Greeting">
<ns0:pronoun>This</ns0:pronoun>
<ns0:tobe>is</ns0:tobe>
<ns0:self>Duke</ns0:self>
</ns0:intro>
</greeting>
