CRASHPOINT : Not a valid crashpoint since no data has been persisted in the database at this point.
INSERT: StateDBOImpl[BPEL ID: {http://enterprise.netbeans.org/bpel/ForEachSimple}ForEachSimple][ENGINE ID: DYNAMIC_ENGINE_ID]
INSERT: LastCheckPointDBOImpl[ACTIVITY ID: 2000001][OLD ACTIVITY ID: -1][TIMER VALUE: null][PICK COMPOSITE ACT ID: 0][BRANCH INVOKE COUNTER: 0]
INSERT: VariableDBOImpl[ID: 1000000]
INSERT: ScopeDBOImpl[Scope ID: -2][ScopeState: R][CompletionOrder: 0][FaultName: null][FaultActivity ID: 0][Compensate Id: 0]
======================================================================
CRASHPOINT : 1
INSERT: VariableDBOImpl[ID: 1000001]
INSERT: SimpleVariableDBOImpl[ID: 1000002][Value: 1.00000]
INSERT: SimpleVariableDBOImpl[ID: 1000002][Value: 2.00000]
INSERT: SimpleVariableDBOImpl[ID: 1000002][Value: 0.00000]
INSERT: ScopeDBOImpl[Scope ID: 2000003][ScopeState: C][CompletionOrder: 2][FaultName: null][FaultActivity ID: 0][Compensate Id: 0]
INSERT: ScopeDBOImpl[Scope ID: 2000003][ScopeState: C][CompletionOrder: 3][FaultName: null][FaultActivity ID: 0][Compensate Id: 0]
INSERT: ScopeDBOImpl[Scope ID: 2000003][ScopeState: C][CompletionOrder: 1][FaultName: null][FaultActivity ID: 0][Compensate Id: 0]
UPDATE: LastCheckPointDBOImpl[ACTIVITY ID: 2000006][OLD ACTIVITY ID: 2000001][TIMER VALUE: null][PICK COMPOSITE ACT ID: 0][BRANCH INVOKE COUNTER: 1]
UPDATE: VariableDBOImpl[ID: 1000000]
======================================================================
CRASHPOINT : 2
DELETE: StateDBOImpl[BPEL ID: {http://enterprise.netbeans.org/bpel/ForEachSimple}ForEachSimple][ENGINE ID: DYNAMIC_ENGINE_ID]
======================================================================
