CRASHPOINT : Not a valid crashpoint since no data has been persisted in the database at this point.
INSERT: StateDBOImpl[BPEL ID: {http://www.seebeyond.com/eInsight/secondTest}secondTest][ENGINE ID: DYNAMIC_ENGINE_ID]
INSERT: LastCheckPointDBOImpl[ACTIVITY ID: 2000001][OLD ACTIVITY ID: -1][TIMER VALUE: null][PICK COMPOSITE ACT ID: 2000002][BRANCH INVOKE COUNTER: 0]
INSERT: VariableDBOImpl[ID: 1000002]
INSERT: ScopeDBOImpl[Scope ID: -2][ScopeState: R][CompletionOrder: 0][FaultName: null][FaultActivity ID: 0][Compensate Id: 0]
======================================================================
CRASHPOINT : 1
INSERT: SimpleVariableDBOImpl[ID: 1000000][Value: 0.00000]
INSERT: SimpleVariableDBOImpl[ID: 1000001][Value: 1.00000]
UPDATE: LastCheckPointDBOImpl[ACTIVITY ID: 2000009][OLD ACTIVITY ID: 2000001][TIMER VALUE: SOME_VAL][PICK COMPOSITE ACT ID: 0][BRANCH INVOKE COUNTER: 0]
======================================================================
CRASHPOINT : 2
UPDATE: LastCheckPointDBOImpl[ACTIVITY ID: 2000012][OLD ACTIVITY ID: 2000009][TIMER VALUE: SOME_VAL][PICK COMPOSITE ACT ID: 2000015][BRANCH INVOKE COUNTER: 0]
UPDATE: SimpleVariableDBOImpl[ID: 1000001][Value: 2.00000]
======================================================================
CRASHPOINT : 3
UPDATE: LastCheckPointDBOImpl[ACTIVITY ID: 2000021][OLD ACTIVITY ID: 2000012][TIMER VALUE: SOME_VAL][PICK COMPOSITE ACT ID: 0][BRANCH INVOKE COUNTER: 0]
UPDATE: SimpleVariableDBOImpl[ID: 1000000][Value: 1.00000]
======================================================================
CRASHPOINT : 4
UPDATE: LastCheckPointDBOImpl[ACTIVITY ID: 2000024][OLD ACTIVITY ID: 2000021][TIMER VALUE: SOME_VAL][PICK COMPOSITE ACT ID: 2000027][BRANCH INVOKE COUNTER: 0]
UPDATE: SimpleVariableDBOImpl[ID: 1000000][Value: 2.00000]
======================================================================
CRASHPOINT : 5
INSERT: VariableDBOImpl[ID: 1000003]
UPDATE: LastCheckPointDBOImpl[ACTIVITY ID: 2000030][OLD ACTIVITY ID: 2000024][TIMER VALUE: null][PICK COMPOSITE ACT ID: 0][BRANCH INVOKE COUNTER: 1]
======================================================================
CRASHPOINT : 6
DELETE: StateDBOImpl[BPEL ID: {http://www.seebeyond.com/eInsight/secondTest}secondTest][ENGINE ID: DYNAMIC_ENGINE_ID]
======================================================================
