======================================================================
======================================================================
======================================================================
======================================================================
======================================================================
INSERT: StateDBOImpl[BPEL ID: bpelse/bpeljbiadapter/build/test/classes/com/sun/jbi/engine/bpel/jbiadaptor/test/persistence/bpels/faulthandler/bpsimplethrow/deployedFolder/oneWayOperation.bpel][ENGINE ID: DYNAMIC_ENGINE_ID]
INSERT: LastCheckPointDBOImpl[ACTIVITY ID: 2000001][OLD ACTIVITY ID: -1][TIMER VALUE: null][HAS FAULTED: false][FAULT NAME: null][PICK COMPOSITE ACT ID: 0][BRANCH INVOKE COUNTER: 0]
INSERT: VariableDBOImpl[ID: 1000000]
======================================================================
INSERT: FaultHandlerDataDBOImpl[Scope ID: -2][fault Name: {http://docs.oasis-open.org/wsbpel/2.0/process/executable}testFault1]
UPDATE: LastCheckPointDBOImpl[ACTIVITY ID: 2000008][OLD ACTIVITY ID: 2000001][TIMER VALUE: null][HAS FAULTED: false][FAULT NAME: null][PICK COMPOSITE ACT ID: 0][BRANCH INVOKE COUNTER: 0]
======================================================================
DELETE: StateDBOImpl[BPEL ID: bpelse/bpeljbiadapter/build/test/classes/com/sun/jbi/engine/bpel/jbiadaptor/test/persistence/bpels/faulthandler/bpsimplethrow/deployedFolder/oneWayOperation.bpel][ENGINE ID: DYNAMIC_ENGINE_ID]
======================================================================
