<<<<<<<<<<<InstanceEvent:BP_START   {urn:assign:assignService}assignTest<<<<<<<<<<<
>>>>>>>>>>>>>>>>>>>>>>>>>>>>>>>
<<<<<<<<<<<ActivityEvent:ACTIVITY_START   sequence<<<<<<<<<<<
BPELName{urn:assign:assignService}assignTest
ActivityId:2000000
ActivityName:sequence
XPath:/bpel_20:process/bpel_20:sequence
>>>>>>>>>>>>>>>>>>>>>>>>>>>>>>>
<<<<<<<<<<<ActivityEvent:ACTIVITY_START   receive<<<<<<<<<<<
BPELName{urn:assign:assignService}assignTest
ActivityId:2000001
ActivityName:receive
XPath:/bpel_20:process/bpel_20:sequence/bpel_20:receive
>>>>>>>>>>>>>>>>>>>>>>>>>>>>>>>
<<<<<<<<<<<VariableEvent:VARIABLE_CHANGED   /bpel_20:process/bpel_20:sequence/bpel_20:receive<<<<<<<<<<<
BPELName{urn:assign:assignService}assignTest
ActivityId:2000001

VariableType:INPUT
---------------Variable:request---------------
ScopeId:-2
DataType:Message
Value:<?xml version="1.0" encoding="UTF-8"?><jbi:message xmlns:jbi="http://java.sun.com/xml/ns/jbi/wsdl-11-wrapper" xmlns:msgns="urn:assign:assignService" type="msgns:AssignMessageType" version="1.0"><jbi:part>?string?</jbi:part></jbi:message>
VarId:1000000
VarName:request
FaultName:null
---------------------------------------------

XPath:/bpel_20:process/bpel_20:sequence/bpel_20:receive
>>>>>>>>>>>>>>>>>>>>>>>>>>>>>>>
<<<<<<<<<<<ActivityEvent:ACTIVITY_COMPLETED   receive<<<<<<<<<<<
BPELName{urn:assign:assignService}assignTest
ActivityId:2000001
ActivityName:receive
XPath:/bpel_20:process/bpel_20:sequence/bpel_20:receive
>>>>>>>>>>>>>>>>>>>>>>>>>>>>>>>
<<<<<<<<<<<ActivityEvent:ACTIVITY_START   assign<<<<<<<<<<<
BPELName{urn:assign:assignService}assignTest
ActivityId:2000002
ActivityName:assign
XPath:/bpel_20:process/bpel_20:sequence/bpel_20:assign
>>>>>>>>>>>>>>>>>>>>>>>>>>>>>>>
<<<<<<<<<<<VariableEvent:VARIABLE_CHANGED   /bpel_20:process/bpel_20:sequence/bpel_20:assign<<<<<<<<<<<
BPELName{urn:assign:assignService}assignTest
ActivityId:2000002

VariableType:NEW
---------------Variable:response---------------
ScopeId:-2
DataType:Message
Value:<?xml version="1.0" encoding="UTF-8"?><jbi:message xmlns:msgns="urn:assign:assignService" type="msgns:AssignMessageType" version="1.0" xmlns:jbi="http://java.sun.com/xml/ns/jbi/wsdl-11-wrapper"><jbi:part>?string?</jbi:part></jbi:message>
VarId:1000001
VarName:response
FaultName:null
---------------------------------------------

XPath:/bpel_20:process/bpel_20:sequence/bpel_20:assign
>>>>>>>>>>>>>>>>>>>>>>>>>>>>>>>
<<<<<<<<<<<ActivityEvent:ACTIVITY_COMPLETED   assign<<<<<<<<<<<
BPELName{urn:assign:assignService}assignTest
ActivityId:2000002
ActivityName:assign
XPath:/bpel_20:process/bpel_20:sequence/bpel_20:assign
>>>>>>>>>>>>>>>>>>>>>>>>>>>>>>>
<<<<<<<<<<<ActivityEvent:ACTIVITY_START   invoke<<<<<<<<<<<
BPELName{urn:assign:assignService}assignTest
ActivityId:2000003
ActivityName:invoke
XPath:/bpel_20:process/bpel_20:sequence/bpel_20:invoke
>>>>>>>>>>>>>>>>>>>>>>>>>>>>>>>
<<<<<<<<<<<VariableEvent:VARIABLE_CHANGED   /bpel_20:process/bpel_20:sequence/bpel_20:invoke<<<<<<<<<<<
BPELName{urn:assign:assignService}assignTest
ActivityId:2000003

VariableType:INPUT
---------------Variable:response---------------
ScopeId:-2
DataType:Message
Value:<?xml version="1.0" encoding="UTF-8"?><jbi:message xmlns:msgns="urn:assign:assignService" type="msgns:AssignMessageType" version="1.0" xmlns:jbi="http://java.sun.com/xml/ns/jbi/wsdl-11-wrapper"><jbi:part>?string?</jbi:part></jbi:message>
VarId:1000001
VarName:response
FaultName:null
---------------------------------------------

XPath:/bpel_20:process/bpel_20:sequence/bpel_20:invoke
>>>>>>>>>>>>>>>>>>>>>>>>>>>>>>>
<<<<<<<<<<<ActivityEvent:ACTIVITY_COMPLETED   invoke<<<<<<<<<<<
BPELName{urn:assign:assignService}assignTest
ActivityId:2000003
ActivityName:invoke
XPath:/bpel_20:process/bpel_20:sequence/bpel_20:invoke
>>>>>>>>>>>>>>>>>>>>>>>>>>>>>>>
<<<<<<<<<<<ActivityEvent:ACTIVITY_COMPLETED   sequence<<<<<<<<<<<
BPELName{urn:assign:assignService}assignTest
ActivityId:2000000
ActivityName:sequence
XPath:/bpel_20:process/bpel_20:sequence
>>>>>>>>>>>>>>>>>>>>>>>>>>>>>>>
<<<<<<<<<<<InstanceEvent:BP_COMPLETE   {urn:assign:assignService}assignTest<<<<<<<<<<<
>>>>>>>>>>>>>>>>>>>>>>>>>>>>>>>
