      <exec:message use="encoded" encodingStyle="customencoder-1.0" required="false"/>
