<<<<<<<<<<<InstanceEvent:BP_START   {http://sun.com/bpel/WhileWait}WhileWait<<<<<<<<<<<
>>>>>>>>>>>>>>>>>>>>>>>>>>>>>>>
<<<<<<<<<<<ActivityEvent:ACTIVITY_START   sequence<<<<<<<<<<<
BPELName{http://sun.com/bpel/WhileWait}WhileWait
ActivityId:2000000
ActivityName:sequence
XPath:/bpws:process/bpws:sequence
>>>>>>>>>>>>>>>>>>>>>>>>>>>>>>>
<<<<<<<<<<<ActivityEvent:ACTIVITY_START   receive<<<<<<<<<<<
BPELName{http://sun.com/bpel/WhileWait}WhileWait
ActivityId:2000001
ActivityName:receive
XPath:/bpws:process/bpws:sequence/bpws:receive
>>>>>>>>>>>>>>>>>>>>>>>>>>>>>>>
<<<<<<<<<<<VariableEvent:VARIABLE_CHANGED   /bpws:process/bpws:sequence/bpws:receive<<<<<<<<<<<
BPELName{http://sun.com/bpel/WhileWait}WhileWait
ActivityId:2000001

VariableType:INPUT
---------------Variable:WhileWaitInMessage---------------
ScopeId:-2
DataType:Message
Value:<?xml version="1.0" encoding="UTF-8"?><jbi:message xmlns:jbi="http://java.sun.com/xml/ns/jbi/wsdl-11-wrapper" xmlns:msgns="http://sun.com/wsdl/WhileWait" type="msgns:WhileWaitMessage" version="1.0"><jbi:part>while</jbi:part><jbi:part>3</jbi:part><jbi:part>P0Y0M0DT0H0M3S</jbi:part></jbi:message>
VarId:1000002
VarName:WhileWaitInMessage
FaultName:null
---------------------------------------------

XPath:/bpws:process/bpws:sequence/bpws:receive
>>>>>>>>>>>>>>>>>>>>>>>>>>>>>>>
<<<<<<<<<<<ActivityEvent:ACTIVITY_COMPLETED   receive<<<<<<<<<<<
BPELName{http://sun.com/bpel/WhileWait}WhileWait
ActivityId:2000001
ActivityName:receive
XPath:/bpws:process/bpws:sequence/bpws:receive
>>>>>>>>>>>>>>>>>>>>>>>>>>>>>>>
<<<<<<<<<<<ActivityEvent:ACTIVITY_START   assign<<<<<<<<<<<
BPELName{http://sun.com/bpel/WhileWait}WhileWait
ActivityId:2000002
ActivityName:assign
XPath:/bpws:process/bpws:sequence/bpws:assign[1]
>>>>>>>>>>>>>>>>>>>>>>>>>>>>>>>
<<<<<<<<<<<VariableEvent:VARIABLE_CHANGED   /bpws:process/bpws:sequence/bpws:assign[1]<<<<<<<<<<<
BPELName{http://sun.com/bpel/WhileWait}WhileWait
ActivityId:2000002

VariableType:NEW
---------------Variable:WhileCounter---------------
ScopeId:-2
DataType:Number
Value:0
VarId:1000000
VarName:WhileCounter
FaultName:null
---------------------------------------------

XPath:/bpws:process/bpws:sequence/bpws:assign[1]
>>>>>>>>>>>>>>>>>>>>>>>>>>>>>>>
<<<<<<<<<<<ActivityEvent:ACTIVITY_COMPLETED   assign<<<<<<<<<<<
BPELName{http://sun.com/bpel/WhileWait}WhileWait
ActivityId:2000002
ActivityName:assign
XPath:/bpws:process/bpws:sequence/bpws:assign[1]
>>>>>>>>>>>>>>>>>>>>>>>>>>>>>>>
<<<<<<<<<<<ActivityEvent:ACTIVITY_START   while<<<<<<<<<<<
BPELName{http://sun.com/bpel/WhileWait}WhileWait
ActivityId:2000003
ActivityName:while
XPath:/bpws:process/bpws:sequence/bpws:while
>>>>>>>>>>>>>>>>>>>>>>>>>>>>>>>
<<<<<<<<<<<ActivityEvent:ACTIVITY_START   sequence<<<<<<<<<<<
BPELName{http://sun.com/bpel/WhileWait}WhileWait
ActivityId:2000004
ActivityName:sequence
XPath:/bpws:process/bpws:sequence/bpws:while/bpws:sequence
>>>>>>>>>>>>>>>>>>>>>>>>>>>>>>>
<<<<<<<<<<<ActivityEvent:ACTIVITY_START   wait<<<<<<<<<<<
BPELName{http://sun.com/bpel/WhileWait}WhileWait
ActivityId:2000005
ActivityName:wait
XPath:/bpws:process/bpws:sequence/bpws:while/bpws:sequence/bpws:wait
>>>>>>>>>>>>>>>>>>>>>>>>>>>>>>>
<<<<<<<<<<<ActivityEvent:ACTIVITY_COMPLETED   wait<<<<<<<<<<<
BPELName{http://sun.com/bpel/WhileWait}WhileWait
ActivityId:2000005
ActivityName:wait
XPath:/bpws:process/bpws:sequence/bpws:while/bpws:sequence/bpws:wait
>>>>>>>>>>>>>>>>>>>>>>>>>>>>>>>
<<<<<<<<<<<ActivityEvent:ACTIVITY_START   assign<<<<<<<<<<<
BPELName{http://sun.com/bpel/WhileWait}WhileWait
ActivityId:2000006
ActivityName:assign
XPath:/bpws:process/bpws:sequence/bpws:while/bpws:sequence/bpws:assign[1]
>>>>>>>>>>>>>>>>>>>>>>>>>>>>>>>
<<<<<<<<<<<VariableEvent:VARIABLE_CHANGED   /bpws:process/bpws:sequence/bpws:while/bpws:sequence/bpws:assign[1]<<<<<<<<<<<
BPELName{http://sun.com/bpel/WhileWait}WhileWait
ActivityId:2000006

VariableType:NEW
---------------Variable:WhileCounter---------------
ScopeId:-2
DataType:Number
Value:1
VarId:1000000
VarName:WhileCounter
FaultName:null
---------------------------------------------

XPath:/bpws:process/bpws:sequence/bpws:while/bpws:sequence/bpws:assign[1]
>>>>>>>>>>>>>>>>>>>>>>>>>>>>>>>
<<<<<<<<<<<ActivityEvent:ACTIVITY_COMPLETED   assign<<<<<<<<<<<
BPELName{http://sun.com/bpel/WhileWait}WhileWait
ActivityId:2000006
ActivityName:assign
XPath:/bpws:process/bpws:sequence/bpws:while/bpws:sequence/bpws:assign[1]
>>>>>>>>>>>>>>>>>>>>>>>>>>>>>>>
<<<<<<<<<<<ActivityEvent:ACTIVITY_START   assign<<<<<<<<<<<
BPELName{http://sun.com/bpel/WhileWait}WhileWait
ActivityId:2000007
ActivityName:assign
XPath:/bpws:process/bpws:sequence/bpws:while/bpws:sequence/bpws:assign[2]
>>>>>>>>>>>>>>>>>>>>>>>>>>>>>>>
<<<<<<<<<<<VariableEvent:VARIABLE_CHANGED   /bpws:process/bpws:sequence/bpws:while/bpws:sequence/bpws:assign[2]<<<<<<<<<<<
BPELName{http://sun.com/bpel/WhileWait}WhileWait
ActivityId:2000007

VariableType:NEW
---------------Variable:WhileWaitInMessage---------------
ScopeId:-2
DataType:Message
Value:<?xml version="1.0" encoding="UTF-8"?><jbi:message xmlns:msgns="http://sun.com/wsdl/WhileWait" type="msgns:WhileWaitMessage" version="1.0" xmlns:jbi="http://java.sun.com/xml/ns/jbi/wsdl-11-wrapper"><jbi:part>while***Loop1</jbi:part><jbi:part>3</jbi:part><jbi:part>P0Y0M0DT0H0M3S</jbi:part></jbi:message>
VarId:1000002
VarName:WhileWaitInMessage
FaultName:null
---------------------------------------------

XPath:/bpws:process/bpws:sequence/bpws:while/bpws:sequence/bpws:assign[2]
>>>>>>>>>>>>>>>>>>>>>>>>>>>>>>>
<<<<<<<<<<<ActivityEvent:ACTIVITY_COMPLETED   assign<<<<<<<<<<<
BPELName{http://sun.com/bpel/WhileWait}WhileWait
ActivityId:2000007
ActivityName:assign
XPath:/bpws:process/bpws:sequence/bpws:while/bpws:sequence/bpws:assign[2]
>>>>>>>>>>>>>>>>>>>>>>>>>>>>>>>
<<<<<<<<<<<ActivityEvent:ACTIVITY_COMPLETED   sequence<<<<<<<<<<<
BPELName{http://sun.com/bpel/WhileWait}WhileWait
ActivityId:2000004
ActivityName:sequence
XPath:/bpws:process/bpws:sequence/bpws:while/bpws:sequence
>>>>>>>>>>>>>>>>>>>>>>>>>>>>>>>
<<<<<<<<<<<ActivityEvent:ACTIVITY_START   sequence<<<<<<<<<<<
BPELName{http://sun.com/bpel/WhileWait}WhileWait
ActivityId:2000004
ActivityName:sequence
XPath:/bpws:process/bpws:sequence/bpws:while/bpws:sequence
>>>>>>>>>>>>>>>>>>>>>>>>>>>>>>>
<<<<<<<<<<<ActivityEvent:ACTIVITY_START   wait<<<<<<<<<<<
BPELName{http://sun.com/bpel/WhileWait}WhileWait
ActivityId:2000005
ActivityName:wait
XPath:/bpws:process/bpws:sequence/bpws:while/bpws:sequence/bpws:wait
>>>>>>>>>>>>>>>>>>>>>>>>>>>>>>>
<<<<<<<<<<<ActivityEvent:ACTIVITY_COMPLETED   wait<<<<<<<<<<<
BPELName{http://sun.com/bpel/WhileWait}WhileWait
ActivityId:2000005
ActivityName:wait
XPath:/bpws:process/bpws:sequence/bpws:while/bpws:sequence/bpws:wait
>>>>>>>>>>>>>>>>>>>>>>>>>>>>>>>
<<<<<<<<<<<ActivityEvent:ACTIVITY_START   assign<<<<<<<<<<<
BPELName{http://sun.com/bpel/WhileWait}WhileWait
ActivityId:2000006
ActivityName:assign
XPath:/bpws:process/bpws:sequence/bpws:while/bpws:sequence/bpws:assign[1]
>>>>>>>>>>>>>>>>>>>>>>>>>>>>>>>
<<<<<<<<<<<VariableEvent:VARIABLE_CHANGED   /bpws:process/bpws:sequence/bpws:while/bpws:sequence/bpws:assign[1]<<<<<<<<<<<
BPELName{http://sun.com/bpel/WhileWait}WhileWait
ActivityId:2000006

VariableType:NEW
---------------Variable:WhileCounter---------------
ScopeId:-2
DataType:Number
Value:2
VarId:1000000
VarName:WhileCounter
FaultName:null
---------------------------------------------

XPath:/bpws:process/bpws:sequence/bpws:while/bpws:sequence/bpws:assign[1]
>>>>>>>>>>>>>>>>>>>>>>>>>>>>>>>
<<<<<<<<<<<ActivityEvent:ACTIVITY_COMPLETED   assign<<<<<<<<<<<
BPELName{http://sun.com/bpel/WhileWait}WhileWait
ActivityId:2000006
ActivityName:assign
XPath:/bpws:process/bpws:sequence/bpws:while/bpws:sequence/bpws:assign[1]
>>>>>>>>>>>>>>>>>>>>>>>>>>>>>>>
<<<<<<<<<<<ActivityEvent:ACTIVITY_START   assign<<<<<<<<<<<
BPELName{http://sun.com/bpel/WhileWait}WhileWait
ActivityId:2000007
ActivityName:assign
XPath:/bpws:process/bpws:sequence/bpws:while/bpws:sequence/bpws:assign[2]
>>>>>>>>>>>>>>>>>>>>>>>>>>>>>>>
<<<<<<<<<<<VariableEvent:VARIABLE_CHANGED   /bpws:process/bpws:sequence/bpws:while/bpws:sequence/bpws:assign[2]<<<<<<<<<<<
BPELName{http://sun.com/bpel/WhileWait}WhileWait
ActivityId:2000007

VariableType:NEW
---------------Variable:WhileWaitInMessage---------------
ScopeId:-2
DataType:Message
Value:<?xml version="1.0" encoding="UTF-8"?><jbi:message xmlns:msgns="http://sun.com/wsdl/WhileWait" type="msgns:WhileWaitMessage" version="1.0" xmlns:jbi="http://java.sun.com/xml/ns/jbi/wsdl-11-wrapper"><jbi:part>while***Loop1***Loop2</jbi:part><jbi:part>3</jbi:part><jbi:part>P0Y0M0DT0H0M3S</jbi:part></jbi:message>
VarId:1000002
VarName:WhileWaitInMessage
FaultName:null
---------------------------------------------

XPath:/bpws:process/bpws:sequence/bpws:while/bpws:sequence/bpws:assign[2]
>>>>>>>>>>>>>>>>>>>>>>>>>>>>>>>
<<<<<<<<<<<ActivityEvent:ACTIVITY_COMPLETED   assign<<<<<<<<<<<
BPELName{http://sun.com/bpel/WhileWait}WhileWait
ActivityId:2000007
ActivityName:assign
XPath:/bpws:process/bpws:sequence/bpws:while/bpws:sequence/bpws:assign[2]
>>>>>>>>>>>>>>>>>>>>>>>>>>>>>>>
<<<<<<<<<<<ActivityEvent:ACTIVITY_COMPLETED   sequence<<<<<<<<<<<
BPELName{http://sun.com/bpel/WhileWait}WhileWait
ActivityId:2000004
ActivityName:sequence
XPath:/bpws:process/bpws:sequence/bpws:while/bpws:sequence
>>>>>>>>>>>>>>>>>>>>>>>>>>>>>>>
<<<<<<<<<<<ActivityEvent:ACTIVITY_START   sequence<<<<<<<<<<<
BPELName{http://sun.com/bpel/WhileWait}WhileWait
ActivityId:2000004
ActivityName:sequence
XPath:/bpws:process/bpws:sequence/bpws:while/bpws:sequence
>>>>>>>>>>>>>>>>>>>>>>>>>>>>>>>
<<<<<<<<<<<ActivityEvent:ACTIVITY_START   wait<<<<<<<<<<<
BPELName{http://sun.com/bpel/WhileWait}WhileWait
ActivityId:2000005
ActivityName:wait
XPath:/bpws:process/bpws:sequence/bpws:while/bpws:sequence/bpws:wait
>>>>>>>>>>>>>>>>>>>>>>>>>>>>>>>
<<<<<<<<<<<ActivityEvent:ACTIVITY_COMPLETED   wait<<<<<<<<<<<
BPELName{http://sun.com/bpel/WhileWait}WhileWait
ActivityId:2000005
ActivityName:wait
XPath:/bpws:process/bpws:sequence/bpws:while/bpws:sequence/bpws:wait
>>>>>>>>>>>>>>>>>>>>>>>>>>>>>>>
<<<<<<<<<<<ActivityEvent:ACTIVITY_START   assign<<<<<<<<<<<
BPELName{http://sun.com/bpel/WhileWait}WhileWait
ActivityId:2000006
ActivityName:assign
XPath:/bpws:process/bpws:sequence/bpws:while/bpws:sequence/bpws:assign[1]
>>>>>>>>>>>>>>>>>>>>>>>>>>>>>>>
<<<<<<<<<<<VariableEvent:VARIABLE_CHANGED   /bpws:process/bpws:sequence/bpws:while/bpws:sequence/bpws:assign[1]<<<<<<<<<<<
BPELName{http://sun.com/bpel/WhileWait}WhileWait
ActivityId:2000006

VariableType:NEW
---------------Variable:WhileCounter---------------
ScopeId:-2
DataType:Number
Value:3
VarId:1000000
VarName:WhileCounter
FaultName:null
---------------------------------------------

XPath:/bpws:process/bpws:sequence/bpws:while/bpws:sequence/bpws:assign[1]
>>>>>>>>>>>>>>>>>>>>>>>>>>>>>>>
<<<<<<<<<<<ActivityEvent:ACTIVITY_COMPLETED   assign<<<<<<<<<<<
BPELName{http://sun.com/bpel/WhileWait}WhileWait
ActivityId:2000006
ActivityName:assign
XPath:/bpws:process/bpws:sequence/bpws:while/bpws:sequence/bpws:assign[1]
>>>>>>>>>>>>>>>>>>>>>>>>>>>>>>>
<<<<<<<<<<<ActivityEvent:ACTIVITY_START   assign<<<<<<<<<<<
BPELName{http://sun.com/bpel/WhileWait}WhileWait
ActivityId:2000007
ActivityName:assign
XPath:/bpws:process/bpws:sequence/bpws:while/bpws:sequence/bpws:assign[2]
>>>>>>>>>>>>>>>>>>>>>>>>>>>>>>>
<<<<<<<<<<<VariableEvent:VARIABLE_CHANGED   /bpws:process/bpws:sequence/bpws:while/bpws:sequence/bpws:assign[2]<<<<<<<<<<<
BPELName{http://sun.com/bpel/WhileWait}WhileWait
ActivityId:2000007

VariableType:NEW
---------------Variable:WhileWaitInMessage---------------
ScopeId:-2
DataType:Message
Value:<?xml version="1.0" encoding="UTF-8"?><jbi:message xmlns:msgns="http://sun.com/wsdl/WhileWait" type="msgns:WhileWaitMessage" version="1.0" xmlns:jbi="http://java.sun.com/xml/ns/jbi/wsdl-11-wrapper"><jbi:part>while***Loop1***Loop2***Loop3</jbi:part><jbi:part>3</jbi:part><jbi:part>P0Y0M0DT0H0M3S</jbi:part></jbi:message>
VarId:1000002
VarName:WhileWaitInMessage
FaultName:null
---------------------------------------------

XPath:/bpws:process/bpws:sequence/bpws:while/bpws:sequence/bpws:assign[2]
>>>>>>>>>>>>>>>>>>>>>>>>>>>>>>>
<<<<<<<<<<<ActivityEvent:ACTIVITY_COMPLETED   assign<<<<<<<<<<<
BPELName{http://sun.com/bpel/WhileWait}WhileWait
ActivityId:2000007
ActivityName:assign
XPath:/bpws:process/bpws:sequence/bpws:while/bpws:sequence/bpws:assign[2]
>>>>>>>>>>>>>>>>>>>>>>>>>>>>>>>
<<<<<<<<<<<ActivityEvent:ACTIVITY_COMPLETED   sequence<<<<<<<<<<<
BPELName{http://sun.com/bpel/WhileWait}WhileWait
ActivityId:2000004
ActivityName:sequence
XPath:/bpws:process/bpws:sequence/bpws:while/bpws:sequence
>>>>>>>>>>>>>>>>>>>>>>>>>>>>>>>
<<<<<<<<<<<ActivityEvent:ACTIVITY_COMPLETED   while<<<<<<<<<<<
BPELName{http://sun.com/bpel/WhileWait}WhileWait
ActivityId:2000003
ActivityName:while
XPath:/bpws:process/bpws:sequence/bpws:while
>>>>>>>>>>>>>>>>>>>>>>>>>>>>>>>
<<<<<<<<<<<ActivityEvent:ACTIVITY_START   assign<<<<<<<<<<<
BPELName{http://sun.com/bpel/WhileWait}WhileWait
ActivityId:2000008
ActivityName:assign
XPath:/bpws:process/bpws:sequence/bpws:assign[2]
>>>>>>>>>>>>>>>>>>>>>>>>>>>>>>>
<<<<<<<<<<<VariableEvent:VARIABLE_CHANGED   /bpws:process/bpws:sequence/bpws:assign[2]<<<<<<<<<<<
BPELName{http://sun.com/bpel/WhileWait}WhileWait
ActivityId:2000008

VariableType:NEW
---------------Variable:WhileWaitOutMessage---------------
ScopeId:-2
DataType:Message
Value:<?xml version="1.0" encoding="UTF-8"?><jbi:message xmlns:msgns="http://sun.com/wsdl/WhileWait" type="msgns:WhileWaitMessage" version="1.0" xmlns:jbi="http://java.sun.com/xml/ns/jbi/wsdl-11-wrapper"><jbi:part>while***Loop1***Loop2***Loop3</jbi:part><jbi:part>3</jbi:part><jbi:part>P0Y0M0DT0H0M3S</jbi:part></jbi:message>
VarId:1000001
VarName:WhileWaitOutMessage
FaultName:null
---------------------------------------------

XPath:/bpws:process/bpws:sequence/bpws:assign[2]
>>>>>>>>>>>>>>>>>>>>>>>>>>>>>>>
<<<<<<<<<<<ActivityEvent:ACTIVITY_COMPLETED   assign<<<<<<<<<<<
BPELName{http://sun.com/bpel/WhileWait}WhileWait
ActivityId:2000008
ActivityName:assign
XPath:/bpws:process/bpws:sequence/bpws:assign[2]
>>>>>>>>>>>>>>>>>>>>>>>>>>>>>>>
<<<<<<<<<<<ActivityEvent:ACTIVITY_START   invoke<<<<<<<<<<<
BPELName{http://sun.com/bpel/WhileWait}WhileWait
ActivityId:2000009
ActivityName:invoke
XPath:/bpws:process/bpws:sequence/bpws:invoke
>>>>>>>>>>>>>>>>>>>>>>>>>>>>>>>
<<<<<<<<<<<VariableEvent:VARIABLE_CHANGED   /bpws:process/bpws:sequence/bpws:invoke<<<<<<<<<<<
BPELName{http://sun.com/bpel/WhileWait}WhileWait
ActivityId:2000009

VariableType:INPUT
---------------Variable:WhileWaitOutMessage---------------
ScopeId:-2
DataType:Message
Value:<?xml version="1.0" encoding="UTF-8"?><jbi:message xmlns:msgns="http://sun.com/wsdl/WhileWait" type="msgns:WhileWaitMessage" version="1.0" xmlns:jbi="http://java.sun.com/xml/ns/jbi/wsdl-11-wrapper"><jbi:part>while***Loop1***Loop2***Loop3</jbi:part><jbi:part>3</jbi:part><jbi:part>P0Y0M0DT0H0M3S</jbi:part></jbi:message>
VarId:1000001
VarName:WhileWaitOutMessage
FaultName:null
---------------------------------------------

XPath:/bpws:process/bpws:sequence/bpws:invoke
>>>>>>>>>>>>>>>>>>>>>>>>>>>>>>>
<<<<<<<<<<<ActivityEvent:ACTIVITY_COMPLETED   invoke<<<<<<<<<<<
BPELName{http://sun.com/bpel/WhileWait}WhileWait
ActivityId:2000009
ActivityName:invoke
XPath:/bpws:process/bpws:sequence/bpws:invoke
>>>>>>>>>>>>>>>>>>>>>>>>>>>>>>>
<<<<<<<<<<<ActivityEvent:ACTIVITY_COMPLETED   sequence<<<<<<<<<<<
BPELName{http://sun.com/bpel/WhileWait}WhileWait
ActivityId:2000000
ActivityName:sequence
XPath:/bpws:process/bpws:sequence
>>>>>>>>>>>>>>>>>>>>>>>>>>>>>>>
<<<<<<<<<<<InstanceEvent:BP_COMPLETE   {http://sun.com/bpel/WhileWait}WhileWait<<<<<<<<<<<
>>>>>>>>>>>>>>>>>>>>>>>>>>>>>>>
