CRASHPOINT : Not a valid crashpoint since no data has been persisted in the database at this point.
INSERT: StateDBOImpl[BPEL ID: {http://enterprise.netbeans.org/bpel/ExitBpel/ExitInForEachProcess}ExitInForEachProcess][ENGINE ID: DYNAMIC_ENGINE_ID]
INSERT: LastCheckPointDBOImpl[ACTIVITY ID: 2000004][OLD ACTIVITY ID: -1][TIMER VALUE: null][PICK COMPOSITE ACT ID: 0][BRANCH INVOKE COUNTER: 0]
INSERT: VariableDBOImpl[ID: 1000001]
INSERT: ScopeDBOImpl[Scope ID: -2][ScopeState: R][CompletionOrder: 0][FaultName: null][FaultActivity ID: 0][Compensate Id: 0]
======================================================================
CRASHPOINT : 1
INSERT: SimpleVariableDBOImpl[ID: 1000000][Value: 1. Input is -  test]
INSERT: ScopeDBOImpl[Scope ID: 2000006][ScopeState: R][CompletionOrder: 0][FaultName: null][FaultActivity ID: 0][Compensate Id: 0]
UPDATE: LastCheckPointDBOImpl[ACTIVITY ID: 2000008][OLD ACTIVITY ID: 2000004][TIMER VALUE: null][PICK COMPOSITE ACT ID: 0][BRANCH INVOKE COUNTER: 0]
======================================================================
CRASHPOINT : 2
INSERT: LastCheckPointDBOImpl[ACTIVITY ID: 2000010][OLD ACTIVITY ID: -1][TIMER VALUE: SOME_VAL][PICK COMPOSITE ACT ID: 0][BRANCH INVOKE COUNTER: 0]
======================================================================
CRASHPOINT : 3
DELETE: StateDBOImpl[BPEL ID: {http://enterprise.netbeans.org/bpel/ExitBpel/ExitInForEachProcess}ExitInForEachProcess][ENGINE ID: DYNAMIC_ENGINE_ID]
======================================================================
