CRASHPOINT : Not a valid crashpoint since no data has been persisted in the database at this point.
INSERT: StateDBOImpl[BPEL ID: {http://enterprise.netbeans.org/bpel/NestedScope/NestedwithCompesateScope}NestedwithCompesateScope][ENGINE ID: DYNAMIC_ENGINE_ID]
INSERT: LastCheckPointDBOImpl[ACTIVITY ID: 2000004][OLD ACTIVITY ID: -1][TIMER VALUE: null][PICK COMPOSITE ACT ID: 0][BRANCH INVOKE COUNTER: 0]
INSERT: VariableDBOImpl[ID: 1000005]
INSERT: ScopeDBOImpl[Scope ID: -2][ScopeState: R][CompletionOrder: 0][FaultName: null][FaultActivity ID: 0][Compensate Id: 0]
======================================================================
CRASHPOINT : 1
INSERT: VariableDBOImpl[ID: 1000011]
INSERT: SimpleVariableDBOImpl[ID: 1000006][Value:  Starting Scope1:]
INSERT: SimpleVariableDBOImpl[ID: 1000010][Value:  Scope3 start: Scope3 End:]
INSERT: SimpleVariableDBOImpl[ID: 1000002][Value:  Scope3 start: Scope3 End:]
INSERT: SimpleVariableDBOImpl[ID: 1000001][Value:  Scope2 Start:]
INSERT: SimpleVariableDBOImpl[ID: 1000003][Value: In Msg: In Main process: Starting Scope1: Scope2 Start: Scope3 start: Scope3 End:]
INSERT: ScopeDBOImpl[Scope ID: 2000006][ScopeState: R][CompletionOrder: 0][FaultName: null][FaultActivity ID: 0][Compensate Id: 0]
INSERT: ScopeDBOImpl[Scope ID: 2000021][ScopeState: R][CompletionOrder: 0][FaultName: null][FaultActivity ID: 0][Compensate Id: 0]
INSERT: ScopeDBOImpl[Scope ID: 2000014][ScopeState: R][CompletionOrder: 0][FaultName: null][FaultActivity ID: 0][Compensate Id: 0]
UPDATE: LastCheckPointDBOImpl[ACTIVITY ID: 2000029][OLD ACTIVITY ID: 2000004][TIMER VALUE: null][PICK COMPOSITE ACT ID: 0][BRANCH INVOKE COUNTER: 1]
======================================================================
CRASHPOINT : 2
INSERT: VariableDBOImpl[ID: 1000007]
INSERT: SimpleVariableDBOImpl[ID: 1000000][Value:  Starting Scope1: In Scope1 before fault:]
UPDATE: LastCheckPointDBOImpl[ACTIVITY ID: 2000032][OLD ACTIVITY ID: 2000029][TIMER VALUE: null][PICK COMPOSITE ACT ID: 0][BRANCH INVOKE COUNTER: 2]
UPDATE: SimpleVariableDBOImpl[ID: 1000006][Value:  Starting Scope1: In Scope1 before fault:]
UPDATE: SimpleVariableDBOImpl[ID: 1000001][Value:  Scope2 Start: Scope2End:]
UPDATE: SimpleVariableDBOImpl[ID: 1000003][Value: In Msg: In Main process: Starting Scope1: Scope2 Start: Scope3 start: Scope3 End: Scope2End: In Scope1 before fault:]
UPDATE: ScopeDBOImpl[Scope ID: 2000021][ScopeState: C][CompletionOrder: 1][FaultName: null][FaultActivity ID: 0][Compensate Id: 0]
UPDATE: ScopeDBOImpl[Scope ID: 2000014][ScopeState: C][CompletionOrder: 1][FaultName: null][FaultActivity ID: 0][Compensate Id: 0]
======================================================================
CRASHPOINT : 3
INSERT: VariableDBOImpl[ID: 1000012]
UPDATE: LastCheckPointDBOImpl[ACTIVITY ID: 2000025][OLD ACTIVITY ID: 2000032][TIMER VALUE: null][PICK COMPOSITE ACT ID: 0][BRANCH INVOKE COUNTER: 3]
UPDATE: SimpleVariableDBOImpl[ID: 1000003][Value: In Msg: In Main process: Starting Scope1: Scope2 Start: Scope3 start: Scope3 End: Scope2End: In Scope1 before fault: Fault handled in Scope1: In Scope3 CH before fault:]
UPDATE: ScopeDBOImpl[Scope ID: 2000006][ScopeState: EFH][CompletionOrder: 0][FaultName: {http://docs.oasis-open.org/wsbpel/2.0/process/executable}uninitializedVariable][FaultActivity ID: 0][Compensate Id: 0]
UPDATE: ScopeDBOImpl[Scope ID: 2000021][ScopeState: ECH][CompletionOrder: 1][FaultName: null][FaultActivity ID: 0][Compensate Id: 2000016]
UPDATE: ScopeDBOImpl[Scope ID: 2000014][ScopeState: ECH][CompletionOrder: 1][FaultName: null][FaultActivity ID: 0][Compensate Id: 2000009]
======================================================================
CRASHPOINT : 4
INSERT: VariableDBOImpl[ID: 1000004]
UPDATE: LastCheckPointDBOImpl[ACTIVITY ID: 2000002][OLD ACTIVITY ID: 2000025][TIMER VALUE: null][PICK COMPOSITE ACT ID: 0][BRANCH INVOKE COUNTER: 4]
UPDATE: SimpleVariableDBOImpl[ID: 1000003][Value: In Msg: In Main process: Starting Scope1: Scope2 Start: Scope3 start: Scope3 End: Scope2End: In Scope1 before fault: Fault handled in Scope1: In Scope3 CH before fault: In Process FH:]
UPDATE: ScopeDBOImpl[Scope ID: 2000006][ScopeState: D][CompletionOrder: 0][FaultName: {http://docs.oasis-open.org/wsbpel/2.0/process/executable}uninitializedVariable][FaultActivity ID: 0][Compensate Id: 0]
UPDATE: ScopeDBOImpl[Scope ID: 2000021][ScopeState: D][CompletionOrder: 1][FaultName: {http://docs.oasis-open.org/wsbpel/2.0/process/executable}uninitializedVariable][FaultActivity ID: 0][Compensate Id: 2000016]
UPDATE: ScopeDBOImpl[Scope ID: -2][ScopeState: EFH][CompletionOrder: 0][FaultName: {http://docs.oasis-open.org/wsbpel/2.0/process/executable}uninitializedVariable][FaultActivity ID: 0][Compensate Id: 0]
UPDATE: ScopeDBOImpl[Scope ID: 2000014][ScopeState: D][CompletionOrder: 1][FaultName: {http://docs.oasis-open.org/wsbpel/2.0/process/executable}uninitializedVariable][FaultActivity ID: 0][Compensate Id: 2000009]
======================================================================
CRASHPOINT : 5
DELETE: StateDBOImpl[BPEL ID: {http://enterprise.netbeans.org/bpel/NestedScope/NestedwithCompesateScope}NestedwithCompesateScope][ENGINE ID: DYNAMIC_ENGINE_ID]
======================================================================
