Machine_Name IP_Address Owner|powell 129.153.167.123 James