a,the_default_value,the_default_value_2|0123456789defval         