HEAD,DP,CG,20,A771923,AA,D ,IBS_FX/MM,20080204,080548;DEAL,DP,CG,20,A771923,AA,N,672073,2,CGBO,D ,N,L,20080204,20080204,80548,20080204,20080221,XX,OLK     ,801633,0,I,Y,N,000000,USD,-80230.07,+0.00,USD,-80230.07,B,SM,1Y,1Y,N,F,N,+0.00,+0.0000000000,+0.0000000000,+0.0000000000,+0.0000000000,+3.0340000000,+0.0000000000,0,N,N ,N   ,,,+0.00,0,0,0,+3.0340000000,C,N,,,0,A,D,D,D,0,0,+0.00,+0.00,N,0,0,+0.0000000000,+0.0000000000,+0.00,0,0,0,0,0,+0.0000000000,,,,N,MX,1813783                            ;CASH,CG,20,A771923,AA,N,K,20080204,20080204,20080221,D ,USD,-80230.07,+80230.07,+3.0340000000,+0.0000000000,R;CASH,CG,20,A771923,AA,N,K,20080221,20080204,20080221,D ,USD,+80230.07,+80230.07,+3.0340000000,+0.0000000000,R;MEMO,I,TMB_005326752_1_1                  ;MEMO,I,2008-02-02;+;3.03201;010000        ;MEMO,I,000004901933;101                   ;TRLR,CG,20,A771923,AA,008