PriceReport001,2008-08-08T09:30:47,2008-08-08,'LU1234567890',NAVL,1100,EUR