======================================================================
======================================================================
======================================================================
======================================================================
======================================================================
INSERT: StateDBOImpl[BPEL ID: bpelse/bpeljbiadapter/build/test/classes/com/sun/jbi/engine/bpel/jbiadaptor/test/persistence/bpels/subBPRecovery/SubBPRecoverForEach/deployedFolder/MainBP.bpel][ENGINE ID: DYNAMIC_ENGINE_ID]
INSERT: LastCheckPointDBOImpl[ACTIVITY ID: 2000001][OLD ACTIVITY ID: -1][TIMER VALUE: null][HAS FAULTED: false][FAULT NAME: null][PICK COMPOSITE ACT ID: 0][BRANCH INVOKE COUNTER: 0]
INSERT: VariableDBOImpl[ID: 1000001]
======================================================================
======================================================================
======================================================================
======================================================================
INSERT: StateDBOImpl[BPEL ID: bpelse/bpeljbiadapter/build/test/classes/com/sun/jbi/engine/bpel/jbiadaptor/test/persistence/bpels/subBPRecovery/SubBPRecoverForEach/deployedFolder/SubBP.bpel][ENGINE ID: DYNAMIC_ENGINE_ID]
INSERT: LastCheckPointDBOImpl[ACTIVITY ID: 2000001][OLD ACTIVITY ID: -1][TIMER VALUE: null][HAS FAULTED: false][FAULT NAME: null][PICK COMPOSITE ACT ID: 0][BRANCH INVOKE COUNTER: 0]
INSERT: VariableDBOImpl[ID: 1000001]
INSERT: CRMPDBOImpl][PARTNERLINK: PartnerLink][OPERATION: InOutOper][REPLYVARIABLEID: 0]
======================================================================
INSERT: VariableDBOImpl[ID: 1000000]
UPDATE: LastCheckPointDBOImpl[ACTIVITY ID: 2000003][OLD ACTIVITY ID: 2000001][TIMER VALUE: null][HAS FAULTED: false][FAULT NAME: null][PICK COMPOSITE ACT ID: 0][BRANCH INVOKE COUNTER: 0]
UPDATE: CRMPDBOImpl][PARTNERLINK: PartnerLink][OPERATION: InOutOper][REPLYVARIABLEID: 1000000]
======================================================================
======================================================================
======================================================================
INSERT: VariableDBOImpl[ID: 1000002]
INSERT: VariableDBOImpl[ID: 1000003]
INSERT: ForEachDBOImpl[FOREACH ID: 2000002][INDEX: 0][SUCCESSES: 0]
UPDATE: LastCheckPointDBOImpl[ACTIVITY ID: 2000006][OLD ACTIVITY ID: 2000001][TIMER VALUE: null][HAS FAULTED: false][FAULT NAME: null][PICK COMPOSITE ACT ID: 0][BRANCH INVOKE COUNTER: 1]
======================================================================
======================================================================
======================================================================
DELETE: StateDBOImpl[BPEL ID: bpelse/bpeljbiadapter/build/test/classes/com/sun/jbi/engine/bpel/jbiadaptor/test/persistence/bpels/subBPRecovery/SubBPRecoverForEach/deployedFolder/SubBP.bpel][ENGINE ID: DYNAMIC_ENGINE_ID]
======================================================================
======================================================================
======================================================================
======================================================================
INSERT: StateDBOImpl[BPEL ID: bpelse/bpeljbiadapter/build/test/classes/com/sun/jbi/engine/bpel/jbiadaptor/test/persistence/bpels/subBPRecovery/SubBPRecoverForEach/deployedFolder/SubBP.bpel][ENGINE ID: DYNAMIC_ENGINE_ID]
INSERT: LastCheckPointDBOImpl[ACTIVITY ID: 2000001][OLD ACTIVITY ID: -1][TIMER VALUE: null][HAS FAULTED: false][FAULT NAME: null][PICK COMPOSITE ACT ID: 0][BRANCH INVOKE COUNTER: 0]
INSERT: VariableDBOImpl[ID: 1000001]
INSERT: CRMPDBOImpl][PARTNERLINK: PartnerLink][OPERATION: InOutOper][REPLYVARIABLEID: 0]
======================================================================
INSERT: VariableDBOImpl[ID: 1000000]
UPDATE: LastCheckPointDBOImpl[ACTIVITY ID: 2000003][OLD ACTIVITY ID: 2000001][TIMER VALUE: null][HAS FAULTED: false][FAULT NAME: null][PICK COMPOSITE ACT ID: 0][BRANCH INVOKE COUNTER: 0]
UPDATE: CRMPDBOImpl][PARTNERLINK: PartnerLink][OPERATION: InOutOper][REPLYVARIABLEID: 1000000]
======================================================================
======================================================================
======================================================================
INSERT: VariableDBOImpl[ID: 1000000]
UPDATE: LastCheckPointDBOImpl[ACTIVITY ID: 2000006][OLD ACTIVITY ID: 2000006][TIMER VALUE: null][HAS FAULTED: false][FAULT NAME: null][PICK COMPOSITE ACT ID: 0][BRANCH INVOKE COUNTER: 2]
UPDATE: VariableDBOImpl[ID: 1000002]
UPDATE: VariableDBOImpl[ID: 1000003]
UPDATE: ForEachDBOImpl[FOREACH ID: 2000002][INDEX: 1][SUCCESSES: 1]
======================================================================
======================================================================
======================================================================
DELETE: StateDBOImpl[BPEL ID: bpelse/bpeljbiadapter/build/test/classes/com/sun/jbi/engine/bpel/jbiadaptor/test/persistence/bpels/subBPRecovery/SubBPRecoverForEach/deployedFolder/SubBP.bpel][ENGINE ID: DYNAMIC_ENGINE_ID]
======================================================================
======================================================================
======================================================================
======================================================================
INSERT: StateDBOImpl[BPEL ID: bpelse/bpeljbiadapter/build/test/classes/com/sun/jbi/engine/bpel/jbiadaptor/test/persistence/bpels/subBPRecovery/SubBPRecoverForEach/deployedFolder/SubBP.bpel][ENGINE ID: DYNAMIC_ENGINE_ID]
INSERT: LastCheckPointDBOImpl[ACTIVITY ID: 2000001][OLD ACTIVITY ID: -1][TIMER VALUE: null][HAS FAULTED: false][FAULT NAME: null][PICK COMPOSITE ACT ID: 0][BRANCH INVOKE COUNTER: 0]
INSERT: VariableDBOImpl[ID: 1000001]
INSERT: CRMPDBOImpl][PARTNERLINK: PartnerLink][OPERATION: InOutOper][REPLYVARIABLEID: 0]
======================================================================
INSERT: VariableDBOImpl[ID: 1000000]
UPDATE: LastCheckPointDBOImpl[ACTIVITY ID: 2000003][OLD ACTIVITY ID: 2000001][TIMER VALUE: null][HAS FAULTED: false][FAULT NAME: null][PICK COMPOSITE ACT ID: 0][BRANCH INVOKE COUNTER: 0]
UPDATE: CRMPDBOImpl][PARTNERLINK: PartnerLink][OPERATION: InOutOper][REPLYVARIABLEID: 1000000]
======================================================================
======================================================================
======================================================================
UPDATE: LastCheckPointDBOImpl[ACTIVITY ID: 2000006][OLD ACTIVITY ID: 2000006][TIMER VALUE: null][HAS FAULTED: false][FAULT NAME: null][PICK COMPOSITE ACT ID: 0][BRANCH INVOKE COUNTER: 3]
UPDATE: VariableDBOImpl[ID: 1000000]
UPDATE: VariableDBOImpl[ID: 1000002]
UPDATE: VariableDBOImpl[ID: 1000003]
UPDATE: ForEachDBOImpl[FOREACH ID: 2000002][INDEX: 2][SUCCESSES: 2]
======================================================================
======================================================================
======================================================================
DELETE: StateDBOImpl[BPEL ID: bpelse/bpeljbiadapter/build/test/classes/com/sun/jbi/engine/bpel/jbiadaptor/test/persistence/bpels/subBPRecovery/SubBPRecoverForEach/deployedFolder/SubBP.bpel][ENGINE ID: DYNAMIC_ENGINE_ID]
======================================================================
======================================================================
======================================================================
======================================================================
INSERT: StateDBOImpl[BPEL ID: bpelse/bpeljbiadapter/build/test/classes/com/sun/jbi/engine/bpel/jbiadaptor/test/persistence/bpels/subBPRecovery/SubBPRecoverForEach/deployedFolder/SubBP.bpel][ENGINE ID: DYNAMIC_ENGINE_ID]
INSERT: LastCheckPointDBOImpl[ACTIVITY ID: 2000001][OLD ACTIVITY ID: -1][TIMER VALUE: null][HAS FAULTED: false][FAULT NAME: null][PICK COMPOSITE ACT ID: 0][BRANCH INVOKE COUNTER: 0]
INSERT: VariableDBOImpl[ID: 1000001]
INSERT: CRMPDBOImpl][PARTNERLINK: PartnerLink][OPERATION: InOutOper][REPLYVARIABLEID: 0]
======================================================================
INSERT: VariableDBOImpl[ID: 1000000]
UPDATE: LastCheckPointDBOImpl[ACTIVITY ID: 2000003][OLD ACTIVITY ID: 2000001][TIMER VALUE: null][HAS FAULTED: false][FAULT NAME: null][PICK COMPOSITE ACT ID: 0][BRANCH INVOKE COUNTER: 0]
UPDATE: CRMPDBOImpl][PARTNERLINK: PartnerLink][OPERATION: InOutOper][REPLYVARIABLEID: 1000000]
======================================================================
======================================================================
======================================================================
UPDATE: LastCheckPointDBOImpl[ACTIVITY ID: 2000006][OLD ACTIVITY ID: 2000006][TIMER VALUE: null][HAS FAULTED: false][FAULT NAME: null][PICK COMPOSITE ACT ID: 0][BRANCH INVOKE COUNTER: 4]
UPDATE: VariableDBOImpl[ID: 1000000]
UPDATE: VariableDBOImpl[ID: 1000002]
UPDATE: VariableDBOImpl[ID: 1000003]
UPDATE: ForEachDBOImpl[FOREACH ID: 2000002][INDEX: 3][SUCCESSES: 3]
======================================================================
======================================================================
======================================================================
DELETE: StateDBOImpl[BPEL ID: bpelse/bpeljbiadapter/build/test/classes/com/sun/jbi/engine/bpel/jbiadaptor/test/persistence/bpels/subBPRecovery/SubBPRecoverForEach/deployedFolder/SubBP.bpel][ENGINE ID: DYNAMIC_ENGINE_ID]
======================================================================
======================================================================
======================================================================
======================================================================
INSERT: StateDBOImpl[BPEL ID: bpelse/bpeljbiadapter/build/test/classes/com/sun/jbi/engine/bpel/jbiadaptor/test/persistence/bpels/subBPRecovery/SubBPRecoverForEach/deployedFolder/SubBP.bpel][ENGINE ID: DYNAMIC_ENGINE_ID]
INSERT: LastCheckPointDBOImpl[ACTIVITY ID: 2000001][OLD ACTIVITY ID: -1][TIMER VALUE: null][HAS FAULTED: false][FAULT NAME: null][PICK COMPOSITE ACT ID: 0][BRANCH INVOKE COUNTER: 0]
INSERT: VariableDBOImpl[ID: 1000001]
INSERT: CRMPDBOImpl][PARTNERLINK: PartnerLink][OPERATION: InOutOper][REPLYVARIABLEID: 0]
======================================================================
INSERT: VariableDBOImpl[ID: 1000000]
UPDATE: LastCheckPointDBOImpl[ACTIVITY ID: 2000003][OLD ACTIVITY ID: 2000001][TIMER VALUE: null][HAS FAULTED: false][FAULT NAME: null][PICK COMPOSITE ACT ID: 0][BRANCH INVOKE COUNTER: 0]
UPDATE: CRMPDBOImpl][PARTNERLINK: PartnerLink][OPERATION: InOutOper][REPLYVARIABLEID: 1000000]
======================================================================
======================================================================
======================================================================
UPDATE: LastCheckPointDBOImpl[ACTIVITY ID: 2000006][OLD ACTIVITY ID: 2000006][TIMER VALUE: null][HAS FAULTED: false][FAULT NAME: null][PICK COMPOSITE ACT ID: 0][BRANCH INVOKE COUNTER: 5]
UPDATE: VariableDBOImpl[ID: 1000000]
UPDATE: VariableDBOImpl[ID: 1000002]
UPDATE: VariableDBOImpl[ID: 1000003]
UPDATE: ForEachDBOImpl[FOREACH ID: 2000002][INDEX: 4][SUCCESSES: 4]
======================================================================
======================================================================
======================================================================
DELETE: StateDBOImpl[BPEL ID: bpelse/bpeljbiadapter/build/test/classes/com/sun/jbi/engine/bpel/jbiadaptor/test/persistence/bpels/subBPRecovery/SubBPRecoverForEach/deployedFolder/SubBP.bpel][ENGINE ID: DYNAMIC_ENGINE_ID]
======================================================================
======================================================================
======================================================================
======================================================================
INSERT: StateDBOImpl[BPEL ID: bpelse/bpeljbiadapter/build/test/classes/com/sun/jbi/engine/bpel/jbiadaptor/test/persistence/bpels/subBPRecovery/SubBPRecoverForEach/deployedFolder/SubBP.bpel][ENGINE ID: DYNAMIC_ENGINE_ID]
INSERT: LastCheckPointDBOImpl[ACTIVITY ID: 2000001][OLD ACTIVITY ID: -1][TIMER VALUE: null][HAS FAULTED: false][FAULT NAME: null][PICK COMPOSITE ACT ID: 0][BRANCH INVOKE COUNTER: 0]
INSERT: VariableDBOImpl[ID: 1000001]
INSERT: CRMPDBOImpl][PARTNERLINK: PartnerLink][OPERATION: InOutOper][REPLYVARIABLEID: 0]
======================================================================
INSERT: VariableDBOImpl[ID: 1000000]
UPDATE: LastCheckPointDBOImpl[ACTIVITY ID: 2000003][OLD ACTIVITY ID: 2000001][TIMER VALUE: null][HAS FAULTED: false][FAULT NAME: null][PICK COMPOSITE ACT ID: 0][BRANCH INVOKE COUNTER: 0]
UPDATE: CRMPDBOImpl][PARTNERLINK: PartnerLink][OPERATION: InOutOper][REPLYVARIABLEID: 1000000]
======================================================================
======================================================================
======================================================================
UPDATE: LastCheckPointDBOImpl[ACTIVITY ID: 2000006][OLD ACTIVITY ID: 2000006][TIMER VALUE: null][HAS FAULTED: false][FAULT NAME: null][PICK COMPOSITE ACT ID: 0][BRANCH INVOKE COUNTER: 6]
UPDATE: VariableDBOImpl[ID: 1000000]
UPDATE: VariableDBOImpl[ID: 1000002]
UPDATE: VariableDBOImpl[ID: 1000003]
UPDATE: ForEachDBOImpl[FOREACH ID: 2000002][INDEX: 5][SUCCESSES: 5]
======================================================================
======================================================================
======================================================================
DELETE: StateDBOImpl[BPEL ID: bpelse/bpeljbiadapter/build/test/classes/com/sun/jbi/engine/bpel/jbiadaptor/test/persistence/bpels/subBPRecovery/SubBPRecoverForEach/deployedFolder/SubBP.bpel][ENGINE ID: DYNAMIC_ENGINE_ID]
======================================================================
======================================================================
======================================================================
======================================================================
INSERT: StateDBOImpl[BPEL ID: bpelse/bpeljbiadapter/build/test/classes/com/sun/jbi/engine/bpel/jbiadaptor/test/persistence/bpels/subBPRecovery/SubBPRecoverForEach/deployedFolder/SubBP.bpel][ENGINE ID: DYNAMIC_ENGINE_ID]
INSERT: LastCheckPointDBOImpl[ACTIVITY ID: 2000001][OLD ACTIVITY ID: -1][TIMER VALUE: null][HAS FAULTED: false][FAULT NAME: null][PICK COMPOSITE ACT ID: 0][BRANCH INVOKE COUNTER: 0]
INSERT: VariableDBOImpl[ID: 1000001]
INSERT: CRMPDBOImpl][PARTNERLINK: PartnerLink][OPERATION: InOutOper][REPLYVARIABLEID: 0]
======================================================================
INSERT: VariableDBOImpl[ID: 1000000]
UPDATE: LastCheckPointDBOImpl[ACTIVITY ID: 2000003][OLD ACTIVITY ID: 2000001][TIMER VALUE: null][HAS FAULTED: false][FAULT NAME: null][PICK COMPOSITE ACT ID: 0][BRANCH INVOKE COUNTER: 0]
UPDATE: CRMPDBOImpl][PARTNERLINK: PartnerLink][OPERATION: InOutOper][REPLYVARIABLEID: 1000000]
======================================================================
======================================================================
======================================================================
UPDATE: LastCheckPointDBOImpl[ACTIVITY ID: 2000006][OLD ACTIVITY ID: 2000006][TIMER VALUE: null][HAS FAULTED: false][FAULT NAME: null][PICK COMPOSITE ACT ID: 0][BRANCH INVOKE COUNTER: 7]
UPDATE: VariableDBOImpl[ID: 1000000]
UPDATE: VariableDBOImpl[ID: 1000002]
UPDATE: VariableDBOImpl[ID: 1000003]
UPDATE: ForEachDBOImpl[FOREACH ID: 2000002][INDEX: 6][SUCCESSES: 6]
======================================================================
======================================================================
======================================================================
DELETE: StateDBOImpl[BPEL ID: bpelse/bpeljbiadapter/build/test/classes/com/sun/jbi/engine/bpel/jbiadaptor/test/persistence/bpels/subBPRecovery/SubBPRecoverForEach/deployedFolder/SubBP.bpel][ENGINE ID: DYNAMIC_ENGINE_ID]
======================================================================
======================================================================
======================================================================
======================================================================
INSERT: StateDBOImpl[BPEL ID: bpelse/bpeljbiadapter/build/test/classes/com/sun/jbi/engine/bpel/jbiadaptor/test/persistence/bpels/subBPRecovery/SubBPRecoverForEach/deployedFolder/SubBP.bpel][ENGINE ID: DYNAMIC_ENGINE_ID]
INSERT: LastCheckPointDBOImpl[ACTIVITY ID: 2000001][OLD ACTIVITY ID: -1][TIMER VALUE: null][HAS FAULTED: false][FAULT NAME: null][PICK COMPOSITE ACT ID: 0][BRANCH INVOKE COUNTER: 0]
INSERT: VariableDBOImpl[ID: 1000001]
INSERT: CRMPDBOImpl][PARTNERLINK: PartnerLink][OPERATION: InOutOper][REPLYVARIABLEID: 0]
======================================================================
INSERT: VariableDBOImpl[ID: 1000000]
UPDATE: LastCheckPointDBOImpl[ACTIVITY ID: 2000003][OLD ACTIVITY ID: 2000001][TIMER VALUE: null][HAS FAULTED: false][FAULT NAME: null][PICK COMPOSITE ACT ID: 0][BRANCH INVOKE COUNTER: 0]
UPDATE: CRMPDBOImpl][PARTNERLINK: PartnerLink][OPERATION: InOutOper][REPLYVARIABLEID: 1000000]
======================================================================
======================================================================
======================================================================
UPDATE: LastCheckPointDBOImpl[ACTIVITY ID: 2000006][OLD ACTIVITY ID: 2000006][TIMER VALUE: null][HAS FAULTED: false][FAULT NAME: null][PICK COMPOSITE ACT ID: 0][BRANCH INVOKE COUNTER: 8]
UPDATE: VariableDBOImpl[ID: 1000000]
UPDATE: VariableDBOImpl[ID: 1000002]
UPDATE: VariableDBOImpl[ID: 1000003]
UPDATE: ForEachDBOImpl[FOREACH ID: 2000002][INDEX: 7][SUCCESSES: 7]
======================================================================
======================================================================
======================================================================
DELETE: StateDBOImpl[BPEL ID: bpelse/bpeljbiadapter/build/test/classes/com/sun/jbi/engine/bpel/jbiadaptor/test/persistence/bpels/subBPRecovery/SubBPRecoverForEach/deployedFolder/SubBP.bpel][ENGINE ID: DYNAMIC_ENGINE_ID]
======================================================================
======================================================================
======================================================================
======================================================================
INSERT: StateDBOImpl[BPEL ID: bpelse/bpeljbiadapter/build/test/classes/com/sun/jbi/engine/bpel/jbiadaptor/test/persistence/bpels/subBPRecovery/SubBPRecoverForEach/deployedFolder/SubBP.bpel][ENGINE ID: DYNAMIC_ENGINE_ID]
INSERT: LastCheckPointDBOImpl[ACTIVITY ID: 2000001][OLD ACTIVITY ID: -1][TIMER VALUE: null][HAS FAULTED: false][FAULT NAME: null][PICK COMPOSITE ACT ID: 0][BRANCH INVOKE COUNTER: 0]
INSERT: VariableDBOImpl[ID: 1000001]
INSERT: CRMPDBOImpl][PARTNERLINK: PartnerLink][OPERATION: InOutOper][REPLYVARIABLEID: 0]
======================================================================
INSERT: VariableDBOImpl[ID: 1000000]
UPDATE: LastCheckPointDBOImpl[ACTIVITY ID: 2000003][OLD ACTIVITY ID: 2000001][TIMER VALUE: null][HAS FAULTED: false][FAULT NAME: null][PICK COMPOSITE ACT ID: 0][BRANCH INVOKE COUNTER: 0]
UPDATE: CRMPDBOImpl][PARTNERLINK: PartnerLink][OPERATION: InOutOper][REPLYVARIABLEID: 1000000]
======================================================================
======================================================================
======================================================================
UPDATE: LastCheckPointDBOImpl[ACTIVITY ID: 2000006][OLD ACTIVITY ID: 2000006][TIMER VALUE: null][HAS FAULTED: false][FAULT NAME: null][PICK COMPOSITE ACT ID: 0][BRANCH INVOKE COUNTER: 9]
UPDATE: VariableDBOImpl[ID: 1000000]
UPDATE: VariableDBOImpl[ID: 1000002]
UPDATE: VariableDBOImpl[ID: 1000003]
UPDATE: ForEachDBOImpl[FOREACH ID: 2000002][INDEX: 8][SUCCESSES: 8]
======================================================================
======================================================================
======================================================================
DELETE: StateDBOImpl[BPEL ID: bpelse/bpeljbiadapter/build/test/classes/com/sun/jbi/engine/bpel/jbiadaptor/test/persistence/bpels/subBPRecovery/SubBPRecoverForEach/deployedFolder/SubBP.bpel][ENGINE ID: DYNAMIC_ENGINE_ID]
======================================================================
======================================================================
======================================================================
======================================================================
INSERT: StateDBOImpl[BPEL ID: bpelse/bpeljbiadapter/build/test/classes/com/sun/jbi/engine/bpel/jbiadaptor/test/persistence/bpels/subBPRecovery/SubBPRecoverForEach/deployedFolder/SubBP.bpel][ENGINE ID: DYNAMIC_ENGINE_ID]
INSERT: LastCheckPointDBOImpl[ACTIVITY ID: 2000001][OLD ACTIVITY ID: -1][TIMER VALUE: null][HAS FAULTED: false][FAULT NAME: null][PICK COMPOSITE ACT ID: 0][BRANCH INVOKE COUNTER: 0]
INSERT: VariableDBOImpl[ID: 1000001]
INSERT: CRMPDBOImpl][PARTNERLINK: PartnerLink][OPERATION: InOutOper][REPLYVARIABLEID: 0]
======================================================================
INSERT: VariableDBOImpl[ID: 1000000]
UPDATE: LastCheckPointDBOImpl[ACTIVITY ID: 2000003][OLD ACTIVITY ID: 2000001][TIMER VALUE: null][HAS FAULTED: false][FAULT NAME: null][PICK COMPOSITE ACT ID: 0][BRANCH INVOKE COUNTER: 0]
UPDATE: CRMPDBOImpl][PARTNERLINK: PartnerLink][OPERATION: InOutOper][REPLYVARIABLEID: 1000000]
======================================================================
======================================================================
======================================================================
UPDATE: LastCheckPointDBOImpl[ACTIVITY ID: 2000006][OLD ACTIVITY ID: 2000006][TIMER VALUE: null][HAS FAULTED: false][FAULT NAME: null][PICK COMPOSITE ACT ID: 0][BRANCH INVOKE COUNTER: 10]
UPDATE: VariableDBOImpl[ID: 1000000]
UPDATE: VariableDBOImpl[ID: 1000002]
UPDATE: VariableDBOImpl[ID: 1000003]
UPDATE: ForEachDBOImpl[FOREACH ID: 2000002][INDEX: 9][SUCCESSES: 9]
======================================================================
======================================================================
======================================================================
DELETE: StateDBOImpl[BPEL ID: bpelse/bpeljbiadapter/build/test/classes/com/sun/jbi/engine/bpel/jbiadaptor/test/persistence/bpels/subBPRecovery/SubBPRecoverForEach/deployedFolder/SubBP.bpel][ENGINE ID: DYNAMIC_ENGINE_ID]
======================================================================
======================================================================
======================================================================
UPDATE: LastCheckPointDBOImpl[ACTIVITY ID: 2000008][OLD ACTIVITY ID: 2000006][TIMER VALUE: null][HAS FAULTED: false][FAULT NAME: null][PICK COMPOSITE ACT ID: 0][BRANCH INVOKE COUNTER: 10]
UPDATE: VariableDBOImpl[ID: 1000000]
======================================================================
DELETE: StateDBOImpl[BPEL ID: bpelse/bpeljbiadapter/build/test/classes/com/sun/jbi/engine/bpel/jbiadaptor/test/persistence/bpels/subBPRecovery/SubBPRecoverForEach/deployedFolder/MainBP.bpel][ENGINE ID: DYNAMIC_ENGINE_ID]
======================================================================
