<msgns:StreamOutput0_MsgObj xmlns:msgns="TimeBasedAggregatorInput.TimeBasedAggregatorInput_iep">
<LastName_groupBy>Jones</LastName_groupBy>
<RegNum_min>10</RegNum_min>
<RegNum_max>10</RegNum_max>
<RegNum_avg>10</RegNum_avg>
<Income_min>1000.98</Income_min>
<Income_max>1000.99</Income_max>
<Income_avg>1000.985</Income_avg>
<SDate_min>1980-12-31-08:00</SDate_min>
<SDate_max>2015-05-14-07:00</SDate_max>
</msgns:StreamOutput0_MsgObj>
<msgns:StreamOutput0_MsgObj xmlns:msgns="TimeBasedAggregatorInput.TimeBasedAggregatorInput_iep">
<LastName_groupBy>Jones</LastName_groupBy>
<RegNum_min>10</RegNum_min>
<RegNum_max>10</RegNum_max>
<RegNum_avg>10</RegNum_avg>
<Income_min>1000.98</Income_min>
<Income_max>1000.99</Income_max>
<Income_avg>1000.985</Income_avg>
<SDate_min>1980-12-31-08:00</SDate_min>
<SDate_max>2015-05-14-07:00</SDate_max>
</msgns:StreamOutput0_MsgObj>
<msgns:StreamOutput0_MsgObj xmlns:msgns="TimeBasedAggregatorInput.TimeBasedAggregatorInput_iep">
<LastName_groupBy>Jones</LastName_groupBy>
<RegNum_min>10</RegNum_min>
<RegNum_max>10</RegNum_max>
<RegNum_avg>10</RegNum_avg>
<Income_min>1000.95</Income_min>
<Income_max>1000.95</Income_max>
<Income_avg>1000.95</Income_avg>
<SDate_min>2009-09-08-07:00</SDate_min>
<SDate_max>2009-09-08-07:00</SDate_max>
</msgns:StreamOutput0_MsgObj>
<msgns:StreamOutput0_MsgObj xmlns:msgns="TimeBasedAggregatorInput.TimeBasedAggregatorInput_iep">
<LastName_groupBy>Jones</LastName_groupBy>
<RegNum_min>10</RegNum_min>
<RegNum_max>10</RegNum_max>
<RegNum_avg>10</RegNum_avg>
<Income_min>1000.95</Income_min>
<Income_max>1000.95</Income_max>
<Income_avg>1000.95</Income_avg>
<SDate_min>2009-09-08-07:00</SDate_min>
<SDate_max>2009-09-08-07:00</SDate_max>
</msgns:StreamOutput0_MsgObj>
