CRASHPOINT : Not a valid crashpoint since no data has been persisted in the database at this point.
INSERT: StateDBOImpl[BPEL ID: {http://enterprise.netbeans.org/bpel/flowTreeService}flowTreeService][ENGINE ID: DYNAMIC_ENGINE_ID]
INSERT: LastCheckPointDBOImpl[ACTIVITY ID: 2000003][OLD ACTIVITY ID: -1][TIMER VALUE: null][PICK COMPOSITE ACT ID: 0][BRANCH INVOKE COUNTER: 0]
INSERT: VariableDBOImpl[ID: 1000000]
======================================================================
CRASHPOINT : 1
UPDATE: LastCheckPointDBOImpl[ACTIVITY ID: 2000004][OLD ACTIVITY ID: 2000003][TIMER VALUE: null][PICK COMPOSITE ACT ID: 0][BRANCH INVOKE COUNTER: 0]
======================================================================
CRASHPOINT : 2
INSERT: LastCheckPointDBOImpl[ACTIVITY ID: 2000007][OLD ACTIVITY ID: -1][TIMER VALUE: null][PICK COMPOSITE ACT ID: 0][BRANCH INVOKE COUNTER: 0]
UPDATE: VariableDBOImpl[ID: 1000000]
======================================================================
CRASHPOINT : 3
INSERT: LastCheckPointDBOImpl[ACTIVITY ID: 2000011][OLD ACTIVITY ID: -1][TIMER VALUE: SOME_VAL][PICK COMPOSITE ACT ID: 0][BRANCH INVOKE COUNTER: 0]
======================================================================
CRASHPOINT : 4
UPDATE: LastCheckPointDBOImpl[ACTIVITY ID: 2000012][OLD ACTIVITY ID: 2000011][TIMER VALUE: null][PICK COMPOSITE ACT ID: 0][BRANCH INVOKE COUNTER: 0]
======================================================================
CRASHPOINT : 5
INSERT: LastCheckPointDBOImpl[ACTIVITY ID: 2000015][OLD ACTIVITY ID: -1][TIMER VALUE: null][PICK COMPOSITE ACT ID: 0][BRANCH INVOKE COUNTER: 0]
INSERT: SimpleVariableDBOImpl[ID: 1000002][Value: Assign4]
======================================================================
CRASHPOINT : 6
INSERT: LastCheckPointDBOImpl[ACTIVITY ID: 2000016][OLD ACTIVITY ID: -1][TIMER VALUE: null][PICK COMPOSITE ACT ID: 0][BRANCH INVOKE COUNTER: 0]
======================================================================
CRASHPOINT : 7
INSERT: LastCheckPointDBOImpl[ACTIVITY ID: 2000017][OLD ACTIVITY ID: -1][TIMER VALUE: SOME_VAL][PICK COMPOSITE ACT ID: 0][BRANCH INVOKE COUNTER: 0]
======================================================================
CRASHPOINT : 8
INSERT: LastCheckPointDBOImpl[ACTIVITY ID: 2000018][OLD ACTIVITY ID: -1][TIMER VALUE: SOME_VAL][PICK COMPOSITE ACT ID: 0][BRANCH INVOKE COUNTER: 0]
======================================================================
CRASHPOINT : 9
INSERT: LastCheckPointDBOImpl[ACTIVITY ID: 2000020][OLD ACTIVITY ID: -1][TIMER VALUE: null][PICK COMPOSITE ACT ID: 0][BRANCH INVOKE COUNTER: 1]
INSERT: SimpleVariableDBOImpl[ID: 1000001][Value: Assign3]
INSERT: ScopeDBOImpl[Scope ID: -2][ScopeState: R][CompletionOrder: 0][FaultName: null][FaultActivity ID: 0][Compensate Id: 0]
UPDATE: VariableDBOImpl[ID: 1000000]
DELETE: LastCheckPointDBOImpl[ACTIVITY ID: 2000015][OLD ACTIVITY ID: -1][TIMER VALUE: null][PICK COMPOSITE ACT ID: 0][BRANCH INVOKE COUNTER: 1]
DELETE: LastCheckPointDBOImpl[ACTIVITY ID: 2000018][OLD ACTIVITY ID: -1][TIMER VALUE: null][PICK COMPOSITE ACT ID: 0][BRANCH INVOKE COUNTER: 1]
DELETE: LastCheckPointDBOImpl[ACTIVITY ID: 2000004][OLD ACTIVITY ID: -1][TIMER VALUE: null][PICK COMPOSITE ACT ID: 0][BRANCH INVOKE COUNTER: 1]
DELETE: LastCheckPointDBOImpl[ACTIVITY ID: 2000007][OLD ACTIVITY ID: -1][TIMER VALUE: null][PICK COMPOSITE ACT ID: 0][BRANCH INVOKE COUNTER: 1]
DELETE: LastCheckPointDBOImpl[ACTIVITY ID: 2000016][OLD ACTIVITY ID: -1][TIMER VALUE: null][PICK COMPOSITE ACT ID: 0][BRANCH INVOKE COUNTER: 1]
DELETE: LastCheckPointDBOImpl[ACTIVITY ID: 2000012][OLD ACTIVITY ID: -1][TIMER VALUE: null][PICK COMPOSITE ACT ID: 0][BRANCH INVOKE COUNTER: 1]
DELETE: LastCheckPointDBOImpl[ACTIVITY ID: 2000017][OLD ACTIVITY ID: -1][TIMER VALUE: null][PICK COMPOSITE ACT ID: 0][BRANCH INVOKE COUNTER: 1]
======================================================================
CRASHPOINT : 10
DELETE: StateDBOImpl[BPEL ID: {http://enterprise.netbeans.org/bpel/flowTreeService}flowTreeService][ENGINE ID: DYNAMIC_ENGINE_ID]
======================================================================
