CRASHPOINT : Not a valid crashpoint since no data has been persisted in the database at this point.
INSERT: StateDBOImpl[BPEL ID: {http://enterprise.netbeans.org/bpel/ForEachWhileNested}ForEachWhileNested][ENGINE ID: DYNAMIC_ENGINE_ID]
INSERT: LastCheckPointDBOImpl[ACTIVITY ID: 2000001][OLD ACTIVITY ID: -1][TIMER VALUE: null][PICK COMPOSITE ACT ID: 0][BRANCH INVOKE COUNTER: 0]
INSERT: VariableDBOImpl[ID: 1000000]
INSERT: ScopeDBOImpl[Scope ID: -2][ScopeState: R][CompletionOrder: 0][FaultName: null][FaultActivity ID: 0][Compensate Id: 0]
======================================================================
CRASHPOINT : 1
INSERT: VariableDBOImpl[ID: 1000002]
INSERT: VariableDBOImpl[ID: 1000001]
INSERT: SimpleVariableDBOImpl[ID: 1000003][Value: 0.00000]
UPDATE: LastCheckPointDBOImpl[ACTIVITY ID: 2000005][OLD ACTIVITY ID: 2000001][TIMER VALUE: null][PICK COMPOSITE ACT ID: 0][BRANCH INVOKE COUNTER: 1]
======================================================================
CRASHPOINT : 2
INSERT: SimpleVariableDBOImpl[ID: 1000004][Value: 0.00000]
INSERT: ForEachDBOImpl[FOREACH ID: 2000007][INDEX: 0][SUCCESSES: 0]
INSERT: ScopeDBOImpl[Scope ID: 2000008][ScopeState: R][CompletionOrder: 0][FaultName: null][FaultActivity ID: 0][Compensate Id: 0]
UPDATE: LastCheckPointDBOImpl[ACTIVITY ID: 2000011][OLD ACTIVITY ID: 2000005][TIMER VALUE: null][PICK COMPOSITE ACT ID: 0][BRANCH INVOKE COUNTER: 2]
UPDATE: VariableDBOImpl[ID: 1000001]
UPDATE: SimpleVariableDBOImpl[ID: 1000003][Value: 1.00000]
======================================================================
CRASHPOINT : 3
INSERT: SimpleVariableDBOImpl[ID: 1000004][Value: 1.00000]
INSERT: ScopeDBOImpl[Scope ID: 2000008][ScopeState: R][CompletionOrder: 0][FaultName: null][FaultActivity ID: 0][Compensate Id: 0]
UPDATE: LastCheckPointDBOImpl[ACTIVITY ID: 2000011][OLD ACTIVITY ID: 2000011][TIMER VALUE: null][PICK COMPOSITE ACT ID: 0][BRANCH INVOKE COUNTER: 3]
UPDATE: VariableDBOImpl[ID: 1000001]
UPDATE: ForEachDBOImpl[FOREACH ID: 2000007][INDEX: 1][SUCCESSES: 1]
UPDATE: ScopeDBOImpl[Scope ID: 2000008][ScopeState: C][CompletionOrder: 1][FaultName: null][FaultActivity ID: 0][Compensate Id: 0]
======================================================================
CRASHPOINT : 4
INSERT: SimpleVariableDBOImpl[ID: 1000004][Value: 2.00000]
INSERT: ScopeDBOImpl[Scope ID: 2000008][ScopeState: R][CompletionOrder: 0][FaultName: null][FaultActivity ID: 0][Compensate Id: 0]
UPDATE: LastCheckPointDBOImpl[ACTIVITY ID: 2000011][OLD ACTIVITY ID: 2000011][TIMER VALUE: null][PICK COMPOSITE ACT ID: 0][BRANCH INVOKE COUNTER: 4]
UPDATE: VariableDBOImpl[ID: 1000001]
UPDATE: ForEachDBOImpl[FOREACH ID: 2000007][INDEX: 2][SUCCESSES: 2]
UPDATE: ScopeDBOImpl[Scope ID: 2000008][ScopeState: C][CompletionOrder: 2][FaultName: null][FaultActivity ID: 0][Compensate Id: 0]
======================================================================
CRASHPOINT : 5
INSERT: SimpleVariableDBOImpl[ID: 1000004][Value: 3.00000]
INSERT: ScopeDBOImpl[Scope ID: 2000008][ScopeState: R][CompletionOrder: 0][FaultName: null][FaultActivity ID: 0][Compensate Id: 0]
UPDATE: LastCheckPointDBOImpl[ACTIVITY ID: 2000011][OLD ACTIVITY ID: 2000011][TIMER VALUE: null][PICK COMPOSITE ACT ID: 0][BRANCH INVOKE COUNTER: 5]
UPDATE: VariableDBOImpl[ID: 1000001]
UPDATE: ForEachDBOImpl[FOREACH ID: 2000007][INDEX: 3][SUCCESSES: 3]
UPDATE: ScopeDBOImpl[Scope ID: 2000008][ScopeState: C][CompletionOrder: 3][FaultName: null][FaultActivity ID: 0][Compensate Id: 0]
======================================================================
CRASHPOINT : 6
INSERT: SimpleVariableDBOImpl[ID: 1000004][Value: 4.00000]
INSERT: ScopeDBOImpl[Scope ID: 2000008][ScopeState: R][CompletionOrder: 0][FaultName: null][FaultActivity ID: 0][Compensate Id: 0]
UPDATE: LastCheckPointDBOImpl[ACTIVITY ID: 2000011][OLD ACTIVITY ID: 2000011][TIMER VALUE: null][PICK COMPOSITE ACT ID: 0][BRANCH INVOKE COUNTER: 6]
UPDATE: VariableDBOImpl[ID: 1000001]
UPDATE: ForEachDBOImpl[FOREACH ID: 2000007][INDEX: 4][SUCCESSES: 4]
UPDATE: ScopeDBOImpl[Scope ID: 2000008][ScopeState: C][CompletionOrder: 4][FaultName: null][FaultActivity ID: 0][Compensate Id: 0]
======================================================================
CRASHPOINT : 7
UPDATE: LastCheckPointDBOImpl[ACTIVITY ID: 2000005][OLD ACTIVITY ID: 2000011][TIMER VALUE: null][PICK COMPOSITE ACT ID: 0][BRANCH INVOKE COUNTER: 7]
UPDATE: ScopeDBOImpl[Scope ID: 2000008][ScopeState: C][CompletionOrder: 5][FaultName: null][FaultActivity ID: 0][Compensate Id: 0]
======================================================================
CRASHPOINT : 8
INSERT: SimpleVariableDBOImpl[ID: 1000004][Value: 0.00000]
INSERT: ScopeDBOImpl[Scope ID: 2000008][ScopeState: R][CompletionOrder: 0][FaultName: null][FaultActivity ID: 0][Compensate Id: 0]
UPDATE: LastCheckPointDBOImpl[ACTIVITY ID: 2000011][OLD ACTIVITY ID: 2000005][TIMER VALUE: null][PICK COMPOSITE ACT ID: 0][BRANCH INVOKE COUNTER: 8]
UPDATE: VariableDBOImpl[ID: 1000001]
UPDATE: SimpleVariableDBOImpl[ID: 1000003][Value: 2.00000]
UPDATE: ForEachDBOImpl[FOREACH ID: 2000007][INDEX: 0][SUCCESSES: 0]
======================================================================
CRASHPOINT : 9
INSERT: SimpleVariableDBOImpl[ID: 1000004][Value: 1.00000]
INSERT: ScopeDBOImpl[Scope ID: 2000008][ScopeState: R][CompletionOrder: 0][FaultName: null][FaultActivity ID: 0][Compensate Id: 0]
UPDATE: LastCheckPointDBOImpl[ACTIVITY ID: 2000011][OLD ACTIVITY ID: 2000011][TIMER VALUE: null][PICK COMPOSITE ACT ID: 0][BRANCH INVOKE COUNTER: 9]
UPDATE: VariableDBOImpl[ID: 1000001]
UPDATE: ForEachDBOImpl[FOREACH ID: 2000007][INDEX: 1][SUCCESSES: 1]
UPDATE: ScopeDBOImpl[Scope ID: 2000008][ScopeState: C][CompletionOrder: 6][FaultName: null][FaultActivity ID: 0][Compensate Id: 0]
======================================================================
CRASHPOINT : 10
INSERT: SimpleVariableDBOImpl[ID: 1000004][Value: 2.00000]
INSERT: ScopeDBOImpl[Scope ID: 2000008][ScopeState: R][CompletionOrder: 0][FaultName: null][FaultActivity ID: 0][Compensate Id: 0]
UPDATE: LastCheckPointDBOImpl[ACTIVITY ID: 2000011][OLD ACTIVITY ID: 2000011][TIMER VALUE: null][PICK COMPOSITE ACT ID: 0][BRANCH INVOKE COUNTER: 10]
UPDATE: VariableDBOImpl[ID: 1000001]
UPDATE: ForEachDBOImpl[FOREACH ID: 2000007][INDEX: 2][SUCCESSES: 2]
UPDATE: ScopeDBOImpl[Scope ID: 2000008][ScopeState: C][CompletionOrder: 7][FaultName: null][FaultActivity ID: 0][Compensate Id: 0]
======================================================================
CRASHPOINT : 11
INSERT: SimpleVariableDBOImpl[ID: 1000004][Value: 3.00000]
INSERT: ScopeDBOImpl[Scope ID: 2000008][ScopeState: R][CompletionOrder: 0][FaultName: null][FaultActivity ID: 0][Compensate Id: 0]
UPDATE: LastCheckPointDBOImpl[ACTIVITY ID: 2000011][OLD ACTIVITY ID: 2000011][TIMER VALUE: null][PICK COMPOSITE ACT ID: 0][BRANCH INVOKE COUNTER: 11]
UPDATE: VariableDBOImpl[ID: 1000001]
UPDATE: ForEachDBOImpl[FOREACH ID: 2000007][INDEX: 3][SUCCESSES: 3]
UPDATE: ScopeDBOImpl[Scope ID: 2000008][ScopeState: C][CompletionOrder: 8][FaultName: null][FaultActivity ID: 0][Compensate Id: 0]
======================================================================
CRASHPOINT : 12
INSERT: SimpleVariableDBOImpl[ID: 1000004][Value: 4.00000]
INSERT: ScopeDBOImpl[Scope ID: 2000008][ScopeState: R][CompletionOrder: 0][FaultName: null][FaultActivity ID: 0][Compensate Id: 0]
UPDATE: LastCheckPointDBOImpl[ACTIVITY ID: 2000011][OLD ACTIVITY ID: 2000011][TIMER VALUE: null][PICK COMPOSITE ACT ID: 0][BRANCH INVOKE COUNTER: 12]
UPDATE: VariableDBOImpl[ID: 1000001]
UPDATE: ForEachDBOImpl[FOREACH ID: 2000007][INDEX: 4][SUCCESSES: 4]
UPDATE: ScopeDBOImpl[Scope ID: 2000008][ScopeState: C][CompletionOrder: 9][FaultName: null][FaultActivity ID: 0][Compensate Id: 0]
======================================================================
CRASHPOINT : 13
UPDATE: LastCheckPointDBOImpl[ACTIVITY ID: 2000005][OLD ACTIVITY ID: 2000011][TIMER VALUE: null][PICK COMPOSITE ACT ID: 0][BRANCH INVOKE COUNTER: 13]
UPDATE: ScopeDBOImpl[Scope ID: 2000008][ScopeState: C][CompletionOrder: 10][FaultName: null][FaultActivity ID: 0][Compensate Id: 0]
======================================================================
CRASHPOINT : 14
INSERT: SimpleVariableDBOImpl[ID: 1000004][Value: 0.00000]
INSERT: ScopeDBOImpl[Scope ID: 2000008][ScopeState: R][CompletionOrder: 0][FaultName: null][FaultActivity ID: 0][Compensate Id: 0]
UPDATE: LastCheckPointDBOImpl[ACTIVITY ID: 2000011][OLD ACTIVITY ID: 2000005][TIMER VALUE: null][PICK COMPOSITE ACT ID: 0][BRANCH INVOKE COUNTER: 14]
UPDATE: VariableDBOImpl[ID: 1000001]
UPDATE: SimpleVariableDBOImpl[ID: 1000003][Value: 3.00000]
UPDATE: ForEachDBOImpl[FOREACH ID: 2000007][INDEX: 0][SUCCESSES: 0]
======================================================================
CRASHPOINT : 15
INSERT: SimpleVariableDBOImpl[ID: 1000004][Value: 1.00000]
INSERT: ScopeDBOImpl[Scope ID: 2000008][ScopeState: R][CompletionOrder: 0][FaultName: null][FaultActivity ID: 0][Compensate Id: 0]
UPDATE: LastCheckPointDBOImpl[ACTIVITY ID: 2000011][OLD ACTIVITY ID: 2000011][TIMER VALUE: null][PICK COMPOSITE ACT ID: 0][BRANCH INVOKE COUNTER: 15]
UPDATE: VariableDBOImpl[ID: 1000001]
UPDATE: ForEachDBOImpl[FOREACH ID: 2000007][INDEX: 1][SUCCESSES: 1]
UPDATE: ScopeDBOImpl[Scope ID: 2000008][ScopeState: C][CompletionOrder: 11][FaultName: null][FaultActivity ID: 0][Compensate Id: 0]
======================================================================
CRASHPOINT : 16
INSERT: SimpleVariableDBOImpl[ID: 1000004][Value: 2.00000]
INSERT: ScopeDBOImpl[Scope ID: 2000008][ScopeState: R][CompletionOrder: 0][FaultName: null][FaultActivity ID: 0][Compensate Id: 0]
UPDATE: LastCheckPointDBOImpl[ACTIVITY ID: 2000011][OLD ACTIVITY ID: 2000011][TIMER VALUE: null][PICK COMPOSITE ACT ID: 0][BRANCH INVOKE COUNTER: 16]
UPDATE: VariableDBOImpl[ID: 1000001]
UPDATE: ForEachDBOImpl[FOREACH ID: 2000007][INDEX: 2][SUCCESSES: 2]
UPDATE: ScopeDBOImpl[Scope ID: 2000008][ScopeState: C][CompletionOrder: 12][FaultName: null][FaultActivity ID: 0][Compensate Id: 0]
======================================================================
CRASHPOINT : 17
INSERT: SimpleVariableDBOImpl[ID: 1000004][Value: 3.00000]
INSERT: ScopeDBOImpl[Scope ID: 2000008][ScopeState: R][CompletionOrder: 0][FaultName: null][FaultActivity ID: 0][Compensate Id: 0]
UPDATE: LastCheckPointDBOImpl[ACTIVITY ID: 2000011][OLD ACTIVITY ID: 2000011][TIMER VALUE: null][PICK COMPOSITE ACT ID: 0][BRANCH INVOKE COUNTER: 17]
UPDATE: VariableDBOImpl[ID: 1000001]
UPDATE: ForEachDBOImpl[FOREACH ID: 2000007][INDEX: 3][SUCCESSES: 3]
UPDATE: ScopeDBOImpl[Scope ID: 2000008][ScopeState: C][CompletionOrder: 13][FaultName: null][FaultActivity ID: 0][Compensate Id: 0]
======================================================================
CRASHPOINT : 18
INSERT: SimpleVariableDBOImpl[ID: 1000004][Value: 4.00000]
INSERT: ScopeDBOImpl[Scope ID: 2000008][ScopeState: R][CompletionOrder: 0][FaultName: null][FaultActivity ID: 0][Compensate Id: 0]
UPDATE: LastCheckPointDBOImpl[ACTIVITY ID: 2000011][OLD ACTIVITY ID: 2000011][TIMER VALUE: null][PICK COMPOSITE ACT ID: 0][BRANCH INVOKE COUNTER: 18]
UPDATE: VariableDBOImpl[ID: 1000001]
UPDATE: ForEachDBOImpl[FOREACH ID: 2000007][INDEX: 4][SUCCESSES: 4]
UPDATE: ScopeDBOImpl[Scope ID: 2000008][ScopeState: C][CompletionOrder: 14][FaultName: null][FaultActivity ID: 0][Compensate Id: 0]
======================================================================
CRASHPOINT : 19
UPDATE: LastCheckPointDBOImpl[ACTIVITY ID: 2000012][OLD ACTIVITY ID: 2000011][TIMER VALUE: null][PICK COMPOSITE ACT ID: 0][BRANCH INVOKE COUNTER: 19]
UPDATE: ScopeDBOImpl[Scope ID: 2000008][ScopeState: C][CompletionOrder: 15][FaultName: null][FaultActivity ID: 0][Compensate Id: 0]
======================================================================
CRASHPOINT : 20
DELETE: StateDBOImpl[BPEL ID: {http://enterprise.netbeans.org/bpel/ForEachWhileNested}ForEachWhileNested][ENGINE ID: DYNAMIC_ENGINE_ID]
======================================================================
