======================================================================
======================================================================
======================================================================
======================================================================
======================================================================
INSERT: StateDBOImpl[BPEL ID: bpelse/bpeljbiadapter/build/test/classes/com/sun/jbi/engine/bpel/jbiadaptor/test/persistence/bpels/ForEachTest/successOnly/deployedFolder/ForEachSuccessOnly.bpel][ENGINE ID: DYNAMIC_ENGINE_ID]
INSERT: LastCheckPointDBOImpl[ACTIVITY ID: 2000001][OLD ACTIVITY ID: -1][TIMER VALUE: null][HAS FAULTED: false][FAULT NAME: null][PICK COMPOSITE ACT ID: 0][BRANCH INVOKE COUNTER: 0]
INSERT: VariableDBOImpl[ID: 1000000]
======================================================================
======================================================================
======================================================================
INSERT: VariableDBOImpl[ID: 1000002]
INSERT: ForEachDBOImpl[FOREACH ID: 2000002][INDEX: 0][SUCCESSES: 0]
UPDATE: LastCheckPointDBOImpl[ACTIVITY ID: 2000008][OLD ACTIVITY ID: 2000001][TIMER VALUE: null][HAS FAULTED: false][FAULT NAME: null][PICK COMPOSITE ACT ID: 0][BRANCH INVOKE COUNTER: 0]
======================================================================
INSERT: VariableDBOImpl[ID: 1000001]
INSERT: FaultHandlerDataDBOImpl[Scope ID: 2000003][fault Name: {http://docs.oasis-open.org/wsbpel/2.0/process/executable}myFault]
UPDATE: LastCheckPointDBOImpl[ACTIVITY ID: 2000010][OLD ACTIVITY ID: 2000008][TIMER VALUE: null][HAS FAULTED: false][FAULT NAME: null][PICK COMPOSITE ACT ID: 0][BRANCH INVOKE COUNTER: 0]
UPDATE: ForEachDBOImpl[FOREACH ID: 2000002][INDEX: 1][SUCCESSES: 1]
======================================================================
======================================================================
======================================================================
UPDATE: LastCheckPointDBOImpl[ACTIVITY ID: 2000008][OLD ACTIVITY ID: 2000010][TIMER VALUE: null][HAS FAULTED: false][FAULT NAME: null][PICK COMPOSITE ACT ID: 0][BRANCH INVOKE COUNTER: 0]
UPDATE: VariableDBOImpl[ID: 1000002]
UPDATE: VariableDBOImpl[ID: 1000001]
UPDATE: ForEachDBOImpl[FOREACH ID: 2000002][INDEX: 2][SUCCESSES: 1]
======================================================================
======================================================================
======================================================================
UPDATE: LastCheckPointDBOImpl[ACTIVITY ID: 2000011][OLD ACTIVITY ID: 2000008][TIMER VALUE: null][HAS FAULTED: false][FAULT NAME: null][PICK COMPOSITE ACT ID: 0][BRANCH INVOKE COUNTER: 0]
UPDATE: VariableDBOImpl[ID: 1000001]
======================================================================
DELETE: StateDBOImpl[BPEL ID: bpelse/bpeljbiadapter/build/test/classes/com/sun/jbi/engine/bpel/jbiadaptor/test/persistence/bpels/ForEachTest/successOnly/deployedFolder/ForEachSuccessOnly.bpel][ENGINE ID: DYNAMIC_ENGINE_ID]
======================================================================
