CRASHPOINT : Not a valid crashpoint since no data has been persisted in the database at this point.
INSERT: StateDBOImpl[BPEL ID: {http://enterprise.netbeans.org/bpel/ReceiveTerminationInScope}ReceiveTerminationInScope][ENGINE ID: DYNAMIC_ENGINE_ID]
INSERT: LastCheckPointDBOImpl[ACTIVITY ID: 2000001][OLD ACTIVITY ID: -1][TIMER VALUE: null][PICK COMPOSITE ACT ID: 0][BRANCH INVOKE COUNTER: 0]
INSERT: VariableDBOImpl[ID: 1000004]
INSERT: ScopeDBOImpl[Scope ID: -2][ScopeState: R][CompletionOrder: 0][FaultName: null][FaultActivity ID: 0][Compensate Id: 0]
======================================================================
CRASHPOINT : 1
INSERT: InstanceCorrDBOImpl[ID: 3000000][VALUE: {3000000}{{http://www.w3.org/2001/XMLSchema}string}{Id1}{{http://enterprise.netbeans.org/bpel/ReceiveTerminationInScope}ReceiveTerminationInScope}]
======================================================================
CRASHPOINT : 2
INSERT: SimpleVariableDBOImpl[ID: 1000000][Value: 1-InitialAssign]
INSERT: ScopeDBOImpl[Scope ID: 2000003][ScopeState: R][CompletionOrder: 0][FaultName: null][FaultActivity ID: 0][Compensate Id: 0]
UPDATE: LastCheckPointDBOImpl[ACTIVITY ID: 2000007][OLD ACTIVITY ID: 2000001][TIMER VALUE: null][PICK COMPOSITE ACT ID: 0][BRANCH INVOKE COUNTER: 0]
======================================================================
CRASHPOINT : 3
INSERT: LastCheckPointDBOImpl[ACTIVITY ID: 2000008][OLD ACTIVITY ID: -1][TIMER VALUE: null][PICK COMPOSITE ACT ID: 0][BRANCH INVOKE COUNTER: 0]
======================================================================
CRASHPOINT : 4
INSERT: LastCheckPointDBOImpl[ACTIVITY ID: 2000015][OLD ACTIVITY ID: -1][TIMER VALUE: null][PICK COMPOSITE ACT ID: 0][BRANCH INVOKE COUNTER: 1]
UPDATE: ScopeDBOImpl[Scope ID: 2000003][ScopeState: R][CompletionOrder: 0][FaultName: {http://j2ee.netbeans.org/wsdl/ReceiveTerminationInScope_PTypes}fault1][FaultActivity ID: 2000015][Compensate Id: 0]
======================================================================
CRASHPOINT : 5
INSERT: VariableDBOImpl[ID: 1000003]
INSERT: ScopeDBOImpl[Scope ID: 2000009][ScopeState: D][CompletionOrder: 0][FaultName: null][FaultActivity ID: 0][Compensate Id: 0]
UPDATE: LastCheckPointDBOImpl[ACTIVITY ID: 2000006][OLD ACTIVITY ID: 2000007][TIMER VALUE: null][PICK COMPOSITE ACT ID: 0][BRANCH INVOKE COUNTER: 1]
UPDATE: SimpleVariableDBOImpl[ID: 1000000][Value: 1-InitialAssign;2-AssignInTH]
UPDATE: ScopeDBOImpl[Scope ID: 2000003][ScopeState: EFH][CompletionOrder: 0][FaultName: {http://j2ee.netbeans.org/wsdl/ReceiveTerminationInScope_PTypes}fault1][FaultActivity ID: 2000015][Compensate Id: 0]
DELETE: LastCheckPointDBOImpl[ACTIVITY ID: 2000015][OLD ACTIVITY ID: -1][TIMER VALUE: null][PICK COMPOSITE ACT ID: 0][BRANCH INVOKE COUNTER: 1]
DELETE: LastCheckPointDBOImpl[ACTIVITY ID: 2000008][OLD ACTIVITY ID: -1][TIMER VALUE: null][PICK COMPOSITE ACT ID: 0][BRANCH INVOKE COUNTER: 1]
======================================================================
CRASHPOINT : 6
DELETE: StateDBOImpl[BPEL ID: {http://enterprise.netbeans.org/bpel/ReceiveTerminationInScope}ReceiveTerminationInScope][ENGINE ID: DYNAMIC_ENGINE_ID]
======================================================================
