<<<<<<<<<<<InstanceEvent:BP_START   {http://www.seebeyond.com/eInsight/secondTest}secondTest<<<<<<<<<<<
>>>>>>>>>>>>>>>>>>>>>>>>>>>>>>>
<<<<<<<<<<<ActivityEvent:ACTIVITY_START   sequence<<<<<<<<<<<
BPELName{http://www.seebeyond.com/eInsight/secondTest}secondTest
ActivityId:2000000
ActivityName:sequence
XPath:/bpws:process/bpws:sequence
>>>>>>>>>>>>>>>>>>>>>>>>>>>>>>>
<<<<<<<<<<<ActivityEvent:ACTIVITY_START   pick<<<<<<<<<<<
BPELName{http://www.seebeyond.com/eInsight/secondTest}secondTest
ActivityId:2000001
ActivityName:pick
XPath:/bpws:process/bpws:sequence/bpws:pick
>>>>>>>>>>>>>>>>>>>>>>>>>>>>>>>
<<<<<<<<<<<VariableEvent:VARIABLE_CHANGED   /bpws:process/bpws:sequence/bpws:pick<<<<<<<<<<<
BPELName{http://www.seebeyond.com/eInsight/secondTest}secondTest
ActivityId:2000001

VariableType:INPUT
---------------Variable:operation_JMSIn_Output---------------
ScopeId:-2
DataType:Message
Value:<?xml version="1.0" encoding="UTF-8"?><jbi:message xmlns:jbi="http://java.sun.com/xml/ns/jbi/wsdl-11-wrapper" xmlns:msgns="http://localhost/BPELProject/JMSIn/secondTest" type="msgns:message_JMSIn" version="1.0"><jbi:part>some Text </jbi:part><jbi:part>0</jbi:part></jbi:message>
VarId:1000002
VarName:operation_JMSIn_Output
FaultName:null
---------------------------------------------

XPath:/bpws:process/bpws:sequence/bpws:pick
>>>>>>>>>>>>>>>>>>>>>>>>>>>>>>>
<<<<<<<<<<<ActivityEvent:ACTIVITY_START   sequence<<<<<<<<<<<
BPELName{http://www.seebeyond.com/eInsight/secondTest}secondTest
ActivityId:2000003
ActivityName:sequence
XPath:/bpws:process/bpws:sequence/bpws:pick/bpws:onMessage/bpws:sequence
>>>>>>>>>>>>>>>>>>>>>>>>>>>>>>>
<<<<<<<<<<<ActivityEvent:ACTIVITY_START   assign<<<<<<<<<<<
BPELName{http://www.seebeyond.com/eInsight/secondTest}secondTest
ActivityId:2000004
ActivityName:assign
XPath:/bpws:process/bpws:sequence/bpws:pick/bpws:onMessage/bpws:sequence/bpws:assign
>>>>>>>>>>>>>>>>>>>>>>>>>>>>>>>
<<<<<<<<<<<VariableEvent:VARIABLE_CHANGED   /bpws:process/bpws:sequence/bpws:pick/bpws:onMessage/bpws:sequence/bpws:assign<<<<<<<<<<<
BPELName{http://www.seebeyond.com/eInsight/secondTest}secondTest
ActivityId:2000004

VariableType:NEW
---------------Variable:repeatUntilCtr---------------
ScopeId:-2
DataType:Number
Value:0
VarId:1000000
VarName:repeatUntilCtr
FaultName:null
---------------------------------------------

VariableType:NEW
---------------Variable:whileLoopCtr---------------
ScopeId:-2
DataType:Number
Value:0
VarId:1000001
VarName:whileLoopCtr
FaultName:null
---------------------------------------------

XPath:/bpws:process/bpws:sequence/bpws:pick/bpws:onMessage/bpws:sequence/bpws:assign
>>>>>>>>>>>>>>>>>>>>>>>>>>>>>>>
<<<<<<<<<<<ActivityEvent:ACTIVITY_COMPLETED   assign<<<<<<<<<<<
BPELName{http://www.seebeyond.com/eInsight/secondTest}secondTest
ActivityId:2000004
ActivityName:assign
XPath:/bpws:process/bpws:sequence/bpws:pick/bpws:onMessage/bpws:sequence/bpws:assign
>>>>>>>>>>>>>>>>>>>>>>>>>>>>>>>
<<<<<<<<<<<ActivityEvent:ACTIVITY_START   while<<<<<<<<<<<
BPELName{http://www.seebeyond.com/eInsight/secondTest}secondTest
ActivityId:2000005
ActivityName:while
XPath:/bpws:process/bpws:sequence/bpws:pick/bpws:onMessage/bpws:sequence/bpws:while
>>>>>>>>>>>>>>>>>>>>>>>>>>>>>>>
<<<<<<<<<<<ActivityEvent:ACTIVITY_START   if<<<<<<<<<<<
BPELName{http://www.seebeyond.com/eInsight/secondTest}secondTest
ActivityId:2000006
ActivityName:if
XPath:/bpws:process/bpws:sequence/bpws:pick/bpws:onMessage/bpws:sequence/bpws:while/bpws:if
>>>>>>>>>>>>>>>>>>>>>>>>>>>>>>>
<<<<<<<<<<<ActivityEvent:ACTIVITY_START   sequence<<<<<<<<<<<
BPELName{http://www.seebeyond.com/eInsight/secondTest}secondTest
ActivityId:2000007
ActivityName:sequence
XPath:/bpws:process/bpws:sequence/bpws:pick/bpws:onMessage/bpws:sequence/bpws:while/bpws:if/bpws:sequence
>>>>>>>>>>>>>>>>>>>>>>>>>>>>>>>
<<<<<<<<<<<ActivityEvent:ACTIVITY_START   assign<<<<<<<<<<<
BPELName{http://www.seebeyond.com/eInsight/secondTest}secondTest
ActivityId:2000008
ActivityName:assign
XPath:/bpws:process/bpws:sequence/bpws:pick/bpws:onMessage/bpws:sequence/bpws:while/bpws:if/bpws:sequence/bpws:assign
>>>>>>>>>>>>>>>>>>>>>>>>>>>>>>>
<<<<<<<<<<<VariableEvent:VARIABLE_CHANGED   /bpws:process/bpws:sequence/bpws:pick/bpws:onMessage/bpws:sequence/bpws:while/bpws:if/bpws:sequence/bpws:assign<<<<<<<<<<<
BPELName{http://www.seebeyond.com/eInsight/secondTest}secondTest
ActivityId:2000008

VariableType:NEW
---------------Variable:whileLoopCtr---------------
ScopeId:-2
DataType:Number
Value:1
VarId:1000001
VarName:whileLoopCtr
FaultName:null
---------------------------------------------

XPath:/bpws:process/bpws:sequence/bpws:pick/bpws:onMessage/bpws:sequence/bpws:while/bpws:if/bpws:sequence/bpws:assign
>>>>>>>>>>>>>>>>>>>>>>>>>>>>>>>
<<<<<<<<<<<ActivityEvent:ACTIVITY_COMPLETED   assign<<<<<<<<<<<
BPELName{http://www.seebeyond.com/eInsight/secondTest}secondTest
ActivityId:2000008
ActivityName:assign
XPath:/bpws:process/bpws:sequence/bpws:pick/bpws:onMessage/bpws:sequence/bpws:while/bpws:if/bpws:sequence/bpws:assign
>>>>>>>>>>>>>>>>>>>>>>>>>>>>>>>
<<<<<<<<<<<ActivityEvent:ACTIVITY_START   wait<<<<<<<<<<<
BPELName{http://www.seebeyond.com/eInsight/secondTest}secondTest
ActivityId:2000009
ActivityName:wait
XPath:/bpws:process/bpws:sequence/bpws:pick/bpws:onMessage/bpws:sequence/bpws:while/bpws:if/bpws:sequence/bpws:wait
>>>>>>>>>>>>>>>>>>>>>>>>>>>>>>>
<<<<<<<<<<<ActivityEvent:ACTIVITY_COMPLETED   wait<<<<<<<<<<<
BPELName{http://www.seebeyond.com/eInsight/secondTest}secondTest
ActivityId:2000009
ActivityName:wait
XPath:/bpws:process/bpws:sequence/bpws:pick/bpws:onMessage/bpws:sequence/bpws:while/bpws:if/bpws:sequence/bpws:wait
>>>>>>>>>>>>>>>>>>>>>>>>>>>>>>>
<<<<<<<<<<<ActivityEvent:ACTIVITY_COMPLETED   sequence<<<<<<<<<<<
BPELName{http://www.seebeyond.com/eInsight/secondTest}secondTest
ActivityId:2000007
ActivityName:sequence
XPath:/bpws:process/bpws:sequence/bpws:pick/bpws:onMessage/bpws:sequence/bpws:while/bpws:if/bpws:sequence
>>>>>>>>>>>>>>>>>>>>>>>>>>>>>>>
<<<<<<<<<<<ActivityEvent:ACTIVITY_COMPLETED   if<<<<<<<<<<<
BPELName{http://www.seebeyond.com/eInsight/secondTest}secondTest
ActivityId:2000006
ActivityName:if
XPath:/bpws:process/bpws:sequence/bpws:pick/bpws:onMessage/bpws:sequence/bpws:while/bpws:if
>>>>>>>>>>>>>>>>>>>>>>>>>>>>>>>
<<<<<<<<<<<ActivityEvent:ACTIVITY_START   if<<<<<<<<<<<
BPELName{http://www.seebeyond.com/eInsight/secondTest}secondTest
ActivityId:2000006
ActivityName:if
XPath:/bpws:process/bpws:sequence/bpws:pick/bpws:onMessage/bpws:sequence/bpws:while/bpws:if
>>>>>>>>>>>>>>>>>>>>>>>>>>>>>>>
<<<<<<<<<<<ActivityEvent:ACTIVITY_START   sequence<<<<<<<<<<<
BPELName{http://www.seebeyond.com/eInsight/secondTest}secondTest
ActivityId:2000010
ActivityName:sequence
XPath:/bpws:process/bpws:sequence/bpws:pick/bpws:onMessage/bpws:sequence/bpws:while/bpws:if/bpws:else/bpws:sequence
>>>>>>>>>>>>>>>>>>>>>>>>>>>>>>>
<<<<<<<<<<<ActivityEvent:ACTIVITY_START   assign<<<<<<<<<<<
BPELName{http://www.seebeyond.com/eInsight/secondTest}secondTest
ActivityId:2000011
ActivityName:assign
XPath:/bpws:process/bpws:sequence/bpws:pick/bpws:onMessage/bpws:sequence/bpws:while/bpws:if/bpws:else/bpws:sequence/bpws:assign
>>>>>>>>>>>>>>>>>>>>>>>>>>>>>>>
<<<<<<<<<<<VariableEvent:VARIABLE_CHANGED   /bpws:process/bpws:sequence/bpws:pick/bpws:onMessage/bpws:sequence/bpws:while/bpws:if/bpws:else/bpws:sequence/bpws:assign<<<<<<<<<<<
BPELName{http://www.seebeyond.com/eInsight/secondTest}secondTest
ActivityId:2000011

VariableType:NEW
---------------Variable:whileLoopCtr---------------
ScopeId:-2
DataType:Number
Value:2
VarId:1000001
VarName:whileLoopCtr
FaultName:null
---------------------------------------------

XPath:/bpws:process/bpws:sequence/bpws:pick/bpws:onMessage/bpws:sequence/bpws:while/bpws:if/bpws:else/bpws:sequence/bpws:assign
>>>>>>>>>>>>>>>>>>>>>>>>>>>>>>>
<<<<<<<<<<<ActivityEvent:ACTIVITY_COMPLETED   assign<<<<<<<<<<<
BPELName{http://www.seebeyond.com/eInsight/secondTest}secondTest
ActivityId:2000011
ActivityName:assign
XPath:/bpws:process/bpws:sequence/bpws:pick/bpws:onMessage/bpws:sequence/bpws:while/bpws:if/bpws:else/bpws:sequence/bpws:assign
>>>>>>>>>>>>>>>>>>>>>>>>>>>>>>>
<<<<<<<<<<<ActivityEvent:ACTIVITY_START   pick<<<<<<<<<<<
BPELName{http://www.seebeyond.com/eInsight/secondTest}secondTest
ActivityId:2000012
ActivityName:pick
XPath:/bpws:process/bpws:sequence/bpws:pick/bpws:onMessage/bpws:sequence/bpws:while/bpws:if/bpws:else/bpws:sequence/bpws:pick
>>>>>>>>>>>>>>>>>>>>>>>>>>>>>>>
<<<<<<<<<<<ActivityEvent:ACTIVITY_START   empty<<<<<<<<<<<
BPELName{http://www.seebeyond.com/eInsight/secondTest}secondTest
ActivityId:2000016
ActivityName:empty
XPath:/bpws:process/bpws:sequence/bpws:pick/bpws:onMessage/bpws:sequence/bpws:while/bpws:if/bpws:else/bpws:sequence/bpws:pick/bpws:onAlarm/bpws:empty
>>>>>>>>>>>>>>>>>>>>>>>>>>>>>>>
<<<<<<<<<<<ActivityEvent:ACTIVITY_COMPLETED   empty<<<<<<<<<<<
BPELName{http://www.seebeyond.com/eInsight/secondTest}secondTest
ActivityId:2000016
ActivityName:empty
XPath:/bpws:process/bpws:sequence/bpws:pick/bpws:onMessage/bpws:sequence/bpws:while/bpws:if/bpws:else/bpws:sequence/bpws:pick/bpws:onAlarm/bpws:empty
>>>>>>>>>>>>>>>>>>>>>>>>>>>>>>>
<<<<<<<<<<<ActivityEvent:ACTIVITY_COMPLETED   pick<<<<<<<<<<<
BPELName{http://www.seebeyond.com/eInsight/secondTest}secondTest
ActivityId:2000012
ActivityName:pick
XPath:/bpws:process/bpws:sequence/bpws:pick/bpws:onMessage/bpws:sequence/bpws:while/bpws:if/bpws:else/bpws:sequence/bpws:pick
>>>>>>>>>>>>>>>>>>>>>>>>>>>>>>>
<<<<<<<<<<<ActivityEvent:ACTIVITY_COMPLETED   sequence<<<<<<<<<<<
BPELName{http://www.seebeyond.com/eInsight/secondTest}secondTest
ActivityId:2000010
ActivityName:sequence
XPath:/bpws:process/bpws:sequence/bpws:pick/bpws:onMessage/bpws:sequence/bpws:while/bpws:if/bpws:else/bpws:sequence
>>>>>>>>>>>>>>>>>>>>>>>>>>>>>>>
<<<<<<<<<<<ActivityEvent:ACTIVITY_COMPLETED   if<<<<<<<<<<<
BPELName{http://www.seebeyond.com/eInsight/secondTest}secondTest
ActivityId:2000006
ActivityName:if
XPath:/bpws:process/bpws:sequence/bpws:pick/bpws:onMessage/bpws:sequence/bpws:while/bpws:if
>>>>>>>>>>>>>>>>>>>>>>>>>>>>>>>
<<<<<<<<<<<ActivityEvent:ACTIVITY_COMPLETED   while<<<<<<<<<<<
BPELName{http://www.seebeyond.com/eInsight/secondTest}secondTest
ActivityId:2000005
ActivityName:while
XPath:/bpws:process/bpws:sequence/bpws:pick/bpws:onMessage/bpws:sequence/bpws:while
>>>>>>>>>>>>>>>>>>>>>>>>>>>>>>>
<<<<<<<<<<<ActivityEvent:ACTIVITY_START   repeatUntil<<<<<<<<<<<
BPELName{http://www.seebeyond.com/eInsight/secondTest}secondTest
ActivityId:2000017
ActivityName:repeatUntil
XPath:/bpws:process/bpws:sequence/bpws:pick/bpws:onMessage/bpws:sequence/bpws:repeatUntil
>>>>>>>>>>>>>>>>>>>>>>>>>>>>>>>
<<<<<<<<<<<ActivityEvent:ACTIVITY_START   if<<<<<<<<<<<
BPELName{http://www.seebeyond.com/eInsight/secondTest}secondTest
ActivityId:2000018
ActivityName:if
XPath:/bpws:process/bpws:sequence/bpws:pick/bpws:onMessage/bpws:sequence/bpws:repeatUntil/bpws:if
>>>>>>>>>>>>>>>>>>>>>>>>>>>>>>>
<<<<<<<<<<<ActivityEvent:ACTIVITY_START   sequence<<<<<<<<<<<
BPELName{http://www.seebeyond.com/eInsight/secondTest}secondTest
ActivityId:2000019
ActivityName:sequence
XPath:/bpws:process/bpws:sequence/bpws:pick/bpws:onMessage/bpws:sequence/bpws:repeatUntil/bpws:if/bpws:sequence
>>>>>>>>>>>>>>>>>>>>>>>>>>>>>>>
<<<<<<<<<<<ActivityEvent:ACTIVITY_START   assign<<<<<<<<<<<
BPELName{http://www.seebeyond.com/eInsight/secondTest}secondTest
ActivityId:2000020
ActivityName:assign
XPath:/bpws:process/bpws:sequence/bpws:pick/bpws:onMessage/bpws:sequence/bpws:repeatUntil/bpws:if/bpws:sequence/bpws:assign
>>>>>>>>>>>>>>>>>>>>>>>>>>>>>>>
<<<<<<<<<<<VariableEvent:VARIABLE_CHANGED   /bpws:process/bpws:sequence/bpws:pick/bpws:onMessage/bpws:sequence/bpws:repeatUntil/bpws:if/bpws:sequence/bpws:assign<<<<<<<<<<<
BPELName{http://www.seebeyond.com/eInsight/secondTest}secondTest
ActivityId:2000020

VariableType:NEW
---------------Variable:repeatUntilCtr---------------
ScopeId:-2
DataType:Number
Value:1
VarId:1000000
VarName:repeatUntilCtr
FaultName:null
---------------------------------------------

XPath:/bpws:process/bpws:sequence/bpws:pick/bpws:onMessage/bpws:sequence/bpws:repeatUntil/bpws:if/bpws:sequence/bpws:assign
>>>>>>>>>>>>>>>>>>>>>>>>>>>>>>>
<<<<<<<<<<<ActivityEvent:ACTIVITY_COMPLETED   assign<<<<<<<<<<<
BPELName{http://www.seebeyond.com/eInsight/secondTest}secondTest
ActivityId:2000020
ActivityName:assign
XPath:/bpws:process/bpws:sequence/bpws:pick/bpws:onMessage/bpws:sequence/bpws:repeatUntil/bpws:if/bpws:sequence/bpws:assign
>>>>>>>>>>>>>>>>>>>>>>>>>>>>>>>
<<<<<<<<<<<ActivityEvent:ACTIVITY_START   wait<<<<<<<<<<<
BPELName{http://www.seebeyond.com/eInsight/secondTest}secondTest
ActivityId:2000021
ActivityName:wait
XPath:/bpws:process/bpws:sequence/bpws:pick/bpws:onMessage/bpws:sequence/bpws:repeatUntil/bpws:if/bpws:sequence/bpws:wait
>>>>>>>>>>>>>>>>>>>>>>>>>>>>>>>
<<<<<<<<<<<ActivityEvent:ACTIVITY_COMPLETED   wait<<<<<<<<<<<
BPELName{http://www.seebeyond.com/eInsight/secondTest}secondTest
ActivityId:2000021
ActivityName:wait
XPath:/bpws:process/bpws:sequence/bpws:pick/bpws:onMessage/bpws:sequence/bpws:repeatUntil/bpws:if/bpws:sequence/bpws:wait
>>>>>>>>>>>>>>>>>>>>>>>>>>>>>>>
<<<<<<<<<<<ActivityEvent:ACTIVITY_COMPLETED   sequence<<<<<<<<<<<
BPELName{http://www.seebeyond.com/eInsight/secondTest}secondTest
ActivityId:2000019
ActivityName:sequence
XPath:/bpws:process/bpws:sequence/bpws:pick/bpws:onMessage/bpws:sequence/bpws:repeatUntil/bpws:if/bpws:sequence
>>>>>>>>>>>>>>>>>>>>>>>>>>>>>>>
<<<<<<<<<<<ActivityEvent:ACTIVITY_COMPLETED   if<<<<<<<<<<<
BPELName{http://www.seebeyond.com/eInsight/secondTest}secondTest
ActivityId:2000018
ActivityName:if
XPath:/bpws:process/bpws:sequence/bpws:pick/bpws:onMessage/bpws:sequence/bpws:repeatUntil/bpws:if
>>>>>>>>>>>>>>>>>>>>>>>>>>>>>>>
<<<<<<<<<<<ActivityEvent:ACTIVITY_START   if<<<<<<<<<<<
BPELName{http://www.seebeyond.com/eInsight/secondTest}secondTest
ActivityId:2000018
ActivityName:if
XPath:/bpws:process/bpws:sequence/bpws:pick/bpws:onMessage/bpws:sequence/bpws:repeatUntil/bpws:if
>>>>>>>>>>>>>>>>>>>>>>>>>>>>>>>
<<<<<<<<<<<ActivityEvent:ACTIVITY_START   sequence<<<<<<<<<<<
BPELName{http://www.seebeyond.com/eInsight/secondTest}secondTest
ActivityId:2000022
ActivityName:sequence
XPath:/bpws:process/bpws:sequence/bpws:pick/bpws:onMessage/bpws:sequence/bpws:repeatUntil/bpws:if/bpws:else/bpws:sequence
>>>>>>>>>>>>>>>>>>>>>>>>>>>>>>>
<<<<<<<<<<<ActivityEvent:ACTIVITY_START   assign<<<<<<<<<<<
BPELName{http://www.seebeyond.com/eInsight/secondTest}secondTest
ActivityId:2000023
ActivityName:assign
XPath:/bpws:process/bpws:sequence/bpws:pick/bpws:onMessage/bpws:sequence/bpws:repeatUntil/bpws:if/bpws:else/bpws:sequence/bpws:assign
>>>>>>>>>>>>>>>>>>>>>>>>>>>>>>>
<<<<<<<<<<<VariableEvent:VARIABLE_CHANGED   /bpws:process/bpws:sequence/bpws:pick/bpws:onMessage/bpws:sequence/bpws:repeatUntil/bpws:if/bpws:else/bpws:sequence/bpws:assign<<<<<<<<<<<
BPELName{http://www.seebeyond.com/eInsight/secondTest}secondTest
ActivityId:2000023

VariableType:NEW
---------------Variable:repeatUntilCtr---------------
ScopeId:-2
DataType:Number
Value:2
VarId:1000000
VarName:repeatUntilCtr
FaultName:null
---------------------------------------------

XPath:/bpws:process/bpws:sequence/bpws:pick/bpws:onMessage/bpws:sequence/bpws:repeatUntil/bpws:if/bpws:else/bpws:sequence/bpws:assign
>>>>>>>>>>>>>>>>>>>>>>>>>>>>>>>
<<<<<<<<<<<ActivityEvent:ACTIVITY_COMPLETED   assign<<<<<<<<<<<
BPELName{http://www.seebeyond.com/eInsight/secondTest}secondTest
ActivityId:2000023
ActivityName:assign
XPath:/bpws:process/bpws:sequence/bpws:pick/bpws:onMessage/bpws:sequence/bpws:repeatUntil/bpws:if/bpws:else/bpws:sequence/bpws:assign
>>>>>>>>>>>>>>>>>>>>>>>>>>>>>>>
<<<<<<<<<<<ActivityEvent:ACTIVITY_START   pick<<<<<<<<<<<
BPELName{http://www.seebeyond.com/eInsight/secondTest}secondTest
ActivityId:2000024
ActivityName:pick
XPath:/bpws:process/bpws:sequence/bpws:pick/bpws:onMessage/bpws:sequence/bpws:repeatUntil/bpws:if/bpws:else/bpws:sequence/bpws:pick
>>>>>>>>>>>>>>>>>>>>>>>>>>>>>>>
<<<<<<<<<<<ActivityEvent:ACTIVITY_START   empty<<<<<<<<<<<
BPELName{http://www.seebeyond.com/eInsight/secondTest}secondTest
ActivityId:2000028
ActivityName:empty
XPath:/bpws:process/bpws:sequence/bpws:pick/bpws:onMessage/bpws:sequence/bpws:repeatUntil/bpws:if/bpws:else/bpws:sequence/bpws:pick/bpws:onAlarm/bpws:empty
>>>>>>>>>>>>>>>>>>>>>>>>>>>>>>>
<<<<<<<<<<<ActivityEvent:ACTIVITY_COMPLETED   empty<<<<<<<<<<<
BPELName{http://www.seebeyond.com/eInsight/secondTest}secondTest
ActivityId:2000028
ActivityName:empty
XPath:/bpws:process/bpws:sequence/bpws:pick/bpws:onMessage/bpws:sequence/bpws:repeatUntil/bpws:if/bpws:else/bpws:sequence/bpws:pick/bpws:onAlarm/bpws:empty
>>>>>>>>>>>>>>>>>>>>>>>>>>>>>>>
<<<<<<<<<<<ActivityEvent:ACTIVITY_COMPLETED   pick<<<<<<<<<<<
BPELName{http://www.seebeyond.com/eInsight/secondTest}secondTest
ActivityId:2000024
ActivityName:pick
XPath:/bpws:process/bpws:sequence/bpws:pick/bpws:onMessage/bpws:sequence/bpws:repeatUntil/bpws:if/bpws:else/bpws:sequence/bpws:pick
>>>>>>>>>>>>>>>>>>>>>>>>>>>>>>>
<<<<<<<<<<<ActivityEvent:ACTIVITY_COMPLETED   sequence<<<<<<<<<<<
BPELName{http://www.seebeyond.com/eInsight/secondTest}secondTest
ActivityId:2000022
ActivityName:sequence
XPath:/bpws:process/bpws:sequence/bpws:pick/bpws:onMessage/bpws:sequence/bpws:repeatUntil/bpws:if/bpws:else/bpws:sequence
>>>>>>>>>>>>>>>>>>>>>>>>>>>>>>>
<<<<<<<<<<<ActivityEvent:ACTIVITY_COMPLETED   if<<<<<<<<<<<
BPELName{http://www.seebeyond.com/eInsight/secondTest}secondTest
ActivityId:2000018
ActivityName:if
XPath:/bpws:process/bpws:sequence/bpws:pick/bpws:onMessage/bpws:sequence/bpws:repeatUntil/bpws:if
>>>>>>>>>>>>>>>>>>>>>>>>>>>>>>>
<<<<<<<<<<<ActivityEvent:ACTIVITY_COMPLETED   repeatUntil<<<<<<<<<<<
BPELName{http://www.seebeyond.com/eInsight/secondTest}secondTest
ActivityId:2000017
ActivityName:repeatUntil
XPath:/bpws:process/bpws:sequence/bpws:pick/bpws:onMessage/bpws:sequence/bpws:repeatUntil
>>>>>>>>>>>>>>>>>>>>>>>>>>>>>>>
<<<<<<<<<<<ActivityEvent:ACTIVITY_COMPLETED   sequence<<<<<<<<<<<
BPELName{http://www.seebeyond.com/eInsight/secondTest}secondTest
ActivityId:2000003
ActivityName:sequence
XPath:/bpws:process/bpws:sequence/bpws:pick/bpws:onMessage/bpws:sequence
>>>>>>>>>>>>>>>>>>>>>>>>>>>>>>>
<<<<<<<<<<<ActivityEvent:ACTIVITY_COMPLETED   pick<<<<<<<<<<<
BPELName{http://www.seebeyond.com/eInsight/secondTest}secondTest
ActivityId:2000001
ActivityName:pick
XPath:/bpws:process/bpws:sequence/bpws:pick
>>>>>>>>>>>>>>>>>>>>>>>>>>>>>>>
<<<<<<<<<<<ActivityEvent:ACTIVITY_START   assign<<<<<<<<<<<
BPELName{http://www.seebeyond.com/eInsight/secondTest}secondTest
ActivityId:2000029
ActivityName:assign
XPath:/bpws:process/bpws:sequence/bpws:assign
>>>>>>>>>>>>>>>>>>>>>>>>>>>>>>>
<<<<<<<<<<<VariableEvent:VARIABLE_CHANGED   /bpws:process/bpws:sequence/bpws:assign<<<<<<<<<<<
BPELName{http://www.seebeyond.com/eInsight/secondTest}secondTest
ActivityId:2000029

VariableType:NEW
---------------Variable:operation_JMSOut_Input---------------
ScopeId:-2
DataType:Message
Value:<?xml version="1.0" encoding="UTF-8"?><jbi:message xmlns:msgns="http://localhost/BPELProject/JMSOut/secondTest" type="msgns:message_JMSOut" version="1.0" xmlns:jbi="http://java.sun.com/xml/ns/jbi/wsdl-11-wrapper"><jbi:part xmlns:msgns="http://localhost/BPELProject/JMSIn/secondTest">some Text </jbi:part><jbi:part xmlns:msgns="http://localhost/BPELProject/JMSIn/secondTest">0</jbi:part></jbi:message>
VarId:1000003
VarName:operation_JMSOut_Input
FaultName:null
---------------------------------------------

XPath:/bpws:process/bpws:sequence/bpws:assign
>>>>>>>>>>>>>>>>>>>>>>>>>>>>>>>
<<<<<<<<<<<ActivityEvent:ACTIVITY_COMPLETED   assign<<<<<<<<<<<
BPELName{http://www.seebeyond.com/eInsight/secondTest}secondTest
ActivityId:2000029
ActivityName:assign
XPath:/bpws:process/bpws:sequence/bpws:assign
>>>>>>>>>>>>>>>>>>>>>>>>>>>>>>>
<<<<<<<<<<<ActivityEvent:ACTIVITY_START   invoke<<<<<<<<<<<
BPELName{http://www.seebeyond.com/eInsight/secondTest}secondTest
ActivityId:2000030
ActivityName:invoke
XPath:/bpws:process/bpws:sequence/bpws:invoke
>>>>>>>>>>>>>>>>>>>>>>>>>>>>>>>
<<<<<<<<<<<VariableEvent:VARIABLE_CHANGED   /bpws:process/bpws:sequence/bpws:invoke<<<<<<<<<<<
BPELName{http://www.seebeyond.com/eInsight/secondTest}secondTest
ActivityId:2000030

VariableType:INPUT
---------------Variable:operation_JMSOut_Input---------------
ScopeId:-2
DataType:Message
Value:<?xml version="1.0" encoding="UTF-8"?><jbi:message xmlns:msgns="http://localhost/BPELProject/JMSOut/secondTest" type="msgns:message_JMSOut" version="1.0" xmlns:jbi="http://java.sun.com/xml/ns/jbi/wsdl-11-wrapper"><jbi:part xmlns:msgns="http://localhost/BPELProject/JMSIn/secondTest">some Text </jbi:part><jbi:part xmlns:msgns="http://localhost/BPELProject/JMSIn/secondTest">0</jbi:part></jbi:message>
VarId:1000003
VarName:operation_JMSOut_Input
FaultName:null
---------------------------------------------

XPath:/bpws:process/bpws:sequence/bpws:invoke
>>>>>>>>>>>>>>>>>>>>>>>>>>>>>>>
<<<<<<<<<<<ActivityEvent:ACTIVITY_COMPLETED   invoke<<<<<<<<<<<
BPELName{http://www.seebeyond.com/eInsight/secondTest}secondTest
ActivityId:2000030
ActivityName:invoke
XPath:/bpws:process/bpws:sequence/bpws:invoke
>>>>>>>>>>>>>>>>>>>>>>>>>>>>>>>
<<<<<<<<<<<ActivityEvent:ACTIVITY_COMPLETED   sequence<<<<<<<<<<<
BPELName{http://www.seebeyond.com/eInsight/secondTest}secondTest
ActivityId:2000000
ActivityName:sequence
XPath:/bpws:process/bpws:sequence
>>>>>>>>>>>>>>>>>>>>>>>>>>>>>>>
<<<<<<<<<<<InstanceEvent:BP_COMPLETE   {http://www.seebeyond.com/eInsight/secondTest}secondTest<<<<<<<<<<<
>>>>>>>>>>>>>>>>>>>>>>>>>>>>>>>
