1234567891011GEORGE    AWASHINGTON     98CHEVRMONTECARLO04HONDAACCORD    78CHEVRCHEVETTE  03NISSAPATHFINDER0178