CRASHPOINT : Not a valid crashpoint since no data has been persisted in the database at this point.
INSERT: StateDBOImpl[BPEL ID: {http://enterprise.netbeans.org/bpel/myRoleToPartnerRole/newProcess}newProcess][ENGINE ID: DYNAMIC_ENGINE_ID]
INSERT: LastCheckPointDBOImpl[ACTIVITY ID: 2000001][OLD ACTIVITY ID: -1][TIMER VALUE: null][PICK COMPOSITE ACT ID: 0][BRANCH INVOKE COUNTER: 0]
INSERT: VariableDBOImpl[ID: 1000001]
INSERT: ScopeDBOImpl[Scope ID: -2][ScopeState: R][CompletionOrder: 0][FaultName: null][FaultActivity ID: 0][Compensate Id: 0]
======================================================================
CRASHPOINT : 1
INSERT: VariableDBOImpl[ID: 1000000]
INSERT: PartnerLinkDBOImpl[ID: 5000000]
UPDATE: LastCheckPointDBOImpl[ACTIVITY ID: 2000004][OLD ACTIVITY ID: 2000001][TIMER VALUE: SOME_VAL][PICK COMPOSITE ACT ID: 0][BRANCH INVOKE COUNTER: 0]
======================================================================
CRASHPOINT : 2
INSERT: VariableDBOImpl[ID: 1000002]
UPDATE: LastCheckPointDBOImpl[ACTIVITY ID: 2000007][OLD ACTIVITY ID: 2000004][TIMER VALUE: null][PICK COMPOSITE ACT ID: 0][BRANCH INVOKE COUNTER: 0]
UPDATE: VariableDBOImpl[ID: 1000000]
======================================================================
CRASHPOINT : 3
DELETE: StateDBOImpl[BPEL ID: {http://enterprise.netbeans.org/bpel/myRoleToPartnerRole/newProcess}newProcess][ENGINE ID: DYNAMIC_ENGINE_ID]
======================================================================
