CRASHPOINT : Not a valid crashpoint since no data has been persisted in the database at this point.
INSERT: StateDBOImpl[BPEL ID: {http://enterprise.netbeans.org/bpel/TerminationHandlerBpel/HandledFaultInTH_Process}HandledFaultInTH_Process][ENGINE ID: DYNAMIC_ENGINE_ID]
INSERT: LastCheckPointDBOImpl[ACTIVITY ID: 2000001][OLD ACTIVITY ID: -1][TIMER VALUE: null][PICK COMPOSITE ACT ID: 0][BRANCH INVOKE COUNTER: 0]
INSERT: VariableDBOImpl[ID: 1000001]
INSERT: ScopeDBOImpl[Scope ID: -2][ScopeState: R][CompletionOrder: 0][FaultName: null][FaultActivity ID: 0][Compensate Id: 0]
======================================================================
CRASHPOINT : 1
INSERT: SimpleVariableDBOImpl[ID: 1000000][Value: 1. Input is -  Test8]
INSERT: ScopeDBOImpl[Scope ID: 2000003][ScopeState: R][CompletionOrder: 0][FaultName: null][FaultActivity ID: 0][Compensate Id: 0]
UPDATE: LastCheckPointDBOImpl[ACTIVITY ID: 2000008][OLD ACTIVITY ID: 2000001][TIMER VALUE: null][PICK COMPOSITE ACT ID: 0][BRANCH INVOKE COUNTER: 0]
======================================================================
CRASHPOINT : 2
INSERT: LastCheckPointDBOImpl[ACTIVITY ID: 2000013][OLD ACTIVITY ID: -1][TIMER VALUE: SOME_VAL][PICK COMPOSITE ACT ID: 0][BRANCH INVOKE COUNTER: 0]
INSERT: ScopeDBOImpl[Scope ID: 2000011][ScopeState: C][CompletionOrder: 1][FaultName: null][FaultActivity ID: 0][Compensate Id: 0]
INSERT: ScopeDBOImpl[Scope ID: 2000009][ScopeState: R][CompletionOrder: 0][FaultName: null][FaultActivity ID: 0][Compensate Id: 0]
UPDATE: SimpleVariableDBOImpl[ID: 1000000][Value: 1. Input is -  Test8 \n 2. In Branch2 ]
======================================================================
CRASHPOINT : 3
INSERT: ScopeDBOImpl[Scope ID: 2000015][ScopeState: R][CompletionOrder: 0][FaultName: null][FaultActivity ID: 0][Compensate Id: 0]
UPDATE: LastCheckPointDBOImpl[ACTIVITY ID: 2000021][OLD ACTIVITY ID: 2000013][TIMER VALUE: null][PICK COMPOSITE ACT ID: 0][BRANCH INVOKE COUNTER: 1]
UPDATE: SimpleVariableDBOImpl[ID: 1000000][Value: 1. Input is -  Test8 \n 2. In Branch2  \n 4. In TH ]
UPDATE: ScopeDBOImpl[Scope ID: 2000009][ScopeState: ETH][CompletionOrder: 0][FaultName: null][FaultActivity ID: 0][Compensate Id: 0]
======================================================================
CRASHPOINT : 4
UPDATE: LastCheckPointDBOImpl[ACTIVITY ID: 2000022][OLD ACTIVITY ID: 2000021][TIMER VALUE: null][PICK COMPOSITE ACT ID: 0][BRANCH INVOKE COUNTER: 1]
======================================================================
CRASHPOINT : 5
INSERT: LastCheckPointDBOImpl[ACTIVITY ID: 2000029][OLD ACTIVITY ID: -1][TIMER VALUE: SOME_VAL][PICK COMPOSITE ACT ID: 0][BRANCH INVOKE COUNTER: 1]
INSERT: ScopeDBOImpl[Scope ID: 2000023][ScopeState: R][CompletionOrder: 0][FaultName: null][FaultActivity ID: 0][Compensate Id: 0]
UPDATE: SimpleVariableDBOImpl[ID: 1000000][Value: 1. Input is -  Test8 \n 2. In Branch2  \n 4. In TH  \n 5. In TH-FlowBranch1]
======================================================================
CRASHPOINT : 6
UPDATE: LastCheckPointDBOImpl[ACTIVITY ID: 2000025][OLD ACTIVITY ID: 2000029][TIMER VALUE: null][PICK COMPOSITE ACT ID: 0][BRANCH INVOKE COUNTER: 2]
UPDATE: ScopeDBOImpl[Scope ID: 2000023][ScopeState: ETH][CompletionOrder: 0][FaultName: null][FaultActivity ID: 0][Compensate Id: 0]
======================================================================
CRASHPOINT : 7
UPDATE: LastCheckPointDBOImpl[ACTIVITY ID: 2000018][OLD ACTIVITY ID: 2000022][TIMER VALUE: null][PICK COMPOSITE ACT ID: 0][BRANCH INVOKE COUNTER: 3]
UPDATE: SimpleVariableDBOImpl[ID: 1000000][Value: 1. Input is -  Test8 \n 2. In Branch2  \n 4. In TH  \n 5. In TH-FlowBranch1 \n 7. In TH within TH \n 8. In FH within TH ]
UPDATE: ScopeDBOImpl[Scope ID: 2000023][ScopeState: D][CompletionOrder: 0][FaultName: null][FaultActivity ID: 0][Compensate Id: 0]
UPDATE: ScopeDBOImpl[Scope ID: 2000015][ScopeState: EFH][CompletionOrder: 0][FaultName: {http://docs.oasis-open.org/wsbpel/2.0/process/executable}uninitializedVariable][FaultActivity ID: 0][Compensate Id: 0]
DELETE: LastCheckPointDBOImpl[ACTIVITY ID: 2000025][OLD ACTIVITY ID: -1][TIMER VALUE: null][PICK COMPOSITE ACT ID: 0][BRANCH INVOKE COUNTER: 0]
======================================================================
CRASHPOINT : 8
INSERT: VariableDBOImpl[ID: 1000002]
UPDATE: LastCheckPointDBOImpl[ACTIVITY ID: 2000006][OLD ACTIVITY ID: 2000008][TIMER VALUE: null][PICK COMPOSITE ACT ID: 0][BRANCH INVOKE COUNTER: 3]
UPDATE: SimpleVariableDBOImpl[ID: 1000000][Value: 1. Input is -  Test8 \n 2. In Branch2  \n 4. In TH  \n 5. In TH-FlowBranch1 \n 7. In TH within TH \n 8. In FH within TH  \n 9. Still in TH: After FH is done]
UPDATE: ScopeDBOImpl[Scope ID: 2000009][ScopeState: D][CompletionOrder: 0][FaultName: null][FaultActivity ID: 0][Compensate Id: 0]
UPDATE: ScopeDBOImpl[Scope ID: 2000015][ScopeState: D][CompletionOrder: 0][FaultName: {http://docs.oasis-open.org/wsbpel/2.0/process/executable}uninitializedVariable][FaultActivity ID: 0][Compensate Id: 0]
UPDATE: ScopeDBOImpl[Scope ID: 2000003][ScopeState: EFH][CompletionOrder: 0][FaultName: {http://docs.oasis-open.org/wsbpel/2.0/process/executable}someFault][FaultActivity ID: 0][Compensate Id: 0]
DELETE: LastCheckPointDBOImpl[ACTIVITY ID: 2000018][OLD ACTIVITY ID: -1][TIMER VALUE: null][PICK COMPOSITE ACT ID: 0][BRANCH INVOKE COUNTER: 3]
======================================================================
CRASHPOINT : 9
DELETE: StateDBOImpl[BPEL ID: {http://enterprise.netbeans.org/bpel/TerminationHandlerBpel/HandledFaultInTH_Process}HandledFaultInTH_Process][ENGINE ID: DYNAMIC_ENGINE_ID]
======================================================================
