CRASHPOINT : Not a valid crashpoint since no data has been persisted in the database at this point.
INSERT: StateDBOImpl[BPEL ID: {http://enterprise.netbeans.org/bpel/BpelModule2/variablesInEH}variablesInEH][ENGINE ID: DYNAMIC_ENGINE_ID]
INSERT: LastCheckPointDBOImpl[ACTIVITY ID: 2000001][OLD ACTIVITY ID: -1][TIMER VALUE: null][PICK COMPOSITE ACT ID: 0][BRANCH INVOKE COUNTER: 0]
INSERT: VariableDBOImpl[ID: 1000001]
INSERT: ScopeDBOImpl[Scope ID: -2][ScopeState: R][CompletionOrder: 0][FaultName: null][FaultActivity ID: 0][Compensate Id: 0]
======================================================================
CRASHPOINT : 1
INSERT: InstanceCorrDBOImpl[ID: 3000000][VALUE: {3000000}{{http://www.w3.org/2001/XMLSchema}string}{VariablesDefinedInEH}{{http://enterprise.netbeans.org/bpel/BpelModule2/variablesInEH}variablesInEH}]
======================================================================
CRASHPOINT : 2
INSERT: ScopeDBOImpl[Scope ID: 2000002][ScopeState: R][CompletionOrder: 0][FaultName: null][FaultActivity ID: 0][Compensate Id: 0]
UPDATE: LastCheckPointDBOImpl[ACTIVITY ID: 2000002][OLD ACTIVITY ID: 2000001][TIMER VALUE: null][PICK COMPOSITE ACT ID: 0][BRANCH INVOKE COUNTER: 0]
======================================================================
CRASHPOINT : 3
INSERT: EventHandlerDBOImpl[Event Model ID: 2000004][Update Flag: false][Scope ID: GUID]
INSERT: LastCheckPointDBOImpl[ACTIVITY ID: 2000004][OLD ACTIVITY ID: -1][TIMER VALUE: null][PICK COMPOSITE ACT ID: 0][BRANCH INVOKE COUNTER: 0]
INSERT: VariableDBOImpl[ID: 1000002]
INSERT: ScopeDBOImpl[Scope ID: 2000005][ScopeState: R][CompletionOrder: 0][FaultName: null][FaultActivity ID: 0][Compensate Id: 0]
UPDATE: LastCheckPointDBOImpl[ACTIVITY ID: 2000014][OLD ACTIVITY ID: 2000002][TIMER VALUE: null][PICK COMPOSITE ACT ID: 0][BRANCH INVOKE COUNTER: 1]
======================================================================
CRASHPOINT : 4
INSERT: VariableDBOImpl[ID: 1000003]
INSERT: SimpleVariableDBOImpl[ID: 1000004][Value:   string literal value  ]
INSERT: ScopeDBOImpl[Scope ID: 2000008][ScopeState: R][CompletionOrder: 0][FaultName: null][FaultActivity ID: 0][Compensate Id: 0]
UPDATE: LastCheckPointDBOImpl[ACTIVITY ID: 2000011][OLD ACTIVITY ID: 2000004][TIMER VALUE: null][PICK COMPOSITE ACT ID: 0][BRANCH INVOKE COUNTER: 1]
UPDATE: VariableDBOImpl[ID: 1000001]
UPDATE: EventHandlerDBOImpl[Event Model ID: 2000004][Update Flag: true][Scope ID: GUID]
======================================================================
CRASHPOINT : 5
INSERT: VariableDBOImpl[ID: 1000000]
UPDATE: LastCheckPointDBOImpl[ACTIVITY ID: 2000015][OLD ACTIVITY ID: 2000014][TIMER VALUE: null][PICK COMPOSITE ACT ID: 0][BRANCH INVOKE COUNTER: 1]
UPDATE: ScopeDBOImpl[Scope ID: 2000008][ScopeState: C][CompletionOrder: 1][FaultName: null][FaultActivity ID: 0][Compensate Id: 0]
UPDATE: ScopeDBOImpl[Scope ID: 2000002][ScopeState: C][CompletionOrder: 1][FaultName: null][FaultActivity ID: 0][Compensate Id: 0]
UPDATE: ScopeDBOImpl[Scope ID: 2000005][ScopeState: C][CompletionOrder: 1][FaultName: null][FaultActivity ID: 0][Compensate Id: 0]
======================================================================
CRASHPOINT : 6
DELETE: StateDBOImpl[BPEL ID: {http://enterprise.netbeans.org/bpel/BpelModule2/variablesInEH}variablesInEH][ENGINE ID: DYNAMIC_ENGINE_ID]
======================================================================
