======================================================================
======================================================================
======================================================================
======================================================================
======================================================================
INSERT: StateDBOImpl[BPEL ID: bpelse/bpeljbiadapter/build/test/classes/com/sun/jbi/engine/bpel/jbiadaptor/test/persistence/bpels/flowTree/deployedFolder/flowTreeService.bpel][ENGINE ID: DYNAMIC_ENGINE_ID]
INSERT: LastCheckPointDBOImpl[ACTIVITY ID: 2000003][OLD ACTIVITY ID: -1][TIMER VALUE: null][HAS FAULTED: false][FAULT NAME: null][PICK COMPOSITE ACT ID: 0][BRANCH INVOKE COUNTER: 0]
INSERT: VariableDBOImpl[ID: 1000000]
======================================================================
INSERT: LastCheckPointDBOImpl[ACTIVITY ID: 2000011][OLD ACTIVITY ID: -1][TIMER VALUE: SOME_VAL][HAS FAULTED: false][FAULT NAME: null][PICK COMPOSITE ACT ID: 0][BRANCH INVOKE COUNTER: 0]
DELETE: LastCheckPointDBOImpl[ACTIVITY ID: 2000003][OLD ACTIVITY ID: -1][TIMER VALUE: null][HAS FAULTED: false][FAULT NAME: null][PICK COMPOSITE ACT ID: 0][BRANCH INVOKE COUNTER: 0]
======================================================================
======================================================================
======================================================================
INSERT: LastCheckPointDBOImpl[ACTIVITY ID: 2000017][OLD ACTIVITY ID: -1][TIMER VALUE: SOME_VAL][HAS FAULTED: false][FAULT NAME: null][PICK COMPOSITE ACT ID: 0][BRANCH INVOKE COUNTER: 0]
INSERT: VariableDBOImpl[ID: 1000002]
DELETE: LastCheckPointDBOImpl[ACTIVITY ID: 2000011][OLD ACTIVITY ID: -1][TIMER VALUE: null][HAS FAULTED: false][FAULT NAME: null][PICK COMPOSITE ACT ID: 0][BRANCH INVOKE COUNTER: 0]
======================================================================
INSERT: LastCheckPointDBOImpl[ACTIVITY ID: 2000018][OLD ACTIVITY ID: -1][TIMER VALUE: SOME_VAL][HAS FAULTED: false][FAULT NAME: null][PICK COMPOSITE ACT ID: 0][BRANCH INVOKE COUNTER: 0]
======================================================================
======================================================================
======================================================================
======================================================================
======================================================================
INSERT: LastCheckPointDBOImpl[ACTIVITY ID: 2000020][OLD ACTIVITY ID: -1][TIMER VALUE: null][HAS FAULTED: false][FAULT NAME: null][PICK COMPOSITE ACT ID: 0][BRANCH INVOKE COUNTER: 0]
UPDATE: VariableDBOImpl[ID: 1000000]
DELETE: LastCheckPointDBOImpl[ACTIVITY ID: 2000018][OLD ACTIVITY ID: -1][TIMER VALUE: null][HAS FAULTED: false][FAULT NAME: null][PICK COMPOSITE ACT ID: 0][BRANCH INVOKE COUNTER: 0]
DELETE: LastCheckPointDBOImpl[ACTIVITY ID: 2000017][OLD ACTIVITY ID: -1][TIMER VALUE: null][HAS FAULTED: false][FAULT NAME: null][PICK COMPOSITE ACT ID: 0][BRANCH INVOKE COUNTER: 0]
======================================================================
DELETE: StateDBOImpl[BPEL ID: bpelse/bpeljbiadapter/build/test/classes/com/sun/jbi/engine/bpel/jbiadaptor/test/persistence/bpels/flowTree/deployedFolder/flowTreeService.bpel][ENGINE ID: DYNAMIC_ENGINE_ID]
======================================================================
