<msgns:StreamOutput1_MsgObj xmlns:msgns="RelationAggregatorInput.RelationAggregatorInput_iep">
<LastName>Chang</LastName>
<LastName_count>1</LastName_count>
</msgns:StreamOutput1_MsgObj>
