CRASHPOINT : Not a valid crashpoint since no data has been persisted in the database at this point.
INSERT: StateDBOImpl[BPEL ID: {http://enterprise.netbeans.org/bpel/onAlarmBPEL}onAlarmBPEL][ENGINE ID: DYNAMIC_ENGINE_ID]
INSERT: LastCheckPointDBOImpl[ACTIVITY ID: 2000001][OLD ACTIVITY ID: -1][TIMER VALUE: null][PICK COMPOSITE ACT ID: 0][BRANCH INVOKE COUNTER: 0]
INSERT: VariableDBOImpl[ID: 1000001]
INSERT: ScopeDBOImpl[Scope ID: -2][ScopeState: R][CompletionOrder: 0][FaultName: null][FaultActivity ID: 0][Compensate Id: 0]
======================================================================
CRASHPOINT : 1
INSERT: ScopeDBOImpl[Scope ID: 2000002][ScopeState: R][CompletionOrder: 0][FaultName: null][FaultActivity ID: 0][Compensate Id: 0]
UPDATE: LastCheckPointDBOImpl[ACTIVITY ID: 2000002][OLD ACTIVITY ID: 2000001][TIMER VALUE: null][PICK COMPOSITE ACT ID: 0][BRANCH INVOKE COUNTER: 0]
======================================================================
CRASHPOINT : 2
INSERT: EventHandlerDBOImpl[Event Model ID: 2000004][Update Flag: false][Scope ID: GUID][Timer Value: SOME_VAL][Repeat Every: 0]
INSERT: LastCheckPointDBOImpl[ACTIVITY ID: 2000004][OLD ACTIVITY ID: -1][TIMER VALUE: null][PICK COMPOSITE ACT ID: 0][BRANCH INVOKE COUNTER: 0]
======================================================================
CRASHPOINT : 3
INSERT: VariableDBOImpl[ID: 1000000]
INSERT: ScopeDBOImpl[Scope ID: 2000005][ScopeState: C][CompletionOrder: 1][FaultName: null][FaultActivity ID: 0][Compensate Id: 0]
UPDATE: LastCheckPointDBOImpl[ACTIVITY ID: 2000008][OLD ACTIVITY ID: 2000002][TIMER VALUE: null][PICK COMPOSITE ACT ID: 0][BRANCH INVOKE COUNTER: 1]
======================================================================
CRASHPOINT : 4
UPDATE: LastCheckPointDBOImpl[ACTIVITY ID: 2000009][OLD ACTIVITY ID: 2000008][TIMER VALUE: null][PICK COMPOSITE ACT ID: 0][BRANCH INVOKE COUNTER: 1]
UPDATE: ScopeDBOImpl[Scope ID: 2000002][ScopeState: C][CompletionOrder: 1][FaultName: null][FaultActivity ID: 0][Compensate Id: 0]
======================================================================
CRASHPOINT : 5
DELETE: StateDBOImpl[BPEL ID: {http://enterprise.netbeans.org/bpel/onAlarmBPEL}onAlarmBPEL][ENGINE ID: DYNAMIC_ENGINE_ID]
======================================================================
