CRASHPOINT : Not a valid crashpoint since no data has been persisted in the database at this point.
INSERT: StateDBOImpl[BPEL ID: {http://enterprise.netbeans.org/bpel/TerminationHandlerBpel/CompensateTerminationInScope}CompensateTerminationInScope][ENGINE ID: DYNAMIC_ENGINE_ID]
INSERT: LastCheckPointDBOImpl[ACTIVITY ID: 2000001][OLD ACTIVITY ID: -1][TIMER VALUE: null][PICK COMPOSITE ACT ID: 0][BRANCH INVOKE COUNTER: 0]
INSERT: VariableDBOImpl[ID: 1000001]
INSERT: ScopeDBOImpl[Scope ID: -2][ScopeState: R][CompletionOrder: 0][FaultName: null][FaultActivity ID: 0][Compensate Id: 0]
======================================================================
CRASHPOINT : 1
INSERT: SimpleVariableDBOImpl[ID: 1000000][Value: 1. Input is -  test]
INSERT: ScopeDBOImpl[Scope ID: 2000003][ScopeState: R][CompletionOrder: 0][FaultName: null][FaultActivity ID: 0][Compensate Id: 0]
UPDATE: LastCheckPointDBOImpl[ACTIVITY ID: 2000008][OLD ACTIVITY ID: 2000001][TIMER VALUE: null][PICK COMPOSITE ACT ID: 0][BRANCH INVOKE COUNTER: 0]
======================================================================
CRASHPOINT : 2
INSERT: VariableDBOImpl[ID: 1000002]
INSERT: ScopeDBOImpl[Scope ID: 2000010][ScopeState: D][CompletionOrder: 0][FaultName: {http://docs.oasis-open.org/wsbpel/2.0/process/executable}uninitializedVariable][FaultActivity ID: 0][Compensate Id: 0]
INSERT: ScopeDBOImpl[Scope ID: 2000016][ScopeState: D][CompletionOrder: 1][FaultName: null][FaultActivity ID: 0][Compensate Id: 2000013]
UPDATE: LastCheckPointDBOImpl[ACTIVITY ID: 2000006][OLD ACTIVITY ID: 2000008][TIMER VALUE: null][PICK COMPOSITE ACT ID: 0][BRANCH INVOKE COUNTER: 0]
UPDATE: SimpleVariableDBOImpl[ID: 1000000][Value: 1. Input is -  test \n 2. In Branch2. A fault is thrown after this assign.  \n 3. In FH: Before compensate  \n 4. In CH. Before LongWait  \n 6. In CH. After LongWait  \n 7. In FH: After compensate]
UPDATE: ScopeDBOImpl[Scope ID: 2000003][ScopeState: EFH][CompletionOrder: 0][FaultName: {http://docs.oasis-open.org/wsbpel/2.0/process/executable}someFault][FaultActivity ID: 0][Compensate Id: 0]
======================================================================
CRASHPOINT : 3
DELETE: StateDBOImpl[BPEL ID: {http://enterprise.netbeans.org/bpel/TerminationHandlerBpel/CompensateTerminationInScope}CompensateTerminationInScope][ENGINE ID: DYNAMIC_ENGINE_ID]
======================================================================
