<msgns:RelationOutput1_MsgObj xmlns:msgns="GapWindowInput.GapWindowInput_iep">
<LastName>Chang</LastName>
<MID>111</MID>
<SDesc>102</SDesc>
<SeqId>1</SeqId>
<Tag>+</Tag>
</msgns:RelationOutput1_MsgObj>
<msgns:RelationOutput1_MsgObj xmlns:msgns="GapWindowInput.GapWindowInput_iep">
<LastName>Chang</LastName>
<MID>111</MID>
<SDesc>102</SDesc>
<SeqId>1</SeqId>
<Tag>-</Tag>
</msgns:RelationOutput1_MsgObj>
<msgns:RelationOutput1_MsgObj xmlns:msgns="GapWindowInput.GapWindowInput_iep">
<LastName>Chang</LastName>
<MID>111</MID>
<SDesc>104</SDesc>
<SeqId>2</SeqId>
<Tag>+</Tag>
</msgns:RelationOutput1_MsgObj>
<msgns:RelationOutput1_MsgObj xmlns:msgns="GapWindowInput.GapWindowInput_iep">
<LastName>Chang</LastName>
<MID>111</MID>
<SDesc>104</SDesc>
<SeqId>2</SeqId>
<Tag>-</Tag>
</msgns:RelationOutput1_MsgObj>
