<msgns:StreamOutput0_MsgObj xmlns:msgns="PartitionedWindowInput.PartitionedWindowInput_iep">
<LastName>Day</LastName>
<Income_max>47500.99</Income_max>
<Income_min>47500.99</Income_min>
<RegionNum_max>300010203</RegionNum_max>
<RegionNum_min>300010203</RegionNum_min>
<SDate_max>1980-12-31-08:00</SDate_max>
<SDate_min>1980-12-31-08:00</SDate_min>
</msgns:StreamOutput0_MsgObj>
<msgns:StreamOutput0_MsgObj xmlns:msgns="PartitionedWindowInput.PartitionedWindowInput_iep">
<LastName>Kenobi</LastName>
<Income_max>62100.0</Income_max>
<Income_min>62100.0</Income_min>
<RegionNum_max>400010203</RegionNum_max>
<RegionNum_min>400010203</RegionNum_min>
<SDate_max>1999-01-05-08:00</SDate_max>
<SDate_min>1999-01-05-08:00</SDate_min>
</msgns:StreamOutput0_MsgObj>
<msgns:StreamOutput0_MsgObj xmlns:msgns="PartitionedWindowInput.PartitionedWindowInput_iep">
<LastName>Day</LastName>
<Income_max>47500.99</Income_max>
<Income_min>47500.99</Income_min>
<RegionNum_max>300010203</RegionNum_max>
<RegionNum_min>300010203</RegionNum_min>
<SDate_max>1980-12-31-08:00</SDate_max>
<SDate_min>1980-12-31-08:00</SDate_min>
</msgns:StreamOutput0_MsgObj>
<msgns:StreamOutput0_MsgObj xmlns:msgns="PartitionedWindowInput.PartitionedWindowInput_iep">
<LastName>Day</LastName>
<Income_max>87500.99</Income_max>
<Income_min>47500.99</Income_min>
<RegionNum_max>300010203</RegionNum_max>
<RegionNum_min>300010203</RegionNum_min>
<SDate_max>1980-12-31-08:00</SDate_max>
<SDate_min>1966-12-30-08:00</SDate_min>
</msgns:StreamOutput0_MsgObj>
<msgns:StreamOutput0_MsgObj xmlns:msgns="PartitionedWindowInput.PartitionedWindowInput_iep">
<LastName>Kenobi</LastName>
<Income_max>62100.0</Income_max>
<Income_min>62100.0</Income_min>
<RegionNum_max>400010203</RegionNum_max>
<RegionNum_min>400010203</RegionNum_min>
<SDate_max>1999-01-05-08:00</SDate_max>
<SDate_min>1999-01-05-08:00</SDate_min>
</msgns:StreamOutput0_MsgObj>
<msgns:StreamOutput0_MsgObj xmlns:msgns="PartitionedWindowInput.PartitionedWindowInput_iep">
<LastName>Day</LastName>
<Income_max>87500.99</Income_max>
<Income_min>53899.0</Income_min>
<RegionNum_max>1001020304</RegionNum_max>
<RegionNum_min>300010203</RegionNum_min>
<SDate_max>1976-02-28-08:00</SDate_max>
<SDate_min>1966-12-30-08:00</SDate_min>
</msgns:StreamOutput0_MsgObj>
<msgns:StreamOutput0_MsgObj xmlns:msgns="PartitionedWindowInput.PartitionedWindowInput_iep">
<LastName>Kenobi</LastName>
<Income_max>62100.0</Income_max>
<Income_min>62100.0</Income_min>
<RegionNum_max>400010203</RegionNum_max>
<RegionNum_min>400010203</RegionNum_min>
<SDate_max>1999-01-05-08:00</SDate_max>
<SDate_min>1999-01-05-08:00</SDate_min>
</msgns:StreamOutput0_MsgObj>
<msgns:StreamOutput0_MsgObj xmlns:msgns="PartitionedWindowInput.PartitionedWindowInput_iep">
<LastName>Chang</LastName>
<Income_max>35200.0</Income_max>
<Income_min>35200.0</Income_min>
<RegionNum_max>20010203</RegionNum_max>
<RegionNum_min>20010203</RegionNum_min>
<SDate_max>1948-02-28-08:00</SDate_max>
<SDate_min>1948-02-28-08:00</SDate_min>
</msgns:StreamOutput0_MsgObj>
<msgns:StreamOutput0_MsgObj xmlns:msgns="PartitionedWindowInput.PartitionedWindowInput_iep">
<LastName>Day</LastName>
<Income_max>87500.99</Income_max>
<Income_min>53899.0</Income_min>
<RegionNum_max>1001020304</RegionNum_max>
<RegionNum_min>300010203</RegionNum_min>
<SDate_max>1976-02-28-08:00</SDate_max>
<SDate_min>1966-12-30-08:00</SDate_min>
</msgns:StreamOutput0_MsgObj>
<msgns:StreamOutput0_MsgObj xmlns:msgns="PartitionedWindowInput.PartitionedWindowInput_iep">
<LastName>Kenobi</LastName>
<Income_max>62100.0</Income_max>
<Income_min>62100.0</Income_min>
<RegionNum_max>400010203</RegionNum_max>
<RegionNum_min>400010203</RegionNum_min>
<SDate_max>1999-01-05-08:00</SDate_max>
<SDate_min>1999-01-05-08:00</SDate_min>
</msgns:StreamOutput0_MsgObj>
<msgns:StreamOutput0_MsgObj xmlns:msgns="PartitionedWindowInput.PartitionedWindowInput_iep">
<LastName>Kenobi</LastName>
<Income_max>62100.0</Income_max>
<Income_min>57300.0</Income_min>
<RegionNum_max>400010203</RegionNum_max>
<RegionNum_min>400010203</RegionNum_min>
<SDate_max>2002-06-29-07:00</SDate_max>
<SDate_min>1999-01-05-08:00</SDate_min>
</msgns:StreamOutput0_MsgObj>
<msgns:StreamOutput0_MsgObj xmlns:msgns="PartitionedWindowInput.PartitionedWindowInput_iep">
<LastName>Chang</LastName>
<Income_max>35200.0</Income_max>
<Income_min>35200.0</Income_min>
<RegionNum_max>20010203</RegionNum_max>
<RegionNum_min>20010203</RegionNum_min>
<SDate_max>1948-02-28-08:00</SDate_max>
<SDate_min>1948-02-28-08:00</SDate_min>
</msgns:StreamOutput0_MsgObj>
<msgns:StreamOutput0_MsgObj xmlns:msgns="PartitionedWindowInput.PartitionedWindowInput_iep">
<LastName>Day</LastName>
<Income_max>87500.99</Income_max>
<Income_min>53899.0</Income_min>
<RegionNum_max>1001020304</RegionNum_max>
<RegionNum_min>300010203</RegionNum_min>
<SDate_max>1976-02-28-08:00</SDate_max>
<SDate_min>1966-12-30-08:00</SDate_min>
</msgns:StreamOutput0_MsgObj>
