======================================================================
======================================================================
======================================================================
======================================================================
======================================================================
INSERT: StateDBOImpl[BPEL ID: bpelse/bpeljbiadapter/build/test/classes/com/sun/jbi/engine/bpel/jbiadaptor/test/persistence/bpels/flowFirstActivityAndAnotherFlow/deployedFolder/flowFirstActivityAndAnotherFlow.bpel][ENGINE ID: DYNAMIC_ENGINE_ID]
INSERT: LastCheckPointDBOImpl[ACTIVITY ID: 2000002][OLD ACTIVITY ID: -1][TIMER VALUE: null][HAS FAULTED: false][FAULT NAME: null][PICK COMPOSITE ACT ID: 0][BRANCH INVOKE COUNTER: 0]
INSERT: VariableDBOImpl[ID: 1000000]
======================================================================
======================================================================
======================================================================
INSERT: LastCheckPointDBOImpl[ACTIVITY ID: 2000011][OLD ACTIVITY ID: -1][TIMER VALUE: SOME_VAL][HAS FAULTED: false][FAULT NAME: null][PICK COMPOSITE ACT ID: 0][BRANCH INVOKE COUNTER: 0]
INSERT: VariableDBOImpl[ID: 1000001]
UPDATE: VariableDBOImpl[ID: 1000000]
DELETE: LastCheckPointDBOImpl[ACTIVITY ID: 2000002][OLD ACTIVITY ID: -1][TIMER VALUE: null][HAS FAULTED: false][FAULT NAME: null][PICK COMPOSITE ACT ID: 0][BRANCH INVOKE COUNTER: 0]
======================================================================
INSERT: LastCheckPointDBOImpl[ACTIVITY ID: 2000010][OLD ACTIVITY ID: -1][TIMER VALUE: null][HAS FAULTED: false][FAULT NAME: null][PICK COMPOSITE ACT ID: 0][BRANCH INVOKE COUNTER: 0]
======================================================================
======================================================================
======================================================================
======================================================================
======================================================================
INSERT: LastCheckPointDBOImpl[ACTIVITY ID: 2000013][OLD ACTIVITY ID: -1][TIMER VALUE: null][HAS FAULTED: false][FAULT NAME: null][PICK COMPOSITE ACT ID: 0][BRANCH INVOKE COUNTER: 0]
UPDATE: VariableDBOImpl[ID: 1000000]
DELETE: LastCheckPointDBOImpl[ACTIVITY ID: 2000010][OLD ACTIVITY ID: -1][TIMER VALUE: null][HAS FAULTED: false][FAULT NAME: null][PICK COMPOSITE ACT ID: 0][BRANCH INVOKE COUNTER: 0]
DELETE: LastCheckPointDBOImpl[ACTIVITY ID: 2000011][OLD ACTIVITY ID: -1][TIMER VALUE: null][HAS FAULTED: false][FAULT NAME: null][PICK COMPOSITE ACT ID: 0][BRANCH INVOKE COUNTER: 0]
======================================================================
DELETE: StateDBOImpl[BPEL ID: bpelse/bpeljbiadapter/build/test/classes/com/sun/jbi/engine/bpel/jbiadaptor/test/persistence/bpels/flowFirstActivityAndAnotherFlow/deployedFolder/flowFirstActivityAndAnotherFlow.bpel][ENGINE ID: DYNAMIC_ENGINE_ID]
======================================================================
